<html>
<body>
<pre>
<h1>µVision Build Log</h1>
<h2>Tool Versions:</h2>
IDE-Version: ¦ÌVision V5.33.0.0
Copyright (C) 2020 ARM Ltd and ARM Germany GmbH. All rights reserved.
License Information: sophiq sophiq, ZZX, LIC=Z3C6R-KDPF8-GQK0H-WDFX4-99MMX-35GU7
 
Tool Versions:
Toolchain:       MDK-ARM Professional  Version: 5.33.0.0
Toolchain Path:  E:\Keil_v5\ARM\ARMCC\Bin
C Compiler:      Armcc.exe V5.06 update 7 (build 960)
Assembler:       Armasm.exe V5.06 update 7 (build 960)
Linker/Locator:  ArmLink.exe V5.06 update 7 (build 960)
Library Manager: ArmAr.exe V5.06 update 7 (build 960)
Hex Converter:   FromElf.exe V5.06 update 7 (build 960)
CPU DLL:         SARMCM3.DLL V5.33.0.0
Dialog DLL:      DARMCM1.DLL V1.19.4.0
Target DLL:      Segger\JL2CM3.dll V2.99.38.0
Dialog DLL:      TARMCM1.DLL V1.14.3.0
 
<h2>Project:</h2>
C:\Users\PC\Desktop\JW-589\JW-589_V1.0\MDK-ARM\JW-589_V1.0.uvprojx
Project File Date:  01/12/2024

<h2>Output:</h2>
*** Using Compiler 'V5.06 update 7 (build 960)', folder: 'E:\Keil_v5\ARM\ARMCC\Bin'
Rebuild target 'lnDash'
assembling startup_fm33lg0xx.s...
compiling mf_config.c...
compiling user_init.c...
compiling main.c...
compiling adc.c...
compiling atim.c...
compiling bsp_key.c...
..\Src\bsp_key.c(35): warning:  #550-D: variable "s_tBtn"  was set but never used
  static KEY_T s_tBtn[KEY_COUNT] = {0};
..\Src\bsp_key.c: 1 warning, 0 errors
compiling gptim.c...
..\Src\gptim.c(78): warning:  #1-D: last line of file ends without a newline
  */
..\Src\gptim.c: 1 warning, 0 errors
compiling idwt.c...
compiling lptim32.c...
compiling bstim16.c...
compiling lcd.c...
compiling can.c...
..\Src\can.c(208): warning:  #177-D: variable "pre_mcubeat"  was declared but never referenced
    static uint8_t pre_mcubeat = 0;
..\Src\can.c(209): warning:  #177-D: variable "pre_bmsbeat"  was declared but never referenced
    static uint8_t pre_bmsbeat = 0;
..\Src\can.c: 2 warnings, 0 errors
compiling idle.c...
compiling system_fm33lg0xx.c...
compiling event.c...
compiling SystemRunning.c...
..\Src\SystemRunning.c(293): warning:  #550-D: variable "pre_odo_number_km"  was set but never used
  	static float pre_odo_number_km = 0;
..\Src\SystemRunning.c: 1 warning, 0 errors
compiling fm33lg0xx_fl.c...
compiling fm33lg0xx_fl_aes.c...
compiling fm33lg0xx_fl_adc.c...
compiling EEPROM.c...
compiling Display.c...
compiling LCD00_Y094889VTTFGS.c...
compiling fm33lg0xx_fl_can.c...
compiling fm33lg0xx_fl_bstim16.c...
compiling fm33lg0xx_fl_bstim32.c...
compiling fm33lg0xx_fl_atim.c...
compiling fm33lg0xx_fl_cmu.c...
compiling fm33lg0xx_fl_comp.c...
compiling fm33lg0xx_fl_crc.c...
compiling fm33lg0xx_fl_dac.c...
compiling fm33lg0xx_fl_divas.c...
compiling fm33lg0xx_fl_dma.c...
compiling fm33lg0xx_fl_gptim.c...
compiling fm33lg0xx_fl_flash.c...
compiling fm33lg0xx_fl_iwdt.c...
compiling fm33lg0xx_fl_gpio.c...
compiling fm33lg0xx_fl_i2c.c...
compiling fm33lg0xx_fl_lptim32.c...
compiling fm33lg0xx_fl_lcd.c...
compiling fm33lg0xx_fl_lptim16.c...
compiling fm33lg0xx_fl_lpuart.c...
compiling fm33lg0xx_fl_opa.c...
compiling fm33lg0xx_fl_pgl.c...
compiling fm33lg0xx_fl_pmu.c...
compiling fm33lg0xx_fl_rng.c...
compiling fm33lg0xx_fl_rtcb.c...
compiling fm33lg0xx_fl_rtca.c...
compiling fm33lg0xx_fl_spi.c...
compiling fm33lg0xx_fl_svd.c...
compiling fm33lg0xx_fl_vao.c...
compiling fm33lg0xx_fl_uart.c...
compiling fm33lg0xx_fl_u7816.c...
compiling fm33lg0xx_fl_wwdt.c...
linking...
Program Size: Code=36004 RO-data=472 RW-data=548 ZI-data=5068  
FromELF: creating hex file...
".\Objects\JW589_V10.axf" - 0 Error(s), 5 Warning(s).

<h2>Software Packages used:</h2>

Package Vendor: FMSH
                
                FMSH.FM33LG0XX_DFP.3.0.0
                FMSH ARM Cortex-M0 Device Family Pack

<h2>Collection of Component include folders:</h2>

<h2>Collection of Component Files used:</h2>
Build Time Elapsed:  00:00:03
</pre>
</body>
</html>
