Component: ARM Compiler 5.06 update 7 (build 960) Tool: armlink [4d3601]

==============================================================================

Section Cross References

    startup_fm33lg0xx.o(STACK) refers (Special) to heapauxi.o(.text) for __use_two_region_memory
    startup_fm33lg0xx.o(HEAP) refers (Special) to heapauxi.o(.text) for __use_two_region_memory
    startup_fm33lg0xx.o(RESET) refers (Special) to heapauxi.o(.text) for __use_two_region_memory
    startup_fm33lg0xx.o(RESET) refers to startup_fm33lg0xx.o(STACK) for __initial_sp
    startup_fm33lg0xx.o(RESET) refers to startup_fm33lg0xx.o(.text) for Reset_Handler
    startup_fm33lg0xx.o(RESET) refers to adc.o(i.ADC_IRQHandler) for ADC_IRQHandler
    startup_fm33lg0xx.o(.text) refers (Special) to heapauxi.o(.text) for __use_two_region_memory
    startup_fm33lg0xx.o(.text) refers to system_fm33lg0xx.o(i.SystemInit) for SystemInit
    startup_fm33lg0xx.o(.text) refers to __main.o(!!!main) for __main
    startup_fm33lg0xx.o(.text) refers to startup_fm33lg0xx.o(HEAP) for Heap_Mem
    startup_fm33lg0xx.o(.text) refers to startup_fm33lg0xx.o(STACK) for Stack_Mem
    mf_config.o(i.MF_SystemClock_Config) refers to mf_config.o(i.FL_FLASH_SetReadWait) for FL_FLASH_SetReadWait
    mf_config.o(i.MF_SystemClock_Config) refers to fm33lg0xx_fl_cmu.o(i.FL_CMU_GetSystemClockFreq) for FL_CMU_GetSystemClockFreq
    mf_config.o(i.MF_SystemClock_Config) refers to system_fm33lg0xx.o(.data) for SystemCoreClock
    main.o(i.main) refers to _printf_percent.o(.ARM.Collect$$_printf_percent$$00000000) for _printf_percent
    main.o(i.main) refers to _printf_d.o(.ARM.Collect$$_printf_percent$$00000009) for _printf_d
    main.o(i.main) refers to _printf_dec.o(.text) for _printf_int_dec
    main.o(i.main) refers to mf_config.o(i.MF_SystemClock_Config) for MF_SystemClock_Config
    main.o(i.main) refers to fm33lg0xx_fl.o(i.FL_Init) for FL_Init
    main.o(i.main) refers to fm33lg0xx_fl.o(i.FL_DelayMs) for FL_DelayMs
    main.o(i.main) refers to user_init.o(i.UserInit) for UserInit
    main.o(i.main) refers to adc.o(i.AdcInit) for AdcInit
    main.o(i.main) refers to noretval__2printf.o(.text) for __2printf
    main.o(i.main) refers to main.o(.data) for GetV
    user_init.o(.rev16_text) refers (Special) to use_no_semi_2.o(.text) for __use_no_semihosting
    user_init.o(.revsh_text) refers (Special) to use_no_semi_2.o(.text) for __use_no_semihosting
    user_init.o(i.ClockInit) refers (Special) to use_no_semi_2.o(.text) for __use_no_semihosting
    user_init.o(i.ClockInit) refers to user_init.o(i.FL_FLASH_SetReadWait) for FL_FLASH_SetReadWait
    user_init.o(i.ClockInit) refers to user_init.o(i.FL_CMU_RCHF_WriteTrimValue) for FL_CMU_RCHF_WriteTrimValue
    user_init.o(i.ClockInit) refers to user_init.o(i.FL_CDIF_SetPrescaler) for FL_CDIF_SetPrescaler
    user_init.o(i.DebugUartInit) refers (Special) to use_no_semi_2.o(.text) for __use_no_semihosting
    user_init.o(i.DebugUartInit) refers to rt_memclr.o(.text) for __aeabi_memclr4
    user_init.o(i.DebugUartInit) refers to fm33lg0xx_fl_gpio.o(i.FL_GPIO_Init) for FL_GPIO_Init
    user_init.o(i.DebugUartInit) refers to fm33lg0xx_fl_uart.o(i.FL_UART_Init) for FL_UART_Init
    user_init.o(i.FL_CDIF_SetPrescaler) refers (Special) to use_no_semi_2.o(.text) for __use_no_semihosting
    user_init.o(i.FL_CMU_RCHF_WriteTrimValue) refers (Special) to use_no_semi_2.o(.text) for __use_no_semihosting
    user_init.o(i.FL_FLASH_SetReadWait) refers (Special) to use_no_semi_2.o(.text) for __use_no_semihosting
    user_init.o(i.FL_GPIO_ResetOutputPin) refers (Special) to use_no_semi_2.o(.text) for __use_no_semihosting
    user_init.o(i.FoutInit) refers (Special) to use_no_semi_2.o(.text) for __use_no_semihosting
    user_init.o(i.FoutInit) refers to rt_memclr.o(.text) for __aeabi_memclr4
    user_init.o(i.FoutInit) refers to fm33lg0xx_fl_gpio.o(i.FL_GPIO_Init) for FL_GPIO_Init
    user_init.o(i.LedInit) refers (Special) to use_no_semi_2.o(.text) for __use_no_semihosting
    user_init.o(i.LedInit) refers to rt_memclr.o(.text) for __aeabi_memclr4
    user_init.o(i.LedInit) refers to user_init.o(i.FL_GPIO_ResetOutputPin) for FL_GPIO_ResetOutputPin
    user_init.o(i.LedInit) refers to fm33lg0xx_fl_gpio.o(i.FL_GPIO_Init) for FL_GPIO_Init
    user_init.o(i.LedInit) refers to fm33lg0xx_fl.o(i.FL_DelayMs) for FL_DelayMs
    user_init.o(i.UserInit) refers (Special) to use_no_semi_2.o(.text) for __use_no_semihosting
    user_init.o(i.UserInit) refers to user_init.o(i.LedInit) for LedInit
    user_init.o(i.UserInit) refers to user_init.o(i.DebugUartInit) for DebugUartInit
    user_init.o(i._sys_exit) refers (Special) to use_no_semi_2.o(.text) for __use_no_semihosting
    user_init.o(i.fputc) refers (Special) to use_no_semi_2.o(.text) for __use_no_semihosting
    user_init.o(.data) refers (Special) to use_no_semi_2.o(.text) for __use_no_semihosting
    adc.o(i.ADC_DMA) refers to rt_memclr.o(.text) for __aeabi_memclr4
[...]
    Removing user_init.o(i.FoutInit), (68 bytes).
    Removing adc.o(.rev16_text), (4 bytes).
    Removing adc.o(.revsh_text), (4 bytes).
    Removing adc.o(i.ADC_DMA), (96 bytes).
    Removing adc.o(i.FL_ADC_Disable), (10 bytes).
    Removing adc.o(i.FL_ADC_DisableSequencerChannel), (12 bytes).
    Removing adc.o(i.FL_ADC_Enable), (10 bytes).
    Removing adc.o(i.FL_ADC_EnableSWConversion), (10 bytes).
    Removing adc.o(i.FL_ADC_EnableSequencerChannel), (12 bytes).
    Removing adc.o(i.FL_CMU_SetADCPrescaler), (20 bytes).
    Removing adc.o(i.FL_VREF_DisableVREFBuffer), (10 bytes).
    Removing adc.o(i.FL_VREF_EnableVREFBuffer), (10 bytes).
    Removing adc.o(i.GetDMAChannelSample), (144 bytes).
    Removing adc.o(i.GetDifferentialChannelSample), (112 bytes).
    Removing adc.o(i.GetSingleChannelSample), (84 bytes).
    Removing adc.o(i.GetVREF1P2Sample), (104 bytes).
    Removing system_fm33lg0xx.o(.rev16_text), (4 bytes).
    Removing system_fm33lg0xx.o(.revsh_text), (4 bytes).
    Removing system_fm33lg0xx.o(i.NVIC_Init), (72 bytes).
    Removing system_fm33lg0xx.o(i.NVIC_SetPriority), (120 bytes).
    Removing system_fm33lg0xx.o(i.SystemCoreClockUpdate), (2 bytes).
    Removing fm33lg0xx_fl.o(.rev16_text), (4 bytes).
    Removing fm33lg0xx_fl.o(.revsh_text), (4 bytes).
    Removing fm33lg0xx_fl.o(i.FL_DelayEnd), (20 bytes).
    Removing fm33lg0xx_fl.o(i.FL_DelayMsStart), (18 bytes).
    Removing fm33lg0xx_fl.o(i.FL_DelayUsStart), (56 bytes).
    Removing fm33lg0xx_fl_adc.o(.rev16_text), (4 bytes).
    Removing fm33lg0xx_fl_adc.o(.revsh_text), (4 bytes).
    Removing fm33lg0xx_fl_adc.o(i.FL_ADC_CommonDeInit), (44 bytes).
    Removing fm33lg0xx_fl_adc.o(i.FL_ADC_CommonStructInit), (22 bytes).
    Removing fm33lg0xx_fl_adc.o(i.FL_ADC_DeInit), (100 bytes).
    Removing fm33lg0xx_fl_adc.o(i.FL_ADC_StructInit), (42 bytes).
    Removing fm33lg0xx_fl_adc.o(i.FL_RMU_DisableResetAPBPeripheral), (34 bytes).
    Removing fm33lg0xx_fl_adc.o(i.FL_RMU_EnableResetAPBPeripheral), (34 bytes).
    Removing fm33lg0xx_fl_aes.o(.rev16_text), (4 bytes).
    Removing fm33lg0xx_fl_aes.o(.revsh_text), (4 bytes).
    Removing fm33lg0xx_fl_aes.o(i.FL_AES_DeInit), (136 bytes).
    Removing fm33lg0xx_fl_aes.o(i.FL_AES_Init), (304 bytes).
    Removing fm33lg0xx_fl_aes.o(i.FL_AES_StructInit), (12 bytes).
    Removing fm33lg0xx_fl_atim.o(.rev16_text), (4 bytes).
    Removing fm33lg0xx_fl_atim.o(.revsh_text), (4 bytes).
    Removing fm33lg0xx_fl_atim.o(i.FL_ATIM_BDTR_Init), (556 bytes).
    Removing fm33lg0xx_fl_atim.o(i.FL_ATIM_BDTR_StructInit), (34 bytes).
    Removing fm33lg0xx_fl_atim.o(i.FL_ATIM_CC_SetChannelMode), (54 bytes).
    Removing fm33lg0xx_fl_atim.o(i.FL_ATIM_DeInit), (180 bytes).
    Removing fm33lg0xx_fl_atim.o(i.FL_ATIM_ETRStructInit), (12 bytes).
    Removing fm33lg0xx_fl_atim.o(i.FL_ATIM_ETR_Init), (368 bytes).
    Removing fm33lg0xx_fl_atim.o(i.FL_ATIM_GenerateUpdateEvent), (10 bytes).
    Removing fm33lg0xx_fl_atim.o(i.FL_ATIM_IC_Init), (490 bytes).
    Removing fm33lg0xx_fl_atim.o(i.FL_ATIM_IC_StructInit), (18 bytes).
    Removing fm33lg0xx_fl_atim.o(i.FL_ATIM_Init), (416 bytes).
    Removing fm33lg0xx_fl_atim.o(i.FL_ATIM_IsActiveFlag_Update), (16 bytes).
    Removing fm33lg0xx_fl_atim.o(i.FL_ATIM_OC_DisableChannel), (16 bytes).
    Removing fm33lg0xx_fl_atim.o(i.FL_ATIM_OC_DisableReverseChannel), (16 bytes).
    Removing fm33lg0xx_fl_atim.o(i.FL_ATIM_OC_Init), (568 bytes).
    Removing fm33lg0xx_fl_atim.o(i.FL_ATIM_OC_StructInit), (24 bytes).
    Removing fm33lg0xx_fl_atim.o(i.FL_ATIM_SetCounterAlignedMode), (12 bytes).
    Removing fm33lg0xx_fl_atim.o(i.FL_ATIM_SetSlaveMode), (12 bytes).
    Removing fm33lg0xx_fl_atim.o(i.FL_ATIM_SlaveModeStructInit), (14 bytes).
    Removing fm33lg0xx_fl_atim.o(i.FL_ATIM_SlaveMode_Init), (276 bytes).
    Removing fm33lg0xx_fl_atim.o(i.FL_ATIM_StructInit), (28 bytes).
    Removing fm33lg0xx_fl_atim.o(i.FL_CMU_EnableGroup3OperationClock), (16 bytes).
    Removing fm33lg0xx_fl_atim.o(i.FL_CMU_EnableGroup4BusClock), (16 bytes).
    Removing fm33lg0xx_fl_atim.o(i.OCConfig), (472 bytes).
    Removing fm33lg0xx_fl_bstim16.o(.rev16_text), (4 bytes).
    Removing fm33lg0xx_fl_bstim16.o(.revsh_text), (4 bytes).
    Removing fm33lg0xx_fl_bstim16.o(i.FL_BSTIM16_DeInit), (180 bytes).
    Removing fm33lg0xx_fl_bstim16.o(i.FL_BSTIM16_Init), (316 bytes).
    Removing fm33lg0xx_fl_bstim16.o(i.FL_BSTIM16_StructInit), (18 bytes).
    Removing fm33lg0xx_fl_bstim32.o(.rev16_text), (4 bytes).
    Removing fm33lg0xx_fl_bstim32.o(.revsh_text), (4 bytes).
    Removing fm33lg0xx_fl_bstim32.o(i.FL_BSTIM32_DeInit), (180 bytes).
    Removing fm33lg0xx_fl_bstim32.o(i.FL_BSTIM32_Init), (244 bytes).
    Removing fm33lg0xx_fl_bstim32.o(i.FL_BSTIM32_StructInit), (18 bytes).
    Removing fm33lg0xx_fl_can.o(.rev16_text), (4 bytes).
    Removing fm33lg0xx_fl_can.o(.revsh_text), (4 bytes).
    Removing fm33lg0xx_fl_can.o(i.FL_CAN_Enable), (10 bytes).
    Removing fm33lg0xx_fl_can.o(i.FL_CAN_FilterInit), (776 bytes).
    Removing fm33lg0xx_fl_can.o(i.FL_CAN_Filter_WriteIDCompare), (26 bytes).
    Removing fm33lg0xx_fl_can.o(i.FL_CAN_Init), (504 bytes).
    Removing fm33lg0xx_fl_can.o(i.FL_CAN_StructFilterInit), (44 bytes).
    Removing fm33lg0xx_fl_can.o(i.FL_CAN_StructInit), (20 bytes).
    Removing fm33lg0xx_fl_cmu.o(.rev16_text), (4 bytes).
    Removing fm33lg0xx_fl_cmu.o(.revsh_text), (4 bytes).
    Removing fm33lg0xx_fl_comp.o(.rev16_text), (4 bytes).
    Removing fm33lg0xx_fl_comp.o(.revsh_text), (4 bytes).
    Removing fm33lg0xx_fl_comp.o(i.FL_COMP_DeInit), (52 bytes).
    Removing fm33lg0xx_fl_comp.o(i.FL_COMP_Init), (784 bytes).
    Removing fm33lg0xx_fl_comp.o(i.FL_COMP_StructInit), (20 bytes).
    Removing fm33lg0xx_fl_crc.o(.rev16_text), (4 bytes).
    Removing fm33lg0xx_fl_crc.o(.revsh_text), (4 bytes).
    Removing fm33lg0xx_fl_crc.o(i.FL_CRC_DeInit), (168 bytes).
    Removing fm33lg0xx_fl_crc.o(i.FL_CRC_Init), (364 bytes).
    Removing fm33lg0xx_fl_crc.o(i.FL_CRC_StructInit), (24 bytes).
    Removing fm33lg0xx_fl_dac.o(.rev16_text), (4 bytes).
    Removing fm33lg0xx_fl_dac.o(.revsh_text), (4 bytes).
    Removing fm33lg0xx_fl_dac.o(i.FL_DAC_DeInit), (84 bytes).
    Removing fm33lg0xx_fl_dac.o(i.FL_DAC_Init), (576 bytes).
    Removing fm33lg0xx_fl_dac.o(i.FL_DAC_StructInit), (24 bytes).
    Removing fm33lg0xx_fl_dac.o(i.FL_RMU_DisableResetAPBPeripheral), (34 bytes).
    Removing fm33lg0xx_fl_dac.o(i.FL_RMU_EnableResetAPBPeripheral), (34 bytes).
    Removing fm33lg0xx_fl_divas.o(.rev16_text), (4 bytes).
    Removing fm33lg0xx_fl_divas.o(.revsh_text), (4 bytes).
    Removing fm33lg0xx_fl_divas.o(i.FL_DIVAS_DeInit), (168 bytes).
    Removing fm33lg0xx_fl_divas.o(i.FL_DIVAS_Hdiv_Calculation), (128 bytes).
    Removing fm33lg0xx_fl_divas.o(i.FL_DIVAS_Init), (56 bytes).
    Removing fm33lg0xx_fl_divas.o(i.FL_DIVAS_IsActiveFlag_Busy), (16 bytes).
    Removing fm33lg0xx_fl_divas.o(i.FL_DIVAS_Root_Calculation), (68 bytes).
    Removing fm33lg0xx_fl_divas.o(i.FL_DIVAS_SetMode), (12 bytes).
    Removing fm33lg0xx_fl_divas.o(i.FL_DIVAS_WriteOperand), (12 bytes).
    Removing fm33lg0xx_fl_dma.o(.rev16_text), (4 bytes).
    Removing fm33lg0xx_fl_dma.o(.revsh_text), (4 bytes).
    Removing fm33lg0xx_fl_dma.o(i.FL_CMU_EnableGroup2BusClock), (16 bytes).
    Removing fm33lg0xx_fl_dma.o(i.FL_DMA_DeInit), (96 bytes).
    Removing fm33lg0xx_fl_dma.o(i.FL_DMA_Init), (732 bytes).
    Removing fm33lg0xx_fl_dma.o(i.FL_DMA_StartTransmission), (160 bytes).
    Removing fm33lg0xx_fl_dma.o(i.FL_DMA_StructInit), (20 bytes).
    Removing fm33lg0xx_fl_flash.o(.rev16_text), (4 bytes).
    Removing fm33lg0xx_fl_flash.o(.revsh_text), (4 bytes).
    Removing fm33lg0xx_fl_flash.o(i.FL_CMU_DisableGroup2BusClock), (16 bytes).
    Removing fm33lg0xx_fl_flash.o(i.FL_CMU_DisableGroup3OperationClock), (16 bytes).
    Removing fm33lg0xx_fl_flash.o(i.FL_CMU_EnableGroup2BusClock), (16 bytes).
    Removing fm33lg0xx_fl_flash.o(i.FL_CMU_EnableGroup3OperationClock), (16 bytes).
    Removing fm33lg0xx_fl_flash.o(i.FL_DMA_ClearFlag_TransferComplete), (10 bytes).
    Removing fm33lg0xx_fl_flash.o(i.FL_DMA_EnableChannel), (38 bytes).
    Removing fm33lg0xx_fl_flash.o(i.FL_DMA_IsActiveFlag_TransferComplete), (30 bytes).
    Removing fm33lg0xx_fl_flash.o(i.FL_DMA_WriteFlashAddress), (6 bytes).
    Removing fm33lg0xx_fl_flash.o(i.FL_DMA_WriteMemoryAddress), (34 bytes).
    Removing fm33lg0xx_fl_flash.o(i.FL_DMA_WriteTransmissionSize), (42 bytes).
    Removing fm33lg0xx_fl_flash.o(i.FL_FLASH_ClearFlag_EraseComplete), (6 bytes).
    Removing fm33lg0xx_fl_flash.o(i.FL_FLASH_EnableErase), (18 bytes).
    Removing fm33lg0xx_fl_flash.o(i.FL_FLASH_EnableProgram), (18 bytes).
    Removing fm33lg0xx_fl_flash.o(i.FL_FLASH_GetFlashLockStatus), (12 bytes).
    Removing fm33lg0xx_fl_flash.o(i.FL_FLASH_IsActiveFlag_AuthenticationError), (14 bytes).
    Removing fm33lg0xx_fl_flash.o(i.FL_FLASH_IsActiveFlag_ClockError), (14 bytes).
    Removing fm33lg0xx_fl_flash.o(i.FL_FLASH_IsActiveFlag_EraseComplete), (16 bytes).
    Removing fm33lg0xx_fl_flash.o(i.FL_FLASH_IsActiveFlag_KeyError), (14 bytes).
    Removing fm33lg0xx_fl_flash.o(i.FL_FLASH_IsActiveFlag_ProgramComplete), (12 bytes).
    Removing fm33lg0xx_fl_flash.o(i.FL_FLASH_LockFlash), (8 bytes).
    Removing fm33lg0xx_fl_flash.o(i.FL_FLASH_PageErase), (276 bytes).
    Removing fm33lg0xx_fl_flash.o(i.FL_FLASH_Program_Page), (296 bytes).
    Removing fm33lg0xx_fl_flash.o(i.FL_FLASH_Program_Sector), (292 bytes).
    Removing fm33lg0xx_fl_flash.o(i.FL_FLASH_Program_Word), (268 bytes).
    Removing fm33lg0xx_fl_flash.o(i.FL_FLASH_Read_Dma), (220 bytes).
    Removing fm33lg0xx_fl_flash.o(i.FL_FLASH_SectorErase), (280 bytes).
    Removing fm33lg0xx_fl_flash.o(i.FL_FLASH_SetFlashEraseType), (14 bytes).
    Removing fm33lg0xx_fl_flash.o(i.FL_FLASH_UnlockFlash), (4 bytes).
    Removing fm33lg0xx_fl_flash.o(i.FL_FLASH_Write_Dma), (296 bytes).
    Removing fm33lg0xx_fl_flash.o(i.__get_PRIMASK), (6 bytes).
    Removing fm33lg0xx_fl_flash.o(i.__set_PRIMASK), (6 bytes).
    Removing fm33lg0xx_fl_gpio.o(.rev16_text), (4 bytes).
    Removing fm33lg0xx_fl_gpio.o(.revsh_text), (4 bytes).
    Removing fm33lg0xx_fl_gpio.o(i.FL_GPIO_ALLPIN_LPM_MODE), (68 bytes).
    Removing fm33lg0xx_fl_gpio.o(i.FL_GPIO_DeInit), (184 bytes).
    Removing fm33lg0xx_fl_gpio.o(i.FL_GPIO_StructInit), (28 bytes).
    Removing fm33lg0xx_fl_gpio.o(i.FL_WKUP_DeInit), (92 bytes).
    Removing fm33lg0xx_fl_gpio.o(i.FL_WKUP_Init), (168 bytes).
    Removing fm33lg0xx_fl_gpio.o(i.FL_WKUP_StructInit), (6 bytes).
    Removing fm33lg0xx_fl_gptim.o(.rev16_text), (4 bytes).
    Removing fm33lg0xx_fl_gptim.o(.revsh_text), (4 bytes).
    Removing fm33lg0xx_fl_gptim.o(i.FL_CMU_DisableGroup4BusClock), (16 bytes).
    Removing fm33lg0xx_fl_gptim.o(i.FL_CMU_EnableGroup4BusClock), (16 bytes).
    Removing fm33lg0xx_fl_gptim.o(i.FL_GPTIM_CC_SetChannelMode), (80 bytes).
    Removing fm33lg0xx_fl_gptim.o(i.FL_GPTIM_DeInit), (180 bytes).
    Removing fm33lg0xx_fl_gptim.o(i.FL_GPTIM_ETR_Init), (396 bytes).
    Removing fm33lg0xx_fl_gptim.o(i.FL_GPTIM_ETR_StructInit), (12 bytes).
    Removing fm33lg0xx_fl_gptim.o(i.FL_GPTIM_GenerateUpdateEvent), (10 bytes).
    Removing fm33lg0xx_fl_gptim.o(i.FL_GPTIM_IC_Init), (752 bytes).
    Removing fm33lg0xx_fl_gptim.o(i.FL_GPTIM_IC_StructInit), (18 bytes).
    Removing fm33lg0xx_fl_gptim.o(i.FL_GPTIM_Init), (336 bytes).
    Removing fm33lg0xx_fl_gptim.o(i.FL_GPTIM_OC_Init), (504 bytes).
    Removing fm33lg0xx_fl_gptim.o(i.FL_GPTIM_OC_StructInit), (16 bytes).
    Removing fm33lg0xx_fl_gptim.o(i.FL_GPTIM_SetCounterAlignedMode), (12 bytes).
    Removing fm33lg0xx_fl_gptim.o(i.FL_GPTIM_SetSlaveMode), (12 bytes).
    Removing fm33lg0xx_fl_gptim.o(i.FL_GPTIM_SlaveMode_Init), (360 bytes).
    Removing fm33lg0xx_fl_gptim.o(i.FL_GPTIM_SlaveMode_StructInit), (16 bytes).
    Removing fm33lg0xx_fl_gptim.o(i.FL_GPTIM_StructInit), (24 bytes).
    Removing fm33lg0xx_fl_gptim.o(i.FL_RMU_DisableResetAPBPeripheral), (34 bytes).
    Removing fm33lg0xx_fl_gptim.o(i.FL_RMU_EnableResetAPBPeripheral), (34 bytes).
    Removing fm33lg0xx_fl_gptim.o(i.OCConfig), (416 bytes).
    Removing fm33lg0xx_fl_i2c.o(.rev16_text), (4 bytes).
    Removing fm33lg0xx_fl_i2c.o(.revsh_text), (4 bytes).
    Removing fm33lg0xx_fl_i2c.o(i.FL_CMU_EnableGroup3BusClock), (16 bytes).
    Removing fm33lg0xx_fl_i2c.o(i.FL_I2C_DeInit), (188 bytes).
    Removing fm33lg0xx_fl_i2c.o(i.FL_I2C_MasterMode_Init), (360 bytes).
    Removing fm33lg0xx_fl_i2c.o(i.FL_I2C_MasterMode_StructInit), (16 bytes).
    Removing fm33lg0xx_fl_i2c.o(i.FL_I2C_SlaveMode_Init), (296 bytes).
    Removing fm33lg0xx_fl_i2c.o(i.FL_I2C_SlaveMode_StructInit), (16 bytes).
    Removing fm33lg0xx_fl_i2c.o(i.FL_I2C_Slave_WriteSlaveAddress), (12 bytes).
    Removing fm33lg0xx_fl_iwdt.o(.rev16_text), (4 bytes).
    Removing fm33lg0xx_fl_iwdt.o(.revsh_text), (4 bytes).
    Removing fm33lg0xx_fl_iwdt.o(i.FL_IWDT_DeInit), (36 bytes).
    Removing fm33lg0xx_fl_iwdt.o(i.FL_IWDT_Init), (196 bytes).
    Removing fm33lg0xx_fl_iwdt.o(i.FL_IWDT_StructInit), (10 bytes).
    Removing fm33lg0xx_fl_lcd.o(.rev16_text), (4 bytes).
    Removing fm33lg0xx_fl_lcd.o(.revsh_text), (4 bytes).
    Removing fm33lg0xx_fl_lcd.o(i.FL_LCD_4COMDisplay), (54 bytes).
    Removing fm33lg0xx_fl_lcd.o(i.FL_LCD_6COMDisplay), (54 bytes).
    Removing fm33lg0xx_fl_lcd.o(i.FL_LCD_8COMDisplay), (52 bytes).
    Removing fm33lg0xx_fl_lcd.o(i.FL_LCD_DeInit), (168 bytes).
    Removing fm33lg0xx_fl_lcd.o(i.FL_LCD_DisplayFreq), (212 bytes).
    Removing fm33lg0xx_fl_lcd.o(i.FL_LCD_FlickTime), (236 bytes).
    Removing fm33lg0xx_fl_lcd.o(i.FL_LCD_GetCOMNumber), (10 bytes).
    Removing fm33lg0xx_fl_lcd.o(i.FL_LCD_Init), (616 bytes).
    Removing fm33lg0xx_fl_lcd.o(i.FL_LCD_StructInit), (40 bytes).
    Removing fm33lg0xx_fl_lptim16.o(.rev16_text), (4 bytes).
    Removing fm33lg0xx_fl_lptim16.o(.revsh_text), (4 bytes).
    Removing fm33lg0xx_fl_lptim16.o(i.FL_LPTIM16_DeInit), (120 bytes).
    Removing fm33lg0xx_fl_lptim16.o(i.FL_LPTIM16_EnableETRFilter), (12 bytes).
    Removing fm33lg0xx_fl_lptim16.o(i.FL_LPTIM16_IC_Init), (384 bytes).
    Removing fm33lg0xx_fl_lptim16.o(i.FL_LPTIM16_IC_StructInit), (14 bytes).
    Removing fm33lg0xx_fl_lptim16.o(i.FL_LPTIM16_Init), (656 bytes).
    Removing fm33lg0xx_fl_lptim16.o(i.FL_LPTIM16_OC_Init), (208 bytes).
    Removing fm33lg0xx_fl_lptim16.o(i.FL_LPTIM16_OC_StructInit), (8 bytes).
    Removing fm33lg0xx_fl_lptim16.o(i.FL_LPTIM16_SetChannelMode), (42 bytes).
    Removing fm33lg0xx_fl_lptim16.o(i.FL_LPTIM16_SetETRCountEdge), (12 bytes).
    Removing fm33lg0xx_fl_lptim16.o(i.FL_LPTIM16_SetETRTriggerEdge), (12 bytes).
    Removing fm33lg0xx_fl_lptim16.o(i.FL_LPTIM16_StructInit), (22 bytes).
    Removing fm33lg0xx_fl_lptim16.o(i.FL_RMU_EnableResetAPBPeripheral), (34 bytes).
    Removing fm33lg0xx_fl_lptim32.o(.rev16_text), (4 bytes).
    Removing fm33lg0xx_fl_lptim32.o(.revsh_text), (4 bytes).
    Removing fm33lg0xx_fl_lptim32.o(i.FL_LPTIM32_DeInit), (120 bytes).
    Removing fm33lg0xx_fl_lptim32.o(i.FL_LPTIM32_IC_Init), (312 bytes).
    Removing fm33lg0xx_fl_lptim32.o(i.FL_LPTIM32_IC_StructInit), (8 bytes).
    Removing fm33lg0xx_fl_lptim32.o(i.FL_LPTIM32_Init), (568 bytes).
    Removing fm33lg0xx_fl_lptim32.o(i.FL_LPTIM32_OC_Init), (272 bytes).
    Removing fm33lg0xx_fl_lptim32.o(i.FL_LPTIM32_OC_StructInit), (8 bytes).
    Removing fm33lg0xx_fl_lptim32.o(i.FL_LPTIM32_SetChannelMode), (78 bytes).
    Removing fm33lg0xx_fl_lptim32.o(i.FL_LPTIM32_SetETRTriggerEdge), (12 bytes).
    Removing fm33lg0xx_fl_lptim32.o(i.FL_LPTIM32_StructInit), (20 bytes).
    Removing fm33lg0xx_fl_lptim32.o(i.FL_RMU_EnableResetAPBPeripheral), (34 bytes).
    Removing fm33lg0xx_fl_lpuart.o(.rev16_text), (4 bytes).
    Removing fm33lg0xx_fl_lpuart.o(.revsh_text), (4 bytes).
    Removing fm33lg0xx_fl_lpuart.o(i.FL_CMU_DisableGroup3OperationClock), (16 bytes).
    Removing fm33lg0xx_fl_lpuart.o(i.FL_CMU_EnableGroup3BusClock), (16 bytes).
    Removing fm33lg0xx_fl_lpuart.o(i.FL_CMU_EnableGroup3OperationClock), (16 bytes).
    Removing fm33lg0xx_fl_lpuart.o(i.FL_CMU_IsEnabledGroup3BusClock), (24 bytes).
    Removing fm33lg0xx_fl_lpuart.o(i.FL_LPUART_DeInit), (208 bytes).
    Removing fm33lg0xx_fl_lpuart.o(i.FL_LPUART_Init), (732 bytes).
    Removing fm33lg0xx_fl_lpuart.o(i.FL_LPUART_StructInit), (24 bytes).
    Removing fm33lg0xx_fl_lpuart.o(i.FL_RMU_DisableResetAPBPeripheral), (34 bytes).
    Removing fm33lg0xx_fl_lpuart.o(i.FL_RMU_EnableResetAPBPeripheral), (34 bytes).
    Removing fm33lg0xx_fl_opa.o(.rev16_text), (4 bytes).
    Removing fm33lg0xx_fl_opa.o(.revsh_text), (4 bytes).
    Removing fm33lg0xx_fl_opa.o(i.FL_OPA_DeInit), (168 bytes).
    Removing fm33lg0xx_fl_opa.o(i.FL_OPA_Init), (452 bytes).
    Removing fm33lg0xx_fl_opa.o(i.FL_OPA_StructInit), (22 bytes).
    Removing fm33lg0xx_fl_pgl.o(.rev16_text), (4 bytes).
    Removing fm33lg0xx_fl_pgl.o(.revsh_text), (4 bytes).
    Removing fm33lg0xx_fl_pgl.o(i.FL_PGL_DeInit), (168 bytes).
    Removing fm33lg0xx_fl_pgl.o(i.FL_PGL_EnableLUTInputMask), (72 bytes).
    Removing fm33lg0xx_fl_pgl.o(i.FL_PGL_LUT_Init), (752 bytes).
    Removing fm33lg0xx_fl_pgl.o(i.FL_PGL_SetLUTInputSource), (128 bytes).
    Removing fm33lg0xx_fl_pgl.o(i.FL_PGL_StructInit), (24 bytes).
    Removing fm33lg0xx_fl_pmu.o(.rev16_text), (4 bytes).
    Removing fm33lg0xx_fl_pmu.o(.revsh_text), (4 bytes).
    Removing fm33lg0xx_fl_pmu.o(i.FL_PMU_Sleep_DeInit), (56 bytes).
    Removing fm33lg0xx_fl_pmu.o(i.FL_PMU_Sleep_Init), (336 bytes).
    Removing fm33lg0xx_fl_pmu.o(i.FL_PMU_StructInit), (22 bytes).
    Removing fm33lg0xx_fl_rng.o(.rev16_text), (4 bytes).
    Removing fm33lg0xx_fl_rng.o(.revsh_text), (4 bytes).
    Removing fm33lg0xx_fl_rng.o(i.FL_CMU_SetRNGPrescaler), (24 bytes).
    Removing fm33lg0xx_fl_rng.o(i.FL_RNG_ClearFlag_CRCComplete), (10 bytes).
    Removing fm33lg0xx_fl_rng.o(i.FL_RNG_DeInit), (168 bytes).
    Removing fm33lg0xx_fl_rng.o(i.FL_RNG_Disable), (10 bytes).
    Removing fm33lg0xx_fl_rng.o(i.FL_RNG_Init), (188 bytes).
    Removing fm33lg0xx_fl_rng.o(i.GetCrc32), (132 bytes).
    Removing fm33lg0xx_fl_rng.o(i.GetRandomNumber), (92 bytes).
    Removing fm33lg0xx_fl_rtca.o(.rev16_text), (4 bytes).
    Removing fm33lg0xx_fl_rtca.o(.revsh_text), (4 bytes).
    Removing fm33lg0xx_fl_rtca.o(i.FL_RTCA_ConfigTime), (128 bytes).
    Removing fm33lg0xx_fl_rtca.o(i.FL_RTCA_DeInit), (68 bytes).
    Removing fm33lg0xx_fl_rtca.o(i.FL_RTCA_GetTime), (74 bytes).
    Removing fm33lg0xx_fl_rtca.o(i.FL_RTCA_Init), (64 bytes).
    Removing fm33lg0xx_fl_rtca.o(i.FL_RTCA_StructInit), (18 bytes).
    Removing fm33lg0xx_fl_rtcb.o(.rev16_text), (4 bytes).
    Removing fm33lg0xx_fl_rtcb.o(.revsh_text), (4 bytes).
    Removing fm33lg0xx_fl_rtcb.o(i.FL_RTCB_ConfigTime), (128 bytes).
    Removing fm33lg0xx_fl_rtcb.o(i.FL_RTCB_DeInit), (80 bytes).
    Removing fm33lg0xx_fl_rtcb.o(i.FL_RTCB_GetTime), (74 bytes).
    Removing fm33lg0xx_fl_rtcb.o(i.FL_RTCB_Init), (56 bytes).
    Removing fm33lg0xx_fl_rtcb.o(i.FL_RTCB_StructInit), (18 bytes).
    Removing fm33lg0xx_fl_spi.o(.rev16_text), (4 bytes).
    Removing fm33lg0xx_fl_spi.o(.revsh_text), (4 bytes).
    Removing fm33lg0xx_fl_spi.o(i.FL_CMU_DisableGroup3BusClock), (16 bytes).
    Removing fm33lg0xx_fl_spi.o(i.FL_CMU_EnableGroup3BusClock), (16 bytes).
    Removing fm33lg0xx_fl_spi.o(i.FL_RMU_DisableResetAPBPeripheral), (34 bytes).
    Removing fm33lg0xx_fl_spi.o(i.FL_RMU_EnableResetAPBPeripheral), (34 bytes).
    Removing fm33lg0xx_fl_spi.o(i.FL_SPI_DeInit), (192 bytes).
    Removing fm33lg0xx_fl_spi.o(i.FL_SPI_Init), (496 bytes).
    Removing fm33lg0xx_fl_spi.o(i.FL_SPI_StructInit), (28 bytes).
    Removing fm33lg0xx_fl_svd.o(.rev16_text), (4 bytes).
    Removing fm33lg0xx_fl_svd.o(.revsh_text), (4 bytes).
    Removing fm33lg0xx_fl_svd.o(i.FL_SVD_DeInit), (168 bytes).
    Removing fm33lg0xx_fl_svd.o(i.FL_SVD_Init), (416 bytes).
    Removing fm33lg0xx_fl_svd.o(i.FL_SVD_StructInit), (18 bytes).
    Removing fm33lg0xx_fl_u7816.o(.rev16_text), (4 bytes).
    Removing fm33lg0xx_fl_u7816.o(.revsh_text), (4 bytes).
    Removing fm33lg0xx_fl_u7816.o(i.FL_U7816_DeInit), (168 bytes).
    Removing fm33lg0xx_fl_u7816.o(i.FL_U7816_Init), (648 bytes).
    Removing fm33lg0xx_fl_u7816.o(i.FL_U7816_StructInit), (52 bytes).
    Removing fm33lg0xx_fl_uart.o(.rev16_text), (4 bytes).
    Removing fm33lg0xx_fl_uart.o(.revsh_text), (4 bytes).
    Removing fm33lg0xx_fl_uart.o(i.FL_CMU_DisableGroup3BusClock), (16 bytes).
    Removing fm33lg0xx_fl_uart.o(i.FL_CMU_DisableGroup3OperationClock), (16 bytes).
    Removing fm33lg0xx_fl_uart.o(i.FL_RMU_DisableResetAPBPeripheral), (34 bytes).
    Removing fm33lg0xx_fl_uart.o(i.FL_RMU_EnableResetAPBPeripheral), (34 bytes).
    Removing fm33lg0xx_fl_uart.o(i.FL_UART_DeInit), (272 bytes).
    Removing fm33lg0xx_fl_uart.o(i.FL_UART_InfraRed_Init), (536 bytes).
    Removing fm33lg0xx_fl_uart.o(i.FL_UART_InfraRed_StructInit), (20 bytes).
    Removing fm33lg0xx_fl_uart.o(i.FL_UART_StructInit), (28 bytes).
    Removing fm33lg0xx_fl_vao.o(.rev16_text), (4 bytes).
    Removing fm33lg0xx_fl_vao.o(.revsh_text), (4 bytes).
    Removing fm33lg0xx_fl_vao.o(i.FL_CDIF_EnableCPUToVAO), (10 bytes).
    Removing fm33lg0xx_fl_vao.o(i.FL_CDIF_EnableVAOToCPU), (10 bytes).
    Removing fm33lg0xx_fl_vao.o(i.FL_VAO_DeInit), (92 bytes).
    Removing fm33lg0xx_fl_vao.o(i.FL_VAO_IO_Init), (460 bytes).
    Removing fm33lg0xx_fl_vao.o(i.FL_VAO_IO_StructInit), (18 bytes).
    Removing fm33lg0xx_fl_vao.o(i.FL_VAO_XTLF_Init), (288 bytes).
    Removing fm33lg0xx_fl_vao.o(i.FL_VAO_XTLF_StructInit), (10 bytes).
    Removing fm33lg0xx_fl_wwdt.o(.rev16_text), (4 bytes).
    Removing fm33lg0xx_fl_wwdt.o(.revsh_text), (4 bytes).
    Removing fm33lg0xx_fl_wwdt.o(i.FL_WWDT_DeInit), (36 bytes).
    Removing fm33lg0xx_fl_wwdt.o(i.FL_WWDT_Init), (144 bytes).
    Removing fm33lg0xx_fl_wwdt.o(i.FL_WWDT_StructInit), (6 bytes).

339 unused section(s) (total 32732 bytes) removed from the image.

==============================================================================

Image Symbol Table

    Local Symbols

    Symbol Name                              Value     Ov Type        Size  Object(Section)

    RESET                                    0x00000000   Section      192  startup_fm33lg0xx.o(RESET)
    ../clib/angel/boardlib.s                 0x00000000   Number         0  boardinit3.o ABSOLUTE
    ../clib/angel/boardlib.s                 0x00000000   Number         0  boardinit2.o ABSOLUTE
    ../clib/angel/boardlib.s                 0x00000000   Number         0  boardinit1.o ABSOLUTE
    ../clib/angel/boardlib.s                 0x00000000   Number         0  boardshut.o ABSOLUTE
    ../clib/angel/handlers.s                 0x00000000   Number         0  __scatter_copy.o ABSOLUTE
    ../clib/angel/handlers.s                 0x00000000   Number         0  __scatter_zi.o ABSOLUTE
    ../clib/angel/kernel.s                   0x00000000   Number         0  rtexit2.o ABSOLUTE
    ../clib/angel/kernel.s                   0x00000000   Number         0  __rtentry4.o ABSOLUTE
    ../clib/angel/kernel.s                   0x00000000   Number         0  __rtentry2.o ABSOLUTE
    ../clib/angel/kernel.s                   0x00000000   Number         0  __rtentry.o ABSOLUTE
    ../clib/angel/kernel.s                   0x00000000   Number         0  rtexit.o ABSOLUTE
    ../clib/angel/rt.s                       0x00000000   Number         0  aeabi_idiv0.o ABSOLUTE
    ../clib/angel/rt.s                       0x00000000   Number         0  rt_raise.o ABSOLUTE
    ../clib/angel/rt.s                       0x00000000   Number         0  aeabi_idiv0_sigfpe.o ABSOLUTE
    ../clib/angel/rt.s                       0x00000000   Number         0  rt_div0.o ABSOLUTE
    ../clib/angel/scatterp.s                 0x00000000   Number         0  __scatter.o ABSOLUTE
    ../clib/angel/startup.s                  0x00000000   Number         0  __main.o ABSOLUTE
    ../clib/angel/sys.s                      0x00000000   Number         0  libspace.o ABSOLUTE
    ../clib/angel/sys.s                      0x00000000   Number         0  use_no_semi_2.o ABSOLUTE
    ../clib/angel/sys.s                      0x00000000   Number         0  tempstk.o ABSOLUTE
    ../clib/angel/sys.s                      0x00000000   Number         0  use_no_semi.o ABSOLUTE
    ../clib/angel/sys.s                      0x00000000   Number         0  sys_stackheap_outer.o ABSOLUTE
    ../clib/angel/sys.s                      0x00000000   Number         0  indicate_semi.o ABSOLUTE
    ../clib/angel/sysapp.c                   0x00000000   Number         0  sys_wrch.o ABSOLUTE
    ../clib/angel/sysapp.c                   0x00000000   Number         0  sys_command.o ABSOLUTE
    ../clib/armsys.c                         0x00000000   Number         0  _get_argv_nomalloc.o ABSOLUTE
    ../clib/armsys.c                         0x00000000   Number         0  no_argv.o ABSOLUTE
    ../clib/armsys.c                         0x00000000   Number         0  argv_veneer.o ABSOLUTE
    ../clib/division.c                       0x00000000   Number         0  rtudiv10.o ABSOLUTE
    ../clib/division.s                       0x00000000   Number         0  aeabi_sdiv.o ABSOLUTE
    ../clib/division.s                       0x00000000   Number         0  aeabi_sdiv_div0.o ABSOLUTE
    ../clib/heapalloc.c                      0x00000000   Number         0  hrguard.o ABSOLUTE
    ../clib/heapaux.c                        0x00000000   Number         0  heapauxi.o ABSOLUTE
    ../clib/libinit.s                        0x00000000   Number         0  libinit2.o ABSOLUTE
    ../clib/libinit.s                        0x00000000   Number         0  libinit.o ABSOLUTE
    ../clib/libinit.s                        0x00000000   Number         0  libshutdown.o ABSOLUTE
    ../clib/libinit.s                        0x00000000   Number         0  libshutdown2.o ABSOLUTE
    ../clib/memcpset.c                       0x00000000   Number         0  rt_memclr.o ABSOLUTE
    ../clib/printf.c                         0x00000000   Number         0  __printf_flags_ss.o ABSOLUTE
    ../clib/printf.c                         0x00000000   Number         0  _printf_dec.o ABSOLUTE
    ../clib/printf.c                         0x00000000   Number         0  __printf_ss.o ABSOLUTE
    ../clib/printf.c                         0x00000000   Number         0  __printf_nopercent.o ABSOLUTE
    ../clib/printf.c                         0x00000000   Number         0  _printf_char_common.o ABSOLUTE
    ../clib/printf.c                         0x00000000   Number         0  __printf_flags.o ABSOLUTE
    ../clib/printf.c                         0x00000000   Number         0  _printf_char_file.o ABSOLUTE
    ../clib/printf.c                         0x00000000   Number         0  _printf_intcommon.o ABSOLUTE
    ../clib/printf.c                         0x00000000   Number         0  __printf_flags_ss_wp.o ABSOLUTE
    ../clib/printf.c                         0x00000000   Number         0  __printf_ss_wp.o ABSOLUTE
    ../clib/printf.c                         0x00000000   Number         0  __printf_flags_wp.o ABSOLUTE
    ../clib/printf.c                         0x00000000   Number         0  __2printf.o ABSOLUTE
    ../clib/printf.c                         0x00000000   Number         0  noretval__2printf.o ABSOLUTE
    ../clib/printf.c                         0x00000000   Number         0  __printf_wp.o ABSOLUTE
    ../clib/printf.c                         0x00000000   Number         0  __printf.o ABSOLUTE
    ../clib/printf_percent.s                 0x00000000   Number         0  _printf_percent_end.o ABSOLUTE
    ../clib/printf_percent.s                 0x00000000   Number         0  _printf_d.o ABSOLUTE
    ../clib/printf_percent.s                 0x00000000   Number         0  _printf_percent.o ABSOLUTE
    ../clib/signal.c                         0x00000000   Number         0  defsig_fpe_formal.o ABSOLUTE
    ../clib/signal.c                         0x00000000   Number         0  defsig_fpe_outer.o ABSOLUTE
    ../clib/signal.c                         0x00000000   Number         0  defsig_general.o ABSOLUTE
    ../clib/signal.c                         0x00000000   Number         0  defsig_abrt_inner.o ABSOLUTE
    ../clib/signal.c                         0x00000000   Number         0  __raise.o ABSOLUTE
    ../clib/signal.c                         0x00000000   Number         0  defsig_other.o ABSOLUTE
    ../clib/signal.c                         0x00000000   Number         0  defsig_segv_inner.o ABSOLUTE
    ../clib/signal.c                         0x00000000   Number         0  defsig_cppl_inner.o ABSOLUTE
    ../clib/signal.c                         0x00000000   Number         0  defsig_pvfn_inner.o ABSOLUTE
    ../clib/signal.c                         0x00000000   Number         0  defsig_stak_inner.o ABSOLUTE
    ../clib/signal.c                         0x00000000   Number         0  defsig_rtmem_formal.o ABSOLUTE
    ../clib/signal.c                         0x00000000   Number         0  defsig_rtmem_outer.o ABSOLUTE
    ../clib/signal.c                         0x00000000   Number         0  defsig_rtmem_inner.o ABSOLUTE
    ../clib/signal.c                         0x00000000   Number         0  defsig_rtred_inner.o ABSOLUTE
    ../clib/signal.c                         0x00000000   Number         0  defsig_fpe_inner.o ABSOLUTE
    ../clib/signal.c                         0x00000000   Number         0  defsig_exit.o ABSOLUTE
    ../clib/signal.s                         0x00000000   Number         0  defsig.o ABSOLUTE
    ../clib/stdio.c                          0x00000000   Number         0  ferror.o ABSOLUTE
    ../clib/stdio.c                          0x00000000   Number         0  ferror_locked.o ABSOLUTE
    ../clib/stdlib.c                         0x00000000   Number         0  exit.o ABSOLUTE
    ../fplib/cfplib/cmpret.c                 0x00000000   Number         0  cmpret.o ABSOLUTE
    ../fplib/cfplib/d2f.c                    0x00000000   Number         0  d2f.o ABSOLUTE
    ../fplib/cfplib/daddsub.c                0x00000000   Number         0  daddsub.o ABSOLUTE
    ../fplib/cfplib/ddiv.c                   0x00000000   Number         0  ddiv.o ABSOLUTE
    ../fplib/cfplib/dmul.c                   0x00000000   Number         0  dmul.o ABSOLUTE
    ../fplib/cfplib/f2d.c                    0x00000000   Number         0  f2d.o ABSOLUTE
    ../fplib/cfplib/fcmpin.c                 0x00000000   Number         0  fcmpin.o ABSOLUTE
    ../fplib/cfplib/fdiv.c                   0x00000000   Number         0  fdiv.o ABSOLUTE
    ../fplib/cfplib/ffix.c                   0x00000000   Number         0  dfixui.o ABSOLUTE
    ../fplib/cfplib/fflt.c                   0x00000000   Number         0  dflti.o ABSOLUTE
    ../fplib/cfplib/fflt.c                   0x00000000   Number         0  fflti.o ABSOLUTE
    ../fplib/cfplib/fpinit.c                 0x00000000   Number         0  fpinit.o ABSOLUTE
    ../fplib/cfplib/nan2.c                   0x00000000   Number         0  fnan2.o ABSOLUTE
    ../fplib/cfplib/retnan.c                 0x00000000   Number         0  retnan.o ABSOLUTE
    ../fplib/fleqf6m.s                       0x00000000   Number         0  flef.o ABSOLUTE
    ../fplib/usenofp.s                       0x00000000   Number         0  usenofp.o ABSOLUTE
    ..\Drivers\CMSIS\Device\FM\FM33xx\Source\Templates\ARM\startup_fm33lg0xx.s 0x00000000   Number         0  startup_fm33lg0xx.o ABSOLUTE
    ..\Drivers\CMSIS\Device\FM\FM33xx\Source\system_fm33lg0xx.c 0x00000000   Number         0  system_fm33lg0xx.o ABSOLUTE
    ..\Drivers\FM33LG0xx_FL_Driver\Src\fm33lg0xx_fl.c 0x00000000   Number         0  fm33lg0xx_fl.o ABSOLUTE
    ..\Drivers\FM33LG0xx_FL_Driver\Src\fm33lg0xx_fl_adc.c 0x00000000   Number         0  fm33lg0xx_fl_adc.o ABSOLUTE
    ..\Drivers\FM33LG0xx_FL_Driver\Src\fm33lg0xx_fl_aes.c 0x00000000   Number         0  fm33lg0xx_fl_aes.o ABSOLUTE
    ..\Drivers\FM33LG0xx_FL_Driver\Src\fm33lg0xx_fl_atim.c 0x00000000   Number         0  fm33lg0xx_fl_atim.o ABSOLUTE
    ..\Drivers\FM33LG0xx_FL_Driver\Src\fm33lg0xx_fl_bstim16.c 0x00000000   Number         0  fm33lg0xx_fl_bstim16.o ABSOLUTE
    ..\Drivers\FM33LG0xx_FL_Driver\Src\fm33lg0xx_fl_bstim32.c 0x00000000   Number         0  fm33lg0xx_fl_bstim32.o ABSOLUTE
    ..\Drivers\FM33LG0xx_FL_Driver\Src\fm33lg0xx_fl_can.c 0x00000000   Number         0  fm33lg0xx_fl_can.o ABSOLUTE
    ..\Drivers\FM33LG0xx_FL_Driver\Src\fm33lg0xx_fl_cmu.c 0x00000000   Number         0  fm33lg0xx_fl_cmu.o ABSOLUTE
    ..\Drivers\FM33LG0xx_FL_Driver\Src\fm33lg0xx_fl_comp.c 0x00000000   Number         0  fm33lg0xx_fl_comp.o ABSOLUTE
    ..\Drivers\FM33LG0xx_FL_Driver\Src\fm33lg0xx_fl_crc.c 0x00000000   Number         0  fm33lg0xx_fl_crc.o ABSOLUTE
    ..\Drivers\FM33LG0xx_FL_Driver\Src\fm33lg0xx_fl_dac.c 0x00000000   Number         0  fm33lg0xx_fl_dac.o ABSOLUTE
    ..\Drivers\FM33LG0xx_FL_Driver\Src\fm33lg0xx_fl_divas.c 0x00000000   Number         0  fm33lg0xx_fl_divas.o ABSOLUTE
    ..\Drivers\FM33LG0xx_FL_Driver\Src\fm33lg0xx_fl_dma.c 0x00000000   Number         0  fm33lg0xx_fl_dma.o ABSOLUTE
    ..\Drivers\FM33LG0xx_FL_Driver\Src\fm33lg0xx_fl_flash.c 0x00000000   Number         0  fm33lg0xx_fl_flash.o ABSOLUTE
    ..\Drivers\FM33LG0xx_FL_Driver\Src\fm33lg0xx_fl_gpio.c 0x00000000   Number         0  fm33lg0xx_fl_gpio.o ABSOLUTE
    ..\Drivers\FM33LG0xx_FL_Driver\Src\fm33lg0xx_fl_gptim.c 0x00000000   Number         0  fm33lg0xx_fl_gptim.o ABSOLUTE
    ..\Drivers\FM33LG0xx_FL_Driver\Src\fm33lg0xx_fl_i2c.c 0x00000000   Number         0  fm33lg0xx_fl_i2c.o ABSOLUTE
    ..\Drivers\FM33LG0xx_FL_Driver\Src\fm33lg0xx_fl_iwdt.c 0x00000000   Number         0  fm33lg0xx_fl_iwdt.o ABSOLUTE
    ..\Drivers\FM33LG0xx_FL_Driver\Src\fm33lg0xx_fl_lcd.c 0x00000000   Number         0  fm33lg0xx_fl_lcd.o ABSOLUTE
    ..\Drivers\FM33LG0xx_FL_Driver\Src\fm33lg0xx_fl_lptim16.c 0x00000000   Number         0  fm33lg0xx_fl_lptim16.o ABSOLUTE
    ..\Drivers\FM33LG0xx_FL_Driver\Src\fm33lg0xx_fl_lptim32.c 0x00000000   Number         0  fm33lg0xx_fl_lptim32.o ABSOLUTE
    ..\Drivers\FM33LG0xx_FL_Driver\Src\fm33lg0xx_fl_lpuart.c 0x00000000   Number         0  fm33lg0xx_fl_lpuart.o ABSOLUTE
    ..\Drivers\FM33LG0xx_FL_Driver\Src\fm33lg0xx_fl_opa.c 0x00000000   Number         0  fm33lg0xx_fl_opa.o ABSOLUTE
    ..\Drivers\FM33LG0xx_FL_Driver\Src\fm33lg0xx_fl_pgl.c 0x00000000   Number         0  fm33lg0xx_fl_pgl.o ABSOLUTE
    ..\Drivers\FM33LG0xx_FL_Driver\Src\fm33lg0xx_fl_pmu.c 0x00000000   Number         0  fm33lg0xx_fl_pmu.o ABSOLUTE
    ..\Drivers\FM33LG0xx_FL_Driver\Src\fm33lg0xx_fl_rng.c 0x00000000   Number         0  fm33lg0xx_fl_rng.o ABSOLUTE
    ..\Drivers\FM33LG0xx_FL_Driver\Src\fm33lg0xx_fl_rtca.c 0x00000000   Number         0  fm33lg0xx_fl_rtca.o ABSOLUTE
    ..\Drivers\FM33LG0xx_FL_Driver\Src\fm33lg0xx_fl_rtcb.c 0x00000000   Number         0  fm33lg0xx_fl_rtcb.o ABSOLUTE
    ..\Drivers\FM33LG0xx_FL_Driver\Src\fm33lg0xx_fl_spi.c 0x00000000   Number         0  fm33lg0xx_fl_spi.o ABSOLUTE
    ..\Drivers\FM33LG0xx_FL_Driver\Src\fm33lg0xx_fl_svd.c 0x00000000   Number         0  fm33lg0xx_fl_svd.o ABSOLUTE
    ..\Drivers\FM33LG0xx_FL_Driver\Src\fm33lg0xx_fl_u7816.c 0x00000000   Number         0  fm33lg0xx_fl_u7816.o ABSOLUTE
    ..\Drivers\FM33LG0xx_FL_Driver\Src\fm33lg0xx_fl_uart.c 0x00000000   Number         0  fm33lg0xx_fl_uart.o ABSOLUTE
    ..\Drivers\FM33LG0xx_FL_Driver\Src\fm33lg0xx_fl_vao.c 0x00000000   Number         0  fm33lg0xx_fl_vao.o ABSOLUTE
    ..\Drivers\FM33LG0xx_FL_Driver\Src\fm33lg0xx_fl_wwdt.c 0x00000000   Number         0  fm33lg0xx_fl_wwdt.o ABSOLUTE
    ..\MF-config\Src\mf_config.c             0x00000000   Number         0  mf_config.o ABSOLUTE
    ..\Src\adc.c                             0x00000000   Number         0  adc.o ABSOLUTE
    ..\Src\main.c                            0x00000000   Number         0  main.o ABSOLUTE
    ..\Src\user_init.c                       0x00000000   Number         0  user_init.o ABSOLUTE
    ..\\Drivers\\CMSIS\\Device\\FM\\FM33xx\\Source\\system_fm33lg0xx.c 0x00000000   Number         0  system_fm33lg0xx.o ABSOLUTE
    ..\\Drivers\\FM33LG0xx_FL_Driver\\Src\\fm33lg0xx_fl.c 0x00000000   Number         0  fm33lg0xx_fl.o ABSOLUTE
    ..\\Drivers\\FM33LG0xx_FL_Driver\\Src\\fm33lg0xx_fl_adc.c 0x00000000   Number         0  fm33lg0xx_fl_adc.o ABSOLUTE
    ..\\Drivers\\FM33LG0xx_FL_Driver\\Src\\fm33lg0xx_fl_aes.c 0x00000000   Number         0  fm33lg0xx_fl_aes.o ABSOLUTE
    ..\\Drivers\\FM33LG0xx_FL_Driver\\Src\\fm33lg0xx_fl_atim.c 0x00000000   Number         0  fm33lg0xx_fl_atim.o ABSOLUTE
    ..\\Drivers\\FM33LG0xx_FL_Driver\\Src\\fm33lg0xx_fl_bstim16.c 0x00000000   Number         0  fm33lg0xx_fl_bstim16.o ABSOLUTE
    ..\\Drivers\\FM33LG0xx_FL_Driver\\Src\\fm33lg0xx_fl_bstim32.c 0x00000000   Number         0  fm33lg0xx_fl_bstim32.o ABSOLUTE
    ..\\Drivers\\FM33LG0xx_FL_Driver\\Src\\fm33lg0xx_fl_can.c 0x00000000   Number         0  fm33lg0xx_fl_can.o ABSOLUTE
    ..\\Drivers\\FM33LG0xx_FL_Driver\\Src\\fm33lg0xx_fl_cmu.c 0x00000000   Number         0  fm33lg0xx_fl_cmu.o ABSOLUTE
    ..\\Drivers\\FM33LG0xx_FL_Driver\\Src\\fm33lg0xx_fl_comp.c 0x00000000   Number         0  fm33lg0xx_fl_comp.o ABSOLUTE
    ..\\Drivers\\FM33LG0xx_FL_Driver\\Src\\fm33lg0xx_fl_crc.c 0x00000000   Number         0  fm33lg0xx_fl_crc.o ABSOLUTE
    ..\\Drivers\\FM33LG0xx_FL_Driver\\Src\\fm33lg0xx_fl_dac.c 0x00000000   Number         0  fm33lg0xx_fl_dac.o ABSOLUTE
    ..\\Drivers\\FM33LG0xx_FL_Driver\\Src\\fm33lg0xx_fl_divas.c 0x00000000   Number         0  fm33lg0xx_fl_divas.o ABSOLUTE
    ..\\Drivers\\FM33LG0xx_FL_Driver\\Src\\fm33lg0xx_fl_dma.c 0x00000000   Number         0  fm33lg0xx_fl_dma.o ABSOLUTE
    ..\\Drivers\\FM33LG0xx_FL_Driver\\Src\\fm33lg0xx_fl_flash.c 0x00000000   Number         0  fm33lg0xx_fl_flash.o ABSOLUTE
    ..\\Drivers\\FM33LG0xx_FL_Driver\\Src\\fm33lg0xx_fl_gpio.c 0x00000000   Number         0  fm33lg0xx_fl_gpio.o ABSOLUTE
    ..\\Drivers\\FM33LG0xx_FL_Driver\\Src\\fm33lg0xx_fl_gptim.c 0x00000000   Number         0  fm33lg0xx_fl_gptim.o ABSOLUTE
    ..\\Drivers\\FM33LG0xx_FL_Driver\\Src\\fm33lg0xx_fl_i2c.c 0x00000000   Number         0  fm33lg0xx_fl_i2c.o ABSOLUTE
    ..\\Drivers\\FM33LG0xx_FL_Driver\\Src\\fm33lg0xx_fl_iwdt.c 0x00000000   Number         0  fm33lg0xx_fl_iwdt.o ABSOLUTE
    ..\\Drivers\\FM33LG0xx_FL_Driver\\Src\\fm33lg0xx_fl_lcd.c 0x00000000   Number         0  fm33lg0xx_fl_lcd.o ABSOLUTE
    ..\\Drivers\\FM33LG0xx_FL_Driver\\Src\\fm33lg0xx_fl_lptim16.c 0x00000000   Number         0  fm33lg0xx_fl_lptim16.o ABSOLUTE
    ..\\Drivers\\FM33LG0xx_FL_Driver\\Src\\fm33lg0xx_fl_lptim32.c 0x00000000   Number         0  fm33lg0xx_fl_lptim32.o ABSOLUTE
    ..\\Drivers\\FM33LG0xx_FL_Driver\\Src\\fm33lg0xx_fl_lpuart.c 0x00000000   Number         0  fm33lg0xx_fl_lpuart.o ABSOLUTE
    ..\\Drivers\\FM33LG0xx_FL_Driver\\Src\\fm33lg0xx_fl_opa.c 0x00000000   Number         0  fm33lg0xx_fl_opa.o ABSOLUTE
    ..\\Drivers\\FM33LG0xx_FL_Driver\\Src\\fm33lg0xx_fl_pgl.c 0x00000000   Number         0  fm33lg0xx_fl_pgl.o ABSOLUTE
    ..\\Drivers\\FM33LG0xx_FL_Driver\\Src\\fm33lg0xx_fl_pmu.c 0x00000000   Number         0  fm33lg0xx_fl_pmu.o ABSOLUTE
    ..\\Drivers\\FM33LG0xx_FL_Driver\\Src\\fm33lg0xx_fl_rng.c 0x00000000   Number         0  fm33lg0xx_fl_rng.o ABSOLUTE
    ..\\Drivers\\FM33LG0xx_FL_Driver\\Src\\fm33lg0xx_fl_rtca.c 0x00000000   Number         0  fm33lg0xx_fl_rtca.o ABSOLUTE
    ..\\Drivers\\FM33LG0xx_FL_Driver\\Src\\fm33lg0xx_fl_rtcb.c 0x00000000   Number         0  fm33lg0xx_fl_rtcb.o ABSOLUTE
    ..\\Drivers\\FM33LG0xx_FL_Driver\\Src\\fm33lg0xx_fl_spi.c 0x00000000   Number         0  fm33lg0xx_fl_spi.o ABSOLUTE
    ..\\Drivers\\FM33LG0xx_FL_Driver\\Src\\fm33lg0xx_fl_svd.c 0x00000000   Number         0  fm33lg0xx_fl_svd.o ABSOLUTE
    ..\\Drivers\\FM33LG0xx_FL_Driver\\Src\\fm33lg0xx_fl_u7816.c 0x00000000   Number         0  fm33lg0xx_fl_u7816.o ABSOLUTE
    ..\\Drivers\\FM33LG0xx_FL_Driver\\Src\\fm33lg0xx_fl_uart.c 0x00000000   Number         0  fm33lg0xx_fl_uart.o ABSOLUTE
    ..\\Drivers\\FM33LG0xx_FL_Driver\\Src\\fm33lg0xx_fl_vao.c 0x00000000   Number         0  fm33lg0xx_fl_vao.o ABSOLUTE
    ..\\Drivers\\FM33LG0xx_FL_Driver\\Src\\fm33lg0xx_fl_wwdt.c 0x00000000   Number         0  fm33lg0xx_fl_wwdt.o ABSOLUTE
    ..\\MF-config\\Src\\mf_config.c          0x00000000   Number         0  mf_config.o ABSOLUTE
    ..\\Src\\adc.c                           0x00000000   Number         0  adc.o ABSOLUTE
    ..\\Src\\main.c                          0x00000000   Number         0  main.o ABSOLUTE
    ..\\Src\\user_init.c                     0x00000000   Number         0  user_init.o ABSOLUTE
    dc.s                                     0x00000000   Number         0  dc.o ABSOLUTE
    !!!main                                  0x000000c0   Section        8  __main.o(!!!main)
    !!!scatter                               0x000000c8   Section       60  __scatter.o(!!!scatter)
    !!handler_copy                           0x00000104   Section       26  __scatter_copy.o(!!handler_copy)
    !!handler_zi                             0x00000120   Section       28  __scatter_zi.o(!!handler_zi)
    .ARM.Collect$$_printf_percent$$00000000  0x0000013c   Section        2  _printf_percent.o(.ARM.Collect$$_printf_percent$$00000000)
    .ARM.Collect$$_printf_percent$$00000009  0x0000013e   Section       10  _printf_d.o(.ARM.Collect$$_printf_percent$$00000009)
    .ARM.Collect$$_printf_percent$$00000017  0x00000148   Section        4  _printf_percent_end.o(.ARM.Collect$$_printf_percent$$00000017)
    .ARM.Collect$$libinit$$00000000          0x0000014c   Section        2  libinit.o(.ARM.Collect$$libinit$$00000000)
    .ARM.Collect$$libinit$$00000002          0x0000014e   Section        0  libinit2.o(.ARM.Collect$$libinit$$00000002)
    .ARM.Collect$$libinit$$00000004          0x0000014e   Section        0  libinit2.o(.ARM.Collect$$libinit$$00000004)
    .ARM.Collect$$libinit$$0000000A          0x0000014e   Section        0  libinit2.o(.ARM.Collect$$libinit$$0000000A)
    .ARM.Collect$$libinit$$0000000C          0x0000014e   Section        0  libinit2.o(.ARM.Collect$$libinit$$0000000C)
    .ARM.Collect$$libinit$$0000000E          0x0000014e   Section        0  libinit2.o(.ARM.Collect$$libinit$$0000000E)
    .ARM.Collect$$libinit$$00000011          0x0000014e   Section        0  libinit2.o(.ARM.Collect$$libinit$$00000011)
    .ARM.Collect$$libinit$$00000013          0x0000014e   Section        0  libinit2.o(.ARM.Collect$$libinit$$00000013)
    .ARM.Collect$$libinit$$00000015          0x0000014e   Section        0  libinit2.o(.ARM.Collect$$libinit$$00000015)
    .ARM.Collect$$libinit$$00000017          0x0000014e   Section        0  libinit2.o(.ARM.Collect$$libinit$$00000017)
    .ARM.Collect$$libinit$$00000019          0x0000014e   Section        0  libinit2.o(.ARM.Collect$$libinit$$00000019)
    .ARM.Collect$$libinit$$0000001B          0x0000014e   Section        0  libinit2.o(.ARM.Collect$$libinit$$0000001B)
    .ARM.Collect$$libinit$$0000001D          0x0000014e   Section        0  libinit2.o(.ARM.Collect$$libinit$$0000001D)
    .ARM.Collect$$libinit$$0000001F          0x0000014e   Section        0  libinit2.o(.ARM.Collect$$libinit$$0000001F)
    .ARM.Collect$$libinit$$00000021          0x0000014e   Section        0  libinit2.o(.ARM.Collect$$libinit$$00000021)
    .ARM.Collect$$libinit$$00000023          0x0000014e   Section        0  libinit2.o(.ARM.Collect$$libinit$$00000023)
    .ARM.Collect$$libinit$$00000025          0x0000014e   Section        0  libinit2.o(.ARM.Collect$$libinit$$00000025)
    .ARM.Collect$$libinit$$0000002C          0x0000014e   Section        0  libinit2.o(.ARM.Collect$$libinit$$0000002C)
    .ARM.Collect$$libinit$$0000002E          0x0000014e   Section        0  libinit2.o(.ARM.Collect$$libinit$$0000002E)
    .ARM.Collect$$libinit$$00000030          0x0000014e   Section        0  libinit2.o(.ARM.Collect$$libinit$$00000030)
    .ARM.Collect$$libinit$$00000032          0x0000014e   Section        0  libinit2.o(.ARM.Collect$$libinit$$00000032)
    .ARM.Collect$$libinit$$00000033          0x0000014e   Section        2  libinit2.o(.ARM.Collect$$libinit$$00000033)
    .ARM.Collect$$libshutdown$$00000000      0x00000150   Section        2  libshutdown.o(.ARM.Collect$$libshutdown$$00000000)
    .ARM.Collect$$libshutdown$$00000002      0x00000152   Section        0  libshutdown2.o(.ARM.Collect$$libshutdown$$00000002)
    .ARM.Collect$$libshutdown$$00000004      0x00000152   Section        0  libshutdown2.o(.ARM.Collect$$libshutdown$$00000004)
    .ARM.Collect$$libshutdown$$00000006      0x00000152   Section        0  libshutdown2.o(.ARM.Collect$$libshutdown$$00000006)
    .ARM.Collect$$libshutdown$$00000009      0x00000152   Section        0  libshutdown2.o(.ARM.Collect$$libshutdown$$00000009)
    .ARM.Collect$$libshutdown$$0000000C      0x00000152   Section        0  libshutdown2.o(.ARM.Collect$$libshutdown$$0000000C)
    .ARM.Collect$$libshutdown$$0000000E      0x00000152   Section        0  libshutdown2.o(.ARM.Collect$$libshutdown$$0000000E)
    .ARM.Collect$$libshutdown$$00000011      0x00000152   Section        0  libshutdown2.o(.ARM.Collect$$libshutdown$$00000011)
    .ARM.Collect$$libshutdown$$00000012      0x00000152   Section        2  libshutdown2.o(.ARM.Collect$$libshutdown$$00000012)
    .ARM.Collect$$rtentry$$00000000          0x00000154   Section        0  __rtentry.o(.ARM.Collect$$rtentry$$00000000)
    .ARM.Collect$$rtentry$$00000002          0x00000154   Section        0  __rtentry2.o(.ARM.Collect$$rtentry$$00000002)
    .ARM.Collect$$rtentry$$00000004          0x00000154   Section        6  __rtentry4.o(.ARM.Collect$$rtentry$$00000004)
    .ARM.Collect$$rtentry$$00000009          0x0000015a   Section        0  __rtentry2.o(.ARM.Collect$$rtentry$$00000009)
    .ARM.Collect$$rtentry$$0000000A          0x0000015a   Section        4  __rtentry2.o(.ARM.Collect$$rtentry$$0000000A)
    .ARM.Collect$$rtentry$$0000000C          0x0000015e   Section        0  __rtentry2.o(.ARM.Collect$$rtentry$$0000000C)
    .ARM.Collect$$rtentry$$0000000D          0x0000015e   Section        8  __rtentry2.o(.ARM.Collect$$rtentry$$0000000D)
    .ARM.Collect$$rtexit$$00000000           0x00000166   Section        2  rtexit.o(.ARM.Collect$$rtexit$$00000000)
    .ARM.Collect$$rtexit$$00000002           0x00000168   Section        0  rtexit2.o(.ARM.Collect$$rtexit$$00000002)
    .ARM.Collect$$rtexit$$00000003           0x00000168   Section        4  rtexit2.o(.ARM.Collect$$rtexit$$00000003)
    .ARM.Collect$$rtexit$$00000004           0x0000016c   Section        6  rtexit2.o(.ARM.Collect$$rtexit$$00000004)
    .text                                    0x00000174   Section       56  startup_fm33lg0xx.o(.text)
    .text                                    0x000001ac   Section        2  use_no_semi_2.o(.text)
    .text                                    0x000001b0   Section        0  noretval__2printf.o(.text)
    .text                                    0x000001cc   Section        0  __printf.o(.text)
    .text                                    0x00000238   Section        0  _printf_dec.o(.text)
    .text                                    0x000002a4   Section        0  rt_memclr.o(.text)
    .text                                    0x000002e4   Section      346  aeabi_sdiv.o(.text)
    .text                                    0x0000043e   Section        0  heapauxi.o(.text)
    .text                                    0x00000444   Section        2  use_no_semi.o(.text)
    .text                                    0x00000446   Section        0  _printf_intcommon.o(.text)
    .text                                    0x000004f8   Section        0  _printf_char_file.o(.text)
    .text                                    0x00000520   Section        0  rtudiv10.o(.text)
    .text                                    0x00000548   Section        0  _printf_char_common.o(.text)
    _printf_input_char                       0x00000549   Thumb Code    10  _printf_char_common.o(.text)
    .text                                    0x00000578   Section        0  ferror.o(.text)
    .text                                    0x00000580   Section       62  sys_stackheap_outer.o(.text)
    .text                                    0x000005be   Section        0  exit.o(.text)
    .text                                    0x000005d0   Section        8  libspace.o(.text)
    i.ADC_IRQHandler                         0x000005d8   Section        0  adc.o(i.ADC_IRQHandler)
    i.AdcInit                                0x00000610   Section        0  adc.o(i.AdcInit)
    i.DebugUartInit                          0x00000690   Section        0  user_init.o(i.DebugUartInit)
    i.FL_ADC_ClearFlag_EndOfConversion       0x000006ec   Section        0  adc.o(i.FL_ADC_ClearFlag_EndOfConversion)
    FL_ADC_ClearFlag_EndOfConversion         0x000006ed   Thumb Code     6  adc.o(i.FL_ADC_ClearFlag_EndOfConversion)
    i.FL_ADC_CommonInit                      0x000006f4   Section        0  fm33lg0xx_fl_adc.o(i.FL_ADC_CommonInit)
    i.FL_ADC_Init                            0x00000884   Section        0  fm33lg0xx_fl_adc.o(i.FL_ADC_Init)
    i.FL_ADC_IsActiveFlag_EndOfConversion    0x00000bf0   Section        0  adc.o(i.FL_ADC_IsActiveFlag_EndOfConversion)
    FL_ADC_IsActiveFlag_EndOfConversion      0x00000bf1   Thumb Code    16  adc.o(i.FL_ADC_IsActiveFlag_EndOfConversion)
    i.FL_CMU_EnableGroup3BusClock            0x00000c00   Section        0  fm33lg0xx_fl_uart.o(i.FL_CMU_EnableGroup3BusClock)
    FL_CMU_EnableGroup3BusClock              0x00000c01   Thumb Code    12  fm33lg0xx_fl_uart.o(i.FL_CMU_EnableGroup3BusClock)
    i.FL_CMU_EnableGroup3OperationClock      0x00000c10   Section        0  fm33lg0xx_fl_uart.o(i.FL_CMU_EnableGroup3OperationClock)
    FL_CMU_EnableGroup3OperationClock        0x00000c11   Thumb Code    12  fm33lg0xx_fl_uart.o(i.FL_CMU_EnableGroup3OperationClock)
    i.FL_CMU_GetAHBClockFreq                 0x00000c20   Section        0  fm33lg0xx_fl_cmu.o(i.FL_CMU_GetAHBClockFreq)
    i.FL_CMU_GetAPBClockFreq                 0x00000c98   Section        0  fm33lg0xx_fl_cmu.o(i.FL_CMU_GetAPBClockFreq)
    i.FL_CMU_GetPLLClockFreq                 0x00000d10   Section        0  fm33lg0xx_fl_cmu.o(i.FL_CMU_GetPLLClockFreq)
    i.FL_CMU_GetRCHFClockFreq                0x00000db8   Section        0  fm33lg0xx_fl_cmu.o(i.FL_CMU_GetRCHFClockFreq)
    i.FL_CMU_GetRCLFClockFreq                0x00000e08   Section        0  fm33lg0xx_fl_cmu.o(i.FL_CMU_GetRCLFClockFreq)
    i.FL_CMU_GetSystemClockFreq              0x00000e54   Section        0  fm33lg0xx_fl_cmu.o(i.FL_CMU_GetSystemClockFreq)
    i.FL_DelayInit                           0x00000eb0   Section        0  fm33lg0xx_fl.o(i.FL_DelayInit)
    i.FL_DelayMs                             0x00000ed0   Section        0  fm33lg0xx_fl.o(i.FL_DelayMs)
    i.FL_DelayUs                             0x00000ee8   Section        0  fm33lg0xx_fl.o(i.FL_DelayUs)
    i.FL_FLASH_SetReadWait                   0x00000f2c   Section        0  mf_config.o(i.FL_FLASH_SetReadWait)
    FL_FLASH_SetReadWait                     0x00000f2d   Thumb Code    12  mf_config.o(i.FL_FLASH_SetReadWait)
    i.FL_GPIO_DisablePinAnalogSwitch         0x00000f38   Section        0  fm33lg0xx_fl_gpio.o(i.FL_GPIO_DisablePinAnalogSwitch)
    FL_GPIO_DisablePinAnalogSwitch           0x00000f39   Thumb Code    10  fm33lg0xx_fl_gpio.o(i.FL_GPIO_DisablePinAnalogSwitch)
    i.FL_GPIO_DisablePinInput                0x00000f42   Section        0  fm33lg0xx_fl_gpio.o(i.FL_GPIO_DisablePinInput)
    FL_GPIO_DisablePinInput                  0x00000f43   Thumb Code    10  fm33lg0xx_fl_gpio.o(i.FL_GPIO_DisablePinInput)
    i.FL_GPIO_DisablePinOpenDrain            0x00000f4c   Section        0  fm33lg0xx_fl_gpio.o(i.FL_GPIO_DisablePinOpenDrain)
    FL_GPIO_DisablePinOpenDrain              0x00000f4d   Thumb Code    10  fm33lg0xx_fl_gpio.o(i.FL_GPIO_DisablePinOpenDrain)
    i.FL_GPIO_DisablePinPullup               0x00000f56   Section        0  fm33lg0xx_fl_gpio.o(i.FL_GPIO_DisablePinPullup)
    FL_GPIO_DisablePinPullup                 0x00000f57   Thumb Code    10  fm33lg0xx_fl_gpio.o(i.FL_GPIO_DisablePinPullup)
    i.FL_GPIO_DisablePinRemap                0x00000f60   Section        0  fm33lg0xx_fl_gpio.o(i.FL_GPIO_DisablePinRemap)
    FL_GPIO_DisablePinRemap                  0x00000f61   Thumb Code    10  fm33lg0xx_fl_gpio.o(i.FL_GPIO_DisablePinRemap)
    i.FL_GPIO_Init                           0x00000f6c   Section        0  fm33lg0xx_fl_gpio.o(i.FL_GPIO_Init)
    i.FL_GPIO_ResetOutputPin                 0x00001154   Section        0  user_init.o(i.FL_GPIO_ResetOutputPin)
    FL_GPIO_ResetOutputPin                   0x00001155   Thumb Code    10  user_init.o(i.FL_GPIO_ResetOutputPin)
    i.FL_GPIO_SetPinMode                     0x0000115e   Section        0  fm33lg0xx_fl_gpio.o(i.FL_GPIO_SetPinMode)
    FL_GPIO_SetPinMode                       0x0000115f   Thumb Code    26  fm33lg0xx_fl_gpio.o(i.FL_GPIO_SetPinMode)
    i.FL_Init                                0x00001178   Section        0  fm33lg0xx_fl.o(i.FL_Init)
    i.FL_UART_Init                           0x00001180   Section        0  fm33lg0xx_fl_uart.o(i.FL_UART_Init)
    i.LedInit                                0x00001450   Section        0  user_init.o(i.LedInit)
    i.MF_SystemClock_Config                  0x000014b4   Section        0  mf_config.o(i.MF_SystemClock_Config)
    i.SystemInit                             0x0000159c   Section        0  system_fm33lg0xx.o(i.SystemInit)
    i.UserInit                               0x0000168c   Section        0  user_init.o(i.UserInit)
    i.__ARM_common_switch8                   0x00001698   Section        0  fm33lg0xx_fl_cmu.o(i.__ARM_common_switch8)
    i._sys_exit                              0x000016b4   Section        0  user_init.o(i._sys_exit)
    i.fputc                                  0x000016b8   Section        0  user_init.o(i.fputc)
    i.main                                   0x000016e8   Section        0  main.o(i.main)
    .data                                    0x20000000   Section       20  main.o(.data)
    .data                                    0x20000014   Section        4  user_init.o(.data)
    .data                                    0x20000018   Section        6  adc.o(.data)
    .data                                    0x20000020   Section        4  system_fm33lg0xx.o(.data)
    .bss                                     0x20000024   Section       96  libspace.o(.bss)
    HEAP                                     0x20000088   Section     2048  startup_fm33lg0xx.o(HEAP)
    Heap_Mem                                 0x20000088   Data        2048  startup_fm33lg0xx.o(HEAP)
    STACK                                    0x20000888   Section     2048  startup_fm33lg0xx.o(STACK)
    Stack_Mem                                0x20000888   Data        2048  startup_fm33lg0xx.o(STACK)
    __initial_sp                             0x20001088   Data           0  startup_fm33lg0xx.o(STACK)

    Global Symbols

    Symbol Name                              Value     Ov Type        Size  Object(Section)

    BuildAttributes$$THM_ISAv3M$S$PE$A:L22$X:L11$S22$IEEE1$IW$USESV6$~STKCKD$USESV7$~SHL$OSPACE$ROPI$EBA8$UX$STANDARDLIB$REQ8$PRES8$EABIv2 0x00000000   Number         0  anon$$obj.o ABSOLUTE
    __ARM_use_no_argv                        0x00000000   Number         0  main.o ABSOLUTE
    __Vectors                                0x00000000   Data           4  startup_fm33lg0xx.o(RESET)
    __ARM_exceptions_init                     - Undefined Weak Reference
    __alloca_initialize                       - Undefined Weak Reference
    __arm_fini_                               - Undefined Weak Reference
    __arm_preinit_                            - Undefined Weak Reference
    __cpp_initialize__aeabi_                  - Undefined Weak Reference
    __cxa_finalize                            - Undefined Weak Reference
    __rt_locale                               - Undefined Weak Reference
    __sigvec_lookup                           - Undefined Weak Reference
    _atexit_init                              - Undefined Weak Reference
    _call_atexit_fns                          - Undefined Weak Reference
    _clock_init                               - Undefined Weak Reference
    _fp_trap_init                             - Undefined Weak Reference
    _fp_trap_shutdown                         - Undefined Weak Reference
    _get_lc_collate                           - Undefined Weak Reference
    _get_lc_ctype                             - Undefined Weak Reference
    _get_lc_monetary                          - Undefined Weak Reference
    _get_lc_numeric                           - Undefined Weak Reference
    _get_lc_time                              - Undefined Weak Reference
    _getenv_init                              - Undefined Weak Reference
    _handle_redirection                       - Undefined Weak Reference
    _init_alloc                               - Undefined Weak Reference
    _init_user_alloc                          - Undefined Weak Reference
    _initio                                   - Undefined Weak Reference
    _mutex_acquire                            - Undefined Weak Reference
    _mutex_release                            - Undefined Weak Reference
    _printf_post_padding                      - Undefined Weak Reference
    _printf_pre_padding                       - Undefined Weak Reference
    _printf_truncate_signed                   - Undefined Weak Reference
    _printf_truncate_unsigned                 - Undefined Weak Reference
    _rand_init                                - Undefined Weak Reference
    _signal_finish                            - Undefined Weak Reference
    _signal_init                              - Undefined Weak Reference
    _terminate_alloc                          - Undefined Weak Reference
    _terminate_user_alloc                     - Undefined Weak Reference
    _terminateio                              - Undefined Weak Reference
    __Vectors_End                            0x000000c0   Data           0  startup_fm33lg0xx.o(RESET)
    __Vectors_Size                           0x000000c0   Number         0  startup_fm33lg0xx.o ABSOLUTE
    __main                                   0x000000c1   Thumb Code     8  __main.o(!!!main)
    __scatterload                            0x000000c9   Thumb Code     0  __scatter.o(!!!scatter)
    __scatterload_rt2                        0x000000c9   Thumb Code    52  __scatter.o(!!!scatter)
    __scatterload_rt2_thumb_only             0x000000c9   Thumb Code     0  __scatter.o(!!!scatter)
    __scatterload_null                       0x000000d9   Thumb Code     0  __scatter.o(!!!scatter)
    __scatterload_copy                       0x00000105   Thumb Code    26  __scatter_copy.o(!!handler_copy)
    __scatterload_zeroinit                   0x00000121   Thumb Code    28  __scatter_zi.o(!!handler_zi)
    _printf_percent                          0x0000013d   Thumb Code     0  _printf_percent.o(.ARM.Collect$$_printf_percent$$00000000)
    _printf_d                                0x0000013f   Thumb Code     0  _printf_d.o(.ARM.Collect$$_printf_percent$$00000009)
    _printf_percent_end                      0x00000149   Thumb Code     0  _printf_percent_end.o(.ARM.Collect$$_printf_percent$$00000017)
    __rt_lib_init                            0x0000014d   Thumb Code     0  libinit.o(.ARM.Collect$$libinit$$00000000)
    __rt_lib_init_alloca_1                   0x0000014f   Thumb Code     0  libinit2.o(.ARM.Collect$$libinit$$0000002E)
    __rt_lib_init_argv_1                     0x0000014f   Thumb Code     0  libinit2.o(.ARM.Collect$$libinit$$0000002C)
    __rt_lib_init_atexit_1                   0x0000014f   Thumb Code     0  libinit2.o(.ARM.Collect$$libinit$$0000001B)
    __rt_lib_init_clock_1                    0x0000014f   Thumb Code     0  libinit2.o(.ARM.Collect$$libinit$$00000021)
    __rt_lib_init_cpp_1                      0x0000014f   Thumb Code     0  libinit2.o(.ARM.Collect$$libinit$$00000032)
    __rt_lib_init_exceptions_1               0x0000014f   Thumb Code     0  libinit2.o(.ARM.Collect$$libinit$$00000030)
    __rt_lib_init_fp_1                       0x0000014f   Thumb Code     0  libinit2.o(.ARM.Collect$$libinit$$00000002)
    __rt_lib_init_fp_trap_1                  0x0000014f   Thumb Code     0  libinit2.o(.ARM.Collect$$libinit$$0000001F)
    __rt_lib_init_getenv_1                   0x0000014f   Thumb Code     0  libinit2.o(.ARM.Collect$$libinit$$00000023)
    __rt_lib_init_heap_1                     0x0000014f   Thumb Code     0  libinit2.o(.ARM.Collect$$libinit$$0000000A)
    __rt_lib_init_lc_collate_1               0x0000014f   Thumb Code     0  libinit2.o(.ARM.Collect$$libinit$$00000011)
    __rt_lib_init_lc_ctype_1                 0x0000014f   Thumb Code     0  libinit2.o(.ARM.Collect$$libinit$$00000013)
    __rt_lib_init_lc_monetary_1              0x0000014f   Thumb Code     0  libinit2.o(.ARM.Collect$$libinit$$00000015)
    __rt_lib_init_lc_numeric_1               0x0000014f   Thumb Code     0  libinit2.o(.ARM.Collect$$libinit$$00000017)
    __rt_lib_init_lc_time_1                  0x0000014f   Thumb Code     0  libinit2.o(.ARM.Collect$$libinit$$00000019)
    __rt_lib_init_preinit_1                  0x0000014f   Thumb Code     0  libinit2.o(.ARM.Collect$$libinit$$00000004)
    __rt_lib_init_rand_1                     0x0000014f   Thumb Code     0  libinit2.o(.ARM.Collect$$libinit$$0000000E)
    __rt_lib_init_return                     0x0000014f   Thumb Code     0  libinit2.o(.ARM.Collect$$libinit$$00000033)
    __rt_lib_init_signal_1                   0x0000014f   Thumb Code     0  libinit2.o(.ARM.Collect$$libinit$$0000001D)
    __rt_lib_init_stdio_1                    0x0000014f   Thumb Code     0  libinit2.o(.ARM.Collect$$libinit$$00000025)
    __rt_lib_init_user_alloc_1               0x0000014f   Thumb Code     0  libinit2.o(.ARM.Collect$$libinit$$0000000C)
    __rt_lib_shutdown                        0x00000151   Thumb Code     0  libshutdown.o(.ARM.Collect$$libshutdown$$00000000)
    __rt_lib_shutdown_cpp_1                  0x00000153   Thumb Code     0  libshutdown2.o(.ARM.Collect$$libshutdown$$00000004)
    __rt_lib_shutdown_fini_1                 0x00000153   Thumb Code     0  libshutdown2.o(.ARM.Collect$$libshutdown$$00000002)
    __rt_lib_shutdown_fp_trap_1              0x00000153   Thumb Code     0  libshutdown2.o(.ARM.Collect$$libshutdown$$00000009)
    __rt_lib_shutdown_heap_1                 0x00000153   Thumb Code     0  libshutdown2.o(.ARM.Collect$$libshutdown$$00000011)
    __rt_lib_shutdown_return                 0x00000153   Thumb Code     0  libshutdown2.o(.ARM.Collect$$libshutdown$$00000012)
    __rt_lib_shutdown_signal_1               0x00000153   Thumb Code     0  libshutdown2.o(.ARM.Collect$$libshutdown$$0000000C)
    __rt_lib_shutdown_stdio_1                0x00000153   Thumb Code     0  libshutdown2.o(.ARM.Collect$$libshutdown$$00000006)
    __rt_lib_shutdown_user_alloc_1           0x00000153   Thumb Code     0  libshutdown2.o(.ARM.Collect$$libshutdown$$0000000E)
    __rt_entry                               0x00000155   Thumb Code     0  __rtentry.o(.ARM.Collect$$rtentry$$00000000)
    __rt_entry_presh_1                       0x00000155   Thumb Code     0  __rtentry2.o(.ARM.Collect$$rtentry$$00000002)
    __rt_entry_sh                            0x00000155   Thumb Code     0  __rtentry4.o(.ARM.Collect$$rtentry$$00000004)
    __rt_entry_li                            0x0000015b   Thumb Code     0  __rtentry2.o(.ARM.Collect$$rtentry$$0000000A)
    __rt_entry_postsh_1                      0x0000015b   Thumb Code     0  __rtentry2.o(.ARM.Collect$$rtentry$$00000009)
    __rt_entry_main                          0x0000015f   Thumb Code     0  __rtentry2.o(.ARM.Collect$$rtentry$$0000000D)
    __rt_entry_postli_1                      0x0000015f   Thumb Code     0  __rtentry2.o(.ARM.Collect$$rtentry$$0000000C)
    __rt_exit                                0x00000167   Thumb Code     0  rtexit.o(.ARM.Collect$$rtexit$$00000000)
    __rt_exit_ls                             0x00000169   Thumb Code     0  rtexit2.o(.ARM.Collect$$rtexit$$00000003)
    __rt_exit_prels_1                        0x00000169   Thumb Code     0  rtexit2.o(.ARM.Collect$$rtexit$$00000002)
    __rt_exit_exit                           0x0000016d   Thumb Code     0  rtexit2.o(.ARM.Collect$$rtexit$$00000004)
    Reset_Handler                            0x00000175   Thumb Code     8  startup_fm33lg0xx.o(.text)
    NMI_Handler                              0x0000017d   Thumb Code     2  startup_fm33lg0xx.o(.text)
    HardFault_Handler                        0x0000017f   Thumb Code     2  startup_fm33lg0xx.o(.text)
    SVC_Handler                              0x00000181   Thumb Code     2  startup_fm33lg0xx.o(.text)
    PendSV_Handler                           0x00000183   Thumb Code     2  startup_fm33lg0xx.o(.text)
    SysTick_Handler                          0x00000185   Thumb Code     2  startup_fm33lg0xx.o(.text)
    AES_IRQHandler                           0x00000187   Thumb Code     0  startup_fm33lg0xx.o(.text)
    ATIM_IRQHandler                          0x00000187   Thumb Code     0  startup_fm33lg0xx.o(.text)
    BSTIM_IRQHandler                         0x00000187   Thumb Code     0  startup_fm33lg0xx.o(.text)
    CAN_IRQHandler                           0x00000187   Thumb Code     0  startup_fm33lg0xx.o(.text)
    CCL_IRQHandler                           0x00000187   Thumb Code     0  startup_fm33lg0xx.o(.text)
    COMPx_IRQHandler                         0x00000187   Thumb Code     0  startup_fm33lg0xx.o(.text)
    DAC_IRQHandler                           0x00000187   Thumb Code     0  startup_fm33lg0xx.o(.text)
    DMA_IRQHandler                           0x00000187   Thumb Code     0  startup_fm33lg0xx.o(.text)
    FDET_IRQHandler                          0x00000187   Thumb Code     0  startup_fm33lg0xx.o(.text)
    FLASH_IRQHandler                         0x00000187   Thumb Code     0  startup_fm33lg0xx.o(.text)
    GPIO_IRQHandler                          0x00000187   Thumb Code     0  startup_fm33lg0xx.o(.text)
    GPTIM0_1_IRQHandler                      0x00000187   Thumb Code     0  startup_fm33lg0xx.o(.text)
    GPTIM2_IRQHandler                        0x00000187   Thumb Code     0  startup_fm33lg0xx.o(.text)
    I2C_IRQHandler                           0x00000187   Thumb Code     0  startup_fm33lg0xx.o(.text)
    LPTIM_IRQHandler                         0x00000187   Thumb Code     0  startup_fm33lg0xx.o(.text)
    LPUARTx_IRQHandler                       0x00000187   Thumb Code     0  startup_fm33lg0xx.o(.text)
    LUT_IRQHandler                           0x00000187   Thumb Code     0  startup_fm33lg0xx.o(.text)
    RTC_IRQHandler                           0x00000187   Thumb Code     0  startup_fm33lg0xx.o(.text)
    SPI0_IRQHandler                          0x00000187   Thumb Code     0  startup_fm33lg0xx.o(.text)
    SPI1_IRQHandler                          0x00000187   Thumb Code     0  startup_fm33lg0xx.o(.text)
    SPI2_IRQHandler                          0x00000187   Thumb Code     0  startup_fm33lg0xx.o(.text)
    SVD_IRQHandler                           0x00000187   Thumb Code     0  startup_fm33lg0xx.o(.text)
    U7816_IRQHandler                         0x00000187   Thumb Code     0  startup_fm33lg0xx.o(.text)
    UART0_IRQHandler                         0x00000187   Thumb Code     0  startup_fm33lg0xx.o(.text)
    UART1_IRQHandler                         0x00000187   Thumb Code     0  startup_fm33lg0xx.o(.text)
    UART3_IRQHandler                         0x00000187   Thumb Code     0  startup_fm33lg0xx.o(.text)
    UART4_IRQHandler                         0x00000187   Thumb Code     0  startup_fm33lg0xx.o(.text)
    UART5_IRQHandler                         0x00000187   Thumb Code     0  startup_fm33lg0xx.o(.text)
    VREF_IRQHandler                          0x00000187   Thumb Code     0  startup_fm33lg0xx.o(.text)
    WDT_IRQHandler                           0x00000187   Thumb Code     0  startup_fm33lg0xx.o(.text)
    WKUPx_IRQHandler                         0x00000187   Thumb Code     0  startup_fm33lg0xx.o(.text)
    __user_initial_stackheap                 0x00000189   Thumb Code     0  startup_fm33lg0xx.o(.text)
    __use_no_semihosting                     0x000001ad   Thumb Code     2  use_no_semi_2.o(.text)
    __2printf                                0x000001b1   Thumb Code    22  noretval__2printf.o(.text)
    __printf                                 0x000001cd   Thumb Code   108  __printf.o(.text)
    _printf_int_dec                          0x00000239   Thumb Code    90  _printf_dec.o(.text)
    _memset_w                                0x000002a5   Thumb Code    26  rt_memclr.o(.text)
    _memset                                  0x000002bf   Thumb Code    30  rt_memclr.o(.text)
    __aeabi_memclr                           0x000002dd   Thumb Code     4  rt_memclr.o(.text)
    __rt_memclr                              0x000002dd   Thumb Code     0  rt_memclr.o(.text)
    __aeabi_memclr4                          0x000002e1   Thumb Code     0  rt_memclr.o(.text)
    __aeabi_memclr8                          0x000002e1   Thumb Code     0  rt_memclr.o(.text)
    __rt_memclr_w                            0x000002e1   Thumb Code     4  rt_memclr.o(.text)
    __aeabi_uidiv                            0x000002e5   Thumb Code     0  aeabi_sdiv.o(.text)
    __aeabi_uidivmod                         0x000002e5   Thumb Code    20  aeabi_sdiv.o(.text)
    __aeabi_idiv                             0x000002f9   Thumb Code     0  aeabi_sdiv.o(.text)
    __aeabi_idivmod                          0x000002f9   Thumb Code   326  aeabi_sdiv.o(.text)
    __use_two_region_memory                  0x0000043f   Thumb Code     2  heapauxi.o(.text)
    __rt_heap_escrow$2region                 0x00000441   Thumb Code     2  heapauxi.o(.text)
    __rt_heap_expand$2region                 0x00000443   Thumb Code     2  heapauxi.o(.text)
    __I$use$semihosting                      0x00000445   Thumb Code     0  use_no_semi.o(.text)
    __use_no_semihosting_swi                 0x00000445   Thumb Code     2  use_no_semi.o(.text)
    _printf_int_common                       0x00000447   Thumb Code   176  _printf_intcommon.o(.text)
    _printf_char_file                        0x000004f9   Thumb Code    34  _printf_char_file.o(.text)
    __rt_udiv10                              0x00000521   Thumb Code    40  rtudiv10.o(.text)
    _printf_char_common                      0x00000553   Thumb Code    32  _printf_char_common.o(.text)
    ferror                                   0x00000579   Thumb Code     8  ferror.o(.text)
    __user_setup_stackheap                   0x00000581   Thumb Code    62  sys_stackheap_outer.o(.text)
    exit                                     0x000005bf   Thumb Code    16  exit.o(.text)
    __user_libspace                          0x000005d1   Thumb Code     8  libspace.o(.text)
    __user_perproc_libspace                  0x000005d1   Thumb Code     0  libspace.o(.text)
    __user_perthread_libspace                0x000005d1   Thumb Code     0  libspace.o(.text)
    ADC_IRQHandler                           0x000005d9   Thumb Code    46  adc.o(i.ADC_IRQHandler)
    AdcInit                                  0x00000611   Thumb Code   118  adc.o(i.AdcInit)
    DebugUartInit                            0x00000691   Thumb Code    82  user_init.o(i.DebugUartInit)
    FL_ADC_CommonInit                        0x000006f5   Thumb Code   390  fm33lg0xx_fl_adc.o(i.FL_ADC_CommonInit)
    FL_ADC_Init                              0x00000885   Thumb Code   862  fm33lg0xx_fl_adc.o(i.FL_ADC_Init)
    FL_CMU_GetAHBClockFreq                   0x00000c21   Thumb Code   114  fm33lg0xx_fl_cmu.o(i.FL_CMU_GetAHBClockFreq)
    FL_CMU_GetAPBClockFreq                   0x00000c99   Thumb Code   114  fm33lg0xx_fl_cmu.o(i.FL_CMU_GetAPBClockFreq)
    FL_CMU_GetPLLClockFreq                   0x00000d11   Thumb Code   160  fm33lg0xx_fl_cmu.o(i.FL_CMU_GetPLLClockFreq)
    FL_CMU_GetRCHFClockFreq                  0x00000db9   Thumb Code    60  fm33lg0xx_fl_cmu.o(i.FL_CMU_GetRCHFClockFreq)
    FL_CMU_GetRCLFClockFreq                  0x00000e09   Thumb Code    70  fm33lg0xx_fl_cmu.o(i.FL_CMU_GetRCLFClockFreq)
    FL_CMU_GetSystemClockFreq                0x00000e55   Thumb Code    84  fm33lg0xx_fl_cmu.o(i.FL_CMU_GetSystemClockFreq)
    FL_DelayInit                             0x00000eb1   Thumb Code    26  fm33lg0xx_fl.o(i.FL_DelayInit)
    FL_DelayMs                               0x00000ed1   Thumb Code    24  fm33lg0xx_fl.o(i.FL_DelayMs)
    FL_DelayUs                               0x00000ee9   Thumb Code    56  fm33lg0xx_fl.o(i.FL_DelayUs)
    FL_GPIO_Init                             0x00000f6d   Thumb Code   470  fm33lg0xx_fl_gpio.o(i.FL_GPIO_Init)
    FL_Init                                  0x00001179   Thumb Code     8  fm33lg0xx_fl.o(i.FL_Init)
    FL_UART_Init                             0x00001181   Thumb Code   692  fm33lg0xx_fl_uart.o(i.FL_UART_Init)
    LedInit                                  0x00001451   Thumb Code    94  user_init.o(i.LedInit)
    MF_SystemClock_Config                    0x000014b5   Thumb Code   214  mf_config.o(i.MF_SystemClock_Config)
    SystemInit                               0x0000159d   Thumb Code   210  system_fm33lg0xx.o(i.SystemInit)
    UserInit                                 0x0000168d   Thumb Code    12  user_init.o(i.UserInit)
    __ARM_common_switch8                     0x00001699   Thumb Code    28  fm33lg0xx_fl_cmu.o(i.__ARM_common_switch8)
    _sys_exit                                0x000016b5   Thumb Code     4  user_init.o(i._sys_exit)
    fputc                                    0x000016b9   Thumb Code    42  user_init.o(i.fputc)
    main                                     0x000016e9   Thumb Code    60  main.o(i.main)
    Region$$Table$$Base                      0x00001738   Number         0  anon$$obj.o(Region$$Table)
    Region$$Table$$Limit                     0x00001758   Number         0  anon$$obj.o(Region$$Table)
    Get122VSample                            0x20000000   Data           4  main.o(.data)
    GetVSample                               0x20000008   Data           8  main.o(.data)
    GetV                                     0x20000010   Data           4  main.o(.data)
    __stdout                                 0x20000014   Data           4  user_init.o(.data)
    ADCComplete                              0x20000018   Data           1  adc.o(.data)
    DMAResult                                0x2000001a   Data           4  adc.o(.data)
    SystemCoreClock                          0x20000020   Data           4  system_fm33lg0xx.o(.data)
    __libspace_start                         0x20000024   Data          96  libspace.o(.bss)
    __temporary_stack_top$libspace           0x20000084   Data           0  libspace.o(.bss)



==============================================================================

Memory Map of the image

  Image Entry point : 0x000000c1

  Load Region LR_IROM1 (Base: 0x00000000, Size: 0x0000177c, Max: 0x00020000, ABSOLUTE)

    Execution Region ER_IROM1 (Exec base: 0x00000000, Load base: 0x00000000, Size: 0x00001758, Max: 0x00020000, ABSOLUTE)

    Exec Addr    Load Addr    Size         Type   Attr      Idx    E Section Name        Object

    0x00000000   0x00000000   0x000000c0   Data   RO            3    RESET               startup_fm33lg0xx.o
    0x000000c0   0x000000c0   0x00000008   Code   RO         2683  * !!!main             c_p.l(__main.o)
    0x000000c8   0x000000c8   0x0000003c   Code   RO         2898    !!!scatter          c_p.l(__scatter.o)
    0x00000104   0x00000104   0x0000001a   Code   RO         2900    !!handler_copy      c_p.l(__scatter_copy.o)
    0x0000011e   0x0000011e   0x00000002   PAD
    0x00000120   0x00000120   0x0000001c   Code   RO         2902    !!handler_zi        c_p.l(__scatter_zi.o)
    0x0000013c   0x0000013c   0x00000002   Code   RO         2674    .ARM.Collect$$_printf_percent$$00000000  c_p.l(_printf_percent.o)
    0x0000013e   0x0000013e   0x0000000a   Code   RO         2673    .ARM.Collect$$_printf_percent$$00000009  c_p.l(_printf_d.o)
    0x00000148   0x00000148   0x00000004   Code   RO         2718    .ARM.Collect$$_printf_percent$$00000017  c_p.l(_printf_percent_end.o)
    0x0000014c   0x0000014c   0x00000002   Code   RO         2767    .ARM.Collect$$libinit$$00000000  c_p.l(libinit.o)
    0x0000014e   0x0000014e   0x00000000   Code   RO         2783    .ARM.Collect$$libinit$$00000002  c_p.l(libinit2.o)
    0x0000014e   0x0000014e   0x00000000   Code   RO         2785    .ARM.Collect$$libinit$$00000004  c_p.l(libinit2.o)
    0x0000014e   0x0000014e   0x00000000   Code   RO         2788    .ARM.Collect$$libinit$$0000000A  c_p.l(libinit2.o)
    0x0000014e   0x0000014e   0x00000000   Code   RO         2790    .ARM.Collect$$libinit$$0000000C  c_p.l(libinit2.o)
    0x0000014e   0x0000014e   0x00000000   Code   RO         2792    .ARM.Collect$$libinit$$0000000E  c_p.l(libinit2.o)
    0x0000014e   0x0000014e   0x00000000   Code   RO         2795    .ARM.Collect$$libinit$$00000011  c_p.l(libinit2.o)
    0x0000014e   0x0000014e   0x00000000   Code   RO         2797    .ARM.Collect$$libinit$$00000013  c_p.l(libinit2.o)
    0x0000014e   0x0000014e   0x00000000   Code   RO         2799    .ARM.Collect$$libinit$$00000015  c_p.l(libinit2.o)
    0x0000014e   0x0000014e   0x00000000   Code   RO         2801    .ARM.Collect$$libinit$$00000017  c_p.l(libinit2.o)
    0x0000014e   0x0000014e   0x00000000   Code   RO         2803    .ARM.Collect$$libinit$$00000019  c_p.l(libinit2.o)
    0x0000014e   0x0000014e   0x00000000   Code   RO         2805    .ARM.Collect$$libinit$$0000001B  c_p.l(libinit2.o)
    0x0000014e   0x0000014e   0x00000000   Code   RO         2807    .ARM.Collect$$libinit$$0000001D  c_p.l(libinit2.o)
    0x0000014e   0x0000014e   0x00000000   Code   RO         2809    .ARM.Collect$$libinit$$0000001F  c_p.l(libinit2.o)
    0x0000014e   0x0000014e   0x00000000   Code   RO         2811    .ARM.Collect$$libinit$$00000021  c_p.l(libinit2.o)
    0x0000014e   0x0000014e   0x00000000   Code   RO         2813    .ARM.Collect$$libinit$$00000023  c_p.l(libinit2.o)
    0x0000014e   0x0000014e   0x00000000   Code   RO         2815    .ARM.Collect$$libinit$$00000025  c_p.l(libinit2.o)
    0x0000014e   0x0000014e   0x00000000   Code   RO         2819    .ARM.Collect$$libinit$$0000002C  c_p.l(libinit2.o)
    0x0000014e   0x0000014e   0x00000000   Code   RO         2821    .ARM.Collect$$libinit$$0000002E  c_p.l(libinit2.o)
    0x0000014e   0x0000014e   0x00000000   Code   RO         2823    .ARM.Collect$$libinit$$00000030  c_p.l(libinit2.o)
    0x0000014e   0x0000014e   0x00000000   Code   RO         2825    .ARM.Collect$$libinit$$00000032  c_p.l(libinit2.o)
    0x0000014e   0x0000014e   0x00000002   Code   RO         2826    .ARM.Collect$$libinit$$00000033  c_p.l(libinit2.o)
    0x00000150   0x00000150   0x00000002   Code   RO         2852    .ARM.Collect$$libshutdown$$00000000  c_p.l(libshutdown.o)
    0x00000152   0x00000152   0x00000000   Code   RO         2879    .ARM.Collect$$libshutdown$$00000002  c_p.l(libshutdown2.o)
    0x00000152   0x00000152   0x00000000   Code   RO         2881    .ARM.Collect$$libshutdown$$00000004  c_p.l(libshutdown2.o)
    0x00000152   0x00000152   0x00000000   Code   RO         2883    .ARM.Collect$$libshutdown$$00000006  c_p.l(libshutdown2.o)
    0x00000152   0x00000152   0x00000000   Code   RO         2886    .ARM.Collect$$libshutdown$$00000009  c_p.l(libshutdown2.o)
    0x00000152   0x00000152   0x00000000   Code   RO         2889    .ARM.Collect$$libshutdown$$0000000C  c_p.l(libshutdown2.o)
    0x00000152   0x00000152   0x00000000   Code   RO         2891    .ARM.Collect$$libshutdown$$0000000E  c_p.l(libshutdown2.o)
    0x00000152   0x00000152   0x00000000   Code   RO         2894    .ARM.Collect$$libshutdown$$00000011  c_p.l(libshutdown2.o)
    0x00000152   0x00000152   0x00000002   Code   RO         2895    .ARM.Collect$$libshutdown$$00000012  c_p.l(libshutdown2.o)
    0x00000154   0x00000154   0x00000000   Code   RO         2709    .ARM.Collect$$rtentry$$00000000  c_p.l(__rtentry.o)
    0x00000154   0x00000154   0x00000000   Code   RO         2725    .ARM.Collect$$rtentry$$00000002  c_p.l(__rtentry2.o)
    0x00000154   0x00000154   0x00000006   Code   RO         2737    .ARM.Collect$$rtentry$$00000004  c_p.l(__rtentry4.o)
    0x0000015a   0x0000015a   0x00000000   Code   RO         2727    .ARM.Collect$$rtentry$$00000009  c_p.l(__rtentry2.o)
    0x0000015a   0x0000015a   0x00000004   Code   RO         2728    .ARM.Collect$$rtentry$$0000000A  c_p.l(__rtentry2.o)
    0x0000015e   0x0000015e   0x00000000   Code   RO         2730    .ARM.Collect$$rtentry$$0000000C  c_p.l(__rtentry2.o)
    0x0000015e   0x0000015e   0x00000008   Code   RO         2731    .ARM.Collect$$rtentry$$0000000D  c_p.l(__rtentry2.o)
    0x00000166   0x00000166   0x00000002   Code   RO         2774    .ARM.Collect$$rtexit$$00000000  c_p.l(rtexit.o)
    0x00000168   0x00000168   0x00000000   Code   RO         2828    .ARM.Collect$$rtexit$$00000002  c_p.l(rtexit2.o)
    0x00000168   0x00000168   0x00000004   Code   RO         2829    .ARM.Collect$$rtexit$$00000003  c_p.l(rtexit2.o)
    0x0000016c   0x0000016c   0x00000006   Code   RO         2830    .ARM.Collect$$rtexit$$00000004  c_p.l(rtexit2.o)
    0x00000172   0x00000172   0x00000002   PAD
    0x00000174   0x00000174   0x00000038   Code   RO            4    .text               startup_fm33lg0xx.o
    0x000001ac   0x000001ac   0x00000002   Code   RO         2643    .text               c_p.l(use_no_semi_2.o)
    0x000001ae   0x000001ae   0x00000002   PAD
    0x000001b0   0x000001b0   0x0000001c   Code   RO         2647    .text               c_p.l(noretval__2printf.o)
    0x000001cc   0x000001cc   0x0000006c   Code   RO         2649    .text               c_p.l(__printf.o)
    0x00000238   0x00000238   0x0000006c   Code   RO         2651    .text               c_p.l(_printf_dec.o)
    0x000002a4   0x000002a4   0x00000040   Code   RO         2675    .text               c_p.l(rt_memclr.o)
    0x000002e4   0x000002e4   0x0000015a   Code   RO         2677    .text               c_p.l(aeabi_sdiv.o)
    0x0000043e   0x0000043e   0x00000006   Code   RO         2681    .text               c_p.l(heapauxi.o)
    0x00000444   0x00000444   0x00000002   Code   RO         2707    .text               c_p.l(use_no_semi.o)
    0x00000446   0x00000446   0x000000b0   Code   RO         2714    .text               c_p.l(_printf_intcommon.o)
    0x000004f6   0x000004f6   0x00000002   PAD
    0x000004f8   0x000004f8   0x00000028   Code   RO         2716    .text               c_p.l(_printf_char_file.o)
    0x00000520   0x00000520   0x00000028   Code   RO         2719    .text               c_p.l(rtudiv10.o)
    0x00000548   0x00000548   0x00000030   Code   RO         2741    .text               c_p.l(_printf_char_common.o)
    0x00000578   0x00000578   0x00000008   Code   RO         2743    .text               c_p.l(ferror.o)
    0x00000580   0x00000580   0x0000003e   Code   RO         2751    .text               c_p.l(sys_stackheap_outer.o)
    0x000005be   0x000005be   0x00000010   Code   RO         2756    .text               c_p.l(exit.o)
    0x000005ce   0x000005ce   0x00000002   PAD
    0x000005d0   0x000005d0   0x00000008   Code   RO         2770    .text               c_p.l(libspace.o)
    0x000005d8   0x000005d8   0x00000038   Code   RO          369    i.ADC_IRQHandler    adc.o
    0x00000610   0x00000610   0x00000080   Code   RO          370    i.AdcInit           adc.o
    0x00000690   0x00000690   0x0000005c   Code   RO          274    i.DebugUartInit     user_init.o
    0x000006ec   0x000006ec   0x00000006   Code   RO          371    i.FL_ADC_ClearFlag_EndOfConversion  adc.o
    0x000006f2   0x000006f2   0x00000002   PAD
    0x000006f4   0x000006f4   0x00000190   Code   RO          592    i.FL_ADC_CommonInit  fm33lg0xx_fl_adc.o
    0x00000884   0x00000884   0x0000036c   Code   RO          595    i.FL_ADC_Init       fm33lg0xx_fl_adc.o
    0x00000bf0   0x00000bf0   0x00000010   Code   RO          377    i.FL_ADC_IsActiveFlag_EndOfConversion  adc.o
    0x00000c00   0x00000c00   0x00000010   Code   RO         2470    i.FL_CMU_EnableGroup3BusClock  fm33lg0xx_fl_uart.o
    0x00000c10   0x00000c10   0x00000010   Code   RO         2471    i.FL_CMU_EnableGroup3OperationClock  fm33lg0xx_fl_uart.o
    0x00000c20   0x00000c20   0x00000078   Code   RO          982    i.FL_CMU_GetAHBClockFreq  fm33lg0xx_fl_cmu.o
    0x00000c98   0x00000c98   0x00000078   Code   RO          983    i.FL_CMU_GetAPBClockFreq  fm33lg0xx_fl_cmu.o
    0x00000d10   0x00000d10   0x000000a8   Code   RO          984    i.FL_CMU_GetPLLClockFreq  fm33lg0xx_fl_cmu.o
    0x00000db8   0x00000db8   0x00000050   Code   RO          985    i.FL_CMU_GetRCHFClockFreq  fm33lg0xx_fl_cmu.o
    0x00000e08   0x00000e08   0x0000004c   Code   RO          986    i.FL_CMU_GetRCLFClockFreq  fm33lg0xx_fl_cmu.o
    0x00000e54   0x00000e54   0x0000005c   Code   RO          987    i.FL_CMU_GetSystemClockFreq  fm33lg0xx_fl_cmu.o
    0x00000eb0   0x00000eb0   0x00000020   Code   RO          536    i.FL_DelayInit      fm33lg0xx_fl.o
    0x00000ed0   0x00000ed0   0x00000018   Code   RO          537    i.FL_DelayMs        fm33lg0xx_fl.o
    0x00000ee8   0x00000ee8   0x00000044   Code   RO          539    i.FL_DelayUs        fm33lg0xx_fl.o
    0x00000f2c   0x00000f2c   0x0000000c   Code   RO           13    i.FL_FLASH_SetReadWait  mf_config.o
    0x00000f38   0x00000f38   0x0000000a   Code   RO         1453    i.FL_GPIO_DisablePinAnalogSwitch  fm33lg0xx_fl_gpio.o
    0x00000f42   0x00000f42   0x0000000a   Code   RO         1454    i.FL_GPIO_DisablePinInput  fm33lg0xx_fl_gpio.o
    0x00000f4c   0x00000f4c   0x0000000a   Code   RO         1455    i.FL_GPIO_DisablePinOpenDrain  fm33lg0xx_fl_gpio.o
    0x00000f56   0x00000f56   0x0000000a   Code   RO         1456    i.FL_GPIO_DisablePinPullup  fm33lg0xx_fl_gpio.o
    0x00000f60   0x00000f60   0x0000000a   Code   RO         1457    i.FL_GPIO_DisablePinRemap  fm33lg0xx_fl_gpio.o
    0x00000f6a   0x00000f6a   0x00000002   PAD
    0x00000f6c   0x00000f6c   0x000001e8   Code   RO         1458    i.FL_GPIO_Init      fm33lg0xx_fl_gpio.o
    0x00001154   0x00001154   0x0000000a   Code   RO          278    i.FL_GPIO_ResetOutputPin  user_init.o
    0x0000115e   0x0000115e   0x0000001a   Code   RO         1459    i.FL_GPIO_SetPinMode  fm33lg0xx_fl_gpio.o
    0x00001178   0x00001178   0x00000008   Code   RO          541    i.FL_Init           fm33lg0xx_fl.o
    0x00001180   0x00001180   0x000002d0   Code   RO         2477    i.FL_UART_Init      fm33lg0xx_fl_uart.o
    0x00001450   0x00001450   0x00000064   Code   RO          280    i.LedInit           user_init.o
    0x000014b4   0x000014b4   0x000000e8   Code   RO           16    i.MF_SystemClock_Config  mf_config.o
    0x0000159c   0x0000159c   0x000000f0   Code   RO          492    i.SystemInit        system_fm33lg0xx.o
    0x0000168c   0x0000168c   0x0000000c   Code   RO          281    i.UserInit          user_init.o
    0x00001698   0x00001698   0x0000001c   Code   RO         1027    i.__ARM_common_switch8  fm33lg0xx_fl_cmu.o
    0x000016b4   0x000016b4   0x00000004   Code   RO          282    i._sys_exit         user_init.o
    0x000016b8   0x000016b8   0x00000030   Code   RO          283    i.fputc             user_init.o
    0x000016e8   0x000016e8   0x00000050   Code   RO          213    i.main              main.o
    0x00001738   0x00001738   0x00000020   Data   RO         2896    Region$$Table       anon$$obj.o


    Execution Region RW_IRAM1 (Exec base: 0x20000000, Load base: 0x00001758, Size: 0x00001088, Max: 0x00008000, ABSOLUTE)

    Exec Addr    Load Addr    Size         Type   Attr      Idx    E Section Name        Object

    0x20000000   0x00001758   0x00000014   Data   RW          214    .data               main.o
    0x20000014   0x0000176c   0x00000004   Data   RW          284    .data               user_init.o
    0x20000018   0x00001770   0x00000006   Data   RW          385    .data               adc.o
    0x2000001e   0x00001776   0x00000002   PAD
    0x20000020   0x00001778   0x00000004   Data   RW          493    .data               system_fm33lg0xx.o
    0x20000024        -       0x00000060   Zero   RW         2771    .bss                c_p.l(libspace.o)
    0x20000084   0x0000177c   0x00000004   PAD
    0x20000088        -       0x00000800   Zero   RW            2    HEAP                startup_fm33lg0xx.o
    0x20000888        -       0x00000800   Zero   RW            1    STACK               startup_fm33lg0xx.o


==============================================================================

Image component sizes


      Code (inc. data)   RO Data    RW Data    ZI Data      Debug   Object Name

       206         20          0          6          0      23023   adc.o
       132         18          0          0          0       2087   fm33lg0xx_fl.o
      1276         24          0          0          0      58362   fm33lg0xx_fl_adc.o
       684         74          0          0          0      28243   fm33lg0xx_fl_cmu.o
         0          0          0          0          0      23864   fm33lg0xx_fl_comp.o
       564         18          0          0          0      23511   fm33lg0xx_fl_gpio.o
       752         36          0          0          0      39923   fm33lg0xx_fl_uart.o
        80         20          0         20          0      17691   main.o
       244         18          0          0          0      71980   mf_config.o
        56         26        192          0       4096        740   startup_fm33lg0xx.o
       240         30          0          4          0        855   system_fm33lg0xx.o
       266         22          0          4          0      32851   user_init.o

    ----------------------------------------------------------------------
      4504        306        224         36       4096     323130   Object Totals
         0          0         32          0          0          0   (incl. Generated)
         4          0          0          2          0          0   (incl. Padding)

    ----------------------------------------------------------------------

      Code (inc. data)   RO Data    RW Data    ZI Data      Debug   Library Member Name

         8          0          0          0          0         68   __main.o
       108          0          0          0          0         76   __printf.o
         0          0          0          0          0          0   __rtentry.o
        12          0          0          0          0          0   __rtentry2.o
         6          0          0          0          0          0   __rtentry4.o
        60          8          0          0          0          0   __scatter.o
        26          0          0          0          0          0   __scatter_copy.o
        28          0          0          0          0          0   __scatter_zi.o
        48          6          0          0          0         88   _printf_char_common.o
        40          6          0          0          0         72   _printf_char_file.o
        10          0          0          0          0          0   _printf_d.o
       108         18          0          0          0         76   _printf_dec.o
       176          0          0          0          0         84   _printf_intcommon.o
         2          0          0          0          0          0   _printf_percent.o
         4          0          0          0          0          0   _printf_percent_end.o
       346          0          0          0          0         92   aeabi_sdiv.o
        16          0          0          0          0         68   exit.o
         8          0          0          0          0         60   ferror.o
         6          0          0          0          0        136   heapauxi.o
         2          0          0          0          0          0   libinit.o
         2          0          0          0          0          0   libinit2.o
         2          0          0          0          0          0   libshutdown.o
         2          0          0          0          0          0   libshutdown2.o
         8          4          0          0         96         68   libspace.o
        28          6          0          0          0         84   noretval__2printf.o
        64          0          0          0          0        108   rt_memclr.o
         2          0          0          0          0          0   rtexit.o
        10          0          0          0          0          0   rtexit2.o
        40          0          0          0          0         60   rtudiv10.o
        62          0          0          0          0         80   sys_stackheap_outer.o
         2          0          0          0          0         68   use_no_semi.o
         2          0          0          0          0         68   use_no_semi_2.o

    ----------------------------------------------------------------------
      1248         48          0          0        100       1356   Library Totals
        10          0          0          0          4          0   (incl. Padding)

    ----------------------------------------------------------------------

      Code (inc. data)   RO Data    RW Data    ZI Data      Debug   Library Name

      1238         48          0          0         96       1356   c_p.l

    ----------------------------------------------------------------------
      1248         48          0          0        100       1356   Library Totals

    ----------------------------------------------------------------------

==============================================================================


      Code (inc. data)   RO Data    RW Data    ZI Data      Debug   

      5752        354        224         36       4196     322442   Grand Totals
      5752        354        224         36       4196     322442   ELF Image Totals
      5752        354        224         36          0          0   ROM Totals

==============================================================================

    Total RO  Size (Code + RO Data)                 5976 (   5.84kB)
    Total RW  Size (RW Data + ZI Data)              4232 (   4.13kB)
    Total ROM Size (Code + RO Data + RW Data)       6012 (   5.87kB)

==============================================================================

