Component: ARM Compiler 5.06 update 7 (build 960) Tool: armlink [4d3601]

==============================================================================

Section Cross References

    startup_fm33lg0xx.o(STACK) refers (Special) to heapauxi.o(.text) for __use_two_region_memory
    startup_fm33lg0xx.o(HEAP) refers (Special) to heapauxi.o(.text) for __use_two_region_memory
    startup_fm33lg0xx.o(RESET) refers (Special) to heapauxi.o(.text) for __use_two_region_memory
    startup_fm33lg0xx.o(RESET) refers to startup_fm33lg0xx.o(STACK) for __initial_sp
    startup_fm33lg0xx.o(RESET) refers to startup_fm33lg0xx.o(.text) for Reset_Handler
    startup_fm33lg0xx.o(RESET) refers to lptim32.o(i.LPTIM_IRQHandler) for LPTIM_IRQHandler
    startup_fm33lg0xx.o(RESET) refers to adc.o(i.DMA_IRQHandler) for DMA_IRQHandler
    startup_fm33lg0xx.o(RESET) refers to bstim16.o(i.BSTIM_IRQHandler) for BSTIM_IRQHandler
    startup_fm33lg0xx.o(RESET) refers to can.o(i.CAN_IRQHandler) for CAN_IRQHandler
    startup_fm33lg0xx.o(.text) refers (Special) to heapauxi.o(.text) for __use_two_region_memory
    startup_fm33lg0xx.o(.text) refers to system_fm33lg0xx.o(i.SystemInit) for SystemInit
    startup_fm33lg0xx.o(.text) refers to __main.o(!!!main) for __main
    startup_fm33lg0xx.o(.text) refers to startup_fm33lg0xx.o(HEAP) for Heap_Mem
    startup_fm33lg0xx.o(.text) refers to startup_fm33lg0xx.o(STACK) for Stack_Mem
    mf_config.o(i.MF_SystemClock_Config) refers to rt_memclr.o(.text) for __aeabi_memclr4
    mf_config.o(i.MF_SystemClock_Config) refers to fm33lg0xx_fl_gpio.o(i.FL_GPIO_Init) for FL_GPIO_Init
    mf_config.o(i.MF_SystemClock_Config) refers to fm33lg0xx_fl_cmu.o(i.FL_CMU_GetSystemClockFreq) for FL_CMU_GetSystemClockFreq
    mf_config.o(i.MF_SystemClock_Config) refers to system_fm33lg0xx.o(.data) for SystemCoreClock
    main.o(i.main) refers to fm33lg0xx_fl.o(i.FL_Init) for FL_Init
    main.o(i.main) refers to fm33lg0xx_fl.o(i.FL_DelayMs) for FL_DelayMs
    main.o(i.main) refers to mf_config.o(i.MF_SystemClock_Config) for MF_SystemClock_Config
    main.o(i.main) refers to user_init.o(i.UserInit) for UserInit
    main.o(i.main) refers to lptim32.o(i.LPTIM32_Setup) for LPTIM32_Setup
    main.o(i.main) refers to atim.o(i.ATIM_Init) for ATIM_Init
    main.o(i.main) refers to bsp_key.o(i.bsp_InitKey) for bsp_InitKey
    main.o(i.main) refers to user_init.o(i.KEYINPUT_Init) for KEYINPUT_Init
    main.o(i.main) refers to idwt.o(i.IWDT_Init) for IWDT_Init
    main.o(i.main) refers to bstim16.o(i.BSTIM16_Init) for BSTIM16_Init
    main.o(i.main) refers to can.o(i.Can_Init) for Can_Init
    main.o(i.main) refers to gptim.o(i.GPTIM_Setup) for GPTIM_Setup
    main.o(i.main) refers to idle.o(i.Idle) for Idle
    user_init.o(.rev16_text) refers (Special) to use_no_semi_2.o(.text) for __use_no_semihosting
    user_init.o(.revsh_text) refers (Special) to use_no_semi_2.o(.text) for __use_no_semihosting
    user_init.o(i.ClockInit) refers (Special) to use_no_semi_2.o(.text) for __use_no_semihosting
    user_init.o(i.ClockInit) refers to user_init.o(i.FL_FLASH_SetReadWait) for FL_FLASH_SetReadWait
    user_init.o(i.ClockInit) refers to user_init.o(i.FL_CMU_RCHF_WriteTrimValue) for FL_CMU_RCHF_WriteTrimValue
    user_init.o(i.ClockInit) refers to user_init.o(i.FL_CDIF_SetPrescaler) for FL_CDIF_SetPrescaler
    user_init.o(i.DebugUartInit) refers (Special) to use_no_semi_2.o(.text) for __use_no_semihosting
    user_init.o(i.DebugUartInit) refers to rt_memclr.o(.text) for __aeabi_memclr4
    user_init.o(i.DebugUartInit) refers to fm33lg0xx_fl_gpio.o(i.FL_GPIO_Init) for FL_GPIO_Init
    user_init.o(i.DebugUartInit) refers to fm33lg0xx_fl_uart.o(i.FL_UART_Init) for FL_UART_Init
    user_init.o(i.FL_CDIF_SetPrescaler) refers (Special) to use_no_semi_2.o(.text) for __use_no_semihosting
    user_init.o(i.FL_CMU_RCHF_WriteTrimValue) refers (Special) to use_no_semi_2.o(.text) for __use_no_semihosting
    user_init.o(i.FL_FLASH_SetReadWait) refers (Special) to use_no_semi_2.o(.text) for __use_no_semihosting
    user_init.o(i.FL_GPIO_ResetOutputPin) refers (Special) to use_no_semi_2.o(.text) for __use_no_semihosting
    user_init.o(i.FoutInit) refers (Special) to use_no_semi_2.o(.text) for __use_no_semihosting
    user_init.o(i.FoutInit) refers to rt_memclr.o(.text) for __aeabi_memclr4
    user_init.o(i.FoutInit) refers to fm33lg0xx_fl_gpio.o(i.FL_GPIO_Init) for FL_GPIO_Init
    user_init.o(i.KEYINPUT_Init) refers (Special) to use_no_semi_2.o(.text) for __use_no_semihosting
    user_init.o(i.KEYINPUT_Init) refers to rt_memclr.o(.text) for __aeabi_memclr4
    user_init.o(i.KEYINPUT_Init) refers to fm33lg0xx_fl_gpio.o(i.FL_GPIO_Init) for FL_GPIO_Init
    user_init.o(i.LedInit) refers (Special) to use_no_semi_2.o(.text) for __use_no_semihosting
    user_init.o(i.LedInit) refers to rt_memclr.o(.text) for __aeabi_memclr4
    user_init.o(i.LedInit) refers to user_init.o(i.FL_GPIO_ResetOutputPin) for FL_GPIO_ResetOutputPin
[...]
    i.NVIC_SetPriority                       0x00005264   Section        0  lptim32.o(i.NVIC_SetPriority)
    NVIC_SetPriority                         0x00005265   Thumb Code   110  lptim32.o(i.NVIC_SetPriority)
    i.NVIC_SetPriority                       0x000052dc   Section        0  can.o(i.NVIC_SetPriority)
    NVIC_SetPriority                         0x000052dd   Thumb Code   110  can.o(i.NVIC_SetPriority)
    i.NVIC_SetPriority                       0x00005354   Section        0  bstim16.o(i.NVIC_SetPriority)
    NVIC_SetPriority                         0x00005355   Thumb Code   110  bstim16.o(i.NVIC_SetPriority)
    i.OCConfig                               0x000053cc   Section        0  fm33lg0xx_fl_gptim.o(i.OCConfig)
    OCConfig                                 0x000053cd   Thumb Code   416  fm33lg0xx_fl_gptim.o(i.OCConfig)
    i.PopEvent                               0x0000556c   Section        0  event.o(i.PopEvent)
    i.PushEvent                              0x000055bc   Section        0  event.o(i.PushEvent)
    i.Read                                   0x00005600   Section        0  eeprom.o(i.Read)
    i.ReadHalfWord                           0x00005684   Section        0  eeprom.o(i.ReadHalfWord)
    i.SC5037_ClearAllPoints                  0x0000568a   Section        0  lcd.o(i.SC5037_ClearAllPoints)
    i.SC5037_DisplayAll                      0x000056de   Section        0  lcd.o(i.SC5037_DisplayAll)
    i.SC5037_ShowRectangeEx                  0x000056f8   Section        0  lcd.o(i.SC5037_ShowRectangeEx)
    i.SystemInit                             0x00005858   Section        0  system_fm33lg0xx.o(i.SystemInit)
    i.UserInit                               0x00005948   Section        0  user_init.o(i.UserInit)
    i.Write                                  0x00005954   Section        0  eeprom.o(i.Write)
    i.__ARM_common_ll_muluu                  0x000059a4   Section        0  btod.o(i.__ARM_common_ll_muluu)
    i.__ARM_common_switch8                   0x000059d4   Section        0  systemrunning.o(i.__ARM_common_switch8)
    i.__ARM_fpclassify                       0x000059f0   Section        0  fpclassify.o(i.__ARM_fpclassify)
    i.__get_PRIMASK                          0x00005a1c   Section        0  fm33lg0xx_fl_flash.o(i.__get_PRIMASK)
    __get_PRIMASK                            0x00005a1d   Thumb Code     6  fm33lg0xx_fl_flash.o(i.__get_PRIMASK)
    i.__set_PRIMASK                          0x00005a22   Section        0  fm33lg0xx_fl_flash.o(i.__set_PRIMASK)
    __set_PRIMASK                            0x00005a23   Thumb Code     6  fm33lg0xx_fl_flash.o(i.__set_PRIMASK)
    i._sys_exit                              0x00005a28   Section        0  user_init.o(i._sys_exit)
    i.bsp_DetectKey                          0x00005a2c   Section        0  bsp_key.o(i.bsp_DetectKey)
    bsp_DetectKey                            0x00005a2d   Thumb Code    78  bsp_key.o(i.bsp_DetectKey)
    i.bsp_GetKey                             0x00005a88   Section        0  bsp_key.o(i.bsp_GetKey)
    i.bsp_InitKey                            0x00005ac8   Section        0  bsp_key.o(i.bsp_InitKey)
    i.bsp_InitKeyHard                        0x00005ad4   Section        0  bsp_key.o(i.bsp_InitKeyHard)
    bsp_InitKeyHard                          0x00005ad5   Thumb Code    64  bsp_key.o(i.bsp_InitKeyHard)
    i.bsp_InitKeyVar                         0x00005b18   Section        0  bsp_key.o(i.bsp_InitKeyVar)
    bsp_InitKeyVar                           0x00005b19   Thumb Code    62  bsp_key.o(i.bsp_InitKeyVar)
    i.bsp_KeyScan10ms                        0x00005b60   Section        0  bsp_key.o(i.bsp_KeyScan10ms)
    i.bsp_PutKey                             0x00005b68   Section        0  bsp_key.o(i.bsp_PutKey)
    i.can_reset_with_send                    0x00005b88   Section        0  can.o(i.can_reset_with_send)
    i.fputc                                  0x00005c28   Section        0  user_init.o(i.fputc)
    i.get_key                                0x00005c58   Section        0  bsp_key.o(i.get_key)
    i.getfloatinfo                           0x00005ca8   Section        0  lcd00_y094889vttfgs.o(i.getfloatinfo)
    i.lcd_display_animation                  0x00005df4   Section        0  lcd00_y094889vttfgs.o(i.lcd_display_animation)
    i.lcd_display_battery                    0x00005ed0   Section        0  lcd00_y094889vttfgs.o(i.lcd_display_battery)
    lcd_display_battery                      0x00005ed1   Thumb Code  2218  lcd00_y094889vttfgs.o(i.lcd_display_battery)
    i.lcd_display_clear_all_flags            0x00006780   Section        0  lcd00_y094889vttfgs.o(i.lcd_display_clear_all_flags)
    i.lcd_display_go_task                    0x00006868   Section        0  lcd00_y094889vttfgs.o(i.lcd_display_go_task)
    i.lcd_display_odograph                   0x00006888   Section        0  lcd00_y094889vttfgs.o(i.lcd_display_odograph)
    lcd_display_odograph                     0x00006889   Thumb Code  5412  lcd00_y094889vttfgs.o(i.lcd_display_odograph)
    i.lcd_display_ready_task                 0x00007db0   Section        0  lcd00_y094889vttfgs.o(i.lcd_display_ready_task)
    i.lcd_display_shift                      0x00008058   Section        0  lcd00_y094889vttfgs.o(i.lcd_display_shift)
    lcd_display_shift                        0x00008059   Thumb Code   562  lcd00_y094889vttfgs.o(i.lcd_display_shift)
    i.lcd_display_show_all_symbols           0x000082a0   Section        0  lcd00_y094889vttfgs.o(i.lcd_display_show_all_symbols)
    i.lcd_display_speed                      0x000084bc   Section        0  lcd00_y094889vttfgs.o(i.lcd_display_speed)
    lcd_display_speed                        0x000084bd   Thumb Code  1244  lcd00_y094889vttfgs.o(i.lcd_display_speed)
    i.lcd_display_tempture                   0x0000899c   Section        0  lcd00_y094889vttfgs.o(i.lcd_display_tempture)
    lcd_display_tempture                     0x0000899d   Thumb Code   796  lcd00_y094889vttfgs.o(i.lcd_display_tempture)
    i.lcd_display_time                       0x00008cc0   Section        0  lcd00_y094889vttfgs.o(i.lcd_display_time)
    lcd_display_time                         0x00008cc1   Thumb Code  1294  lcd00_y094889vttfgs.o(i.lcd_display_time)
    i.lcdgpioinit                            0x000091d4   Section        0  lcd.o(i.lcdgpioinit)
    lcdgpioinit                              0x000091d5   Thumb Code   102  lcd.o(i.lcdgpioinit)
    i.main                                   0x00009240   Section        0  main.o(i.main)
    i.modf                                   0x00009298   Section        0  modf.o(i.modf)
    i.task_io_refresh                        0x00009328   Section        0  systemrunning.o(i.task_io_refresh)
    i.task_odograph_counting                 0x000094ec   Section        0  systemrunning.o(i.task_odograph_counting)
    i.task_time_flashing                     0x00009620   Section        0  systemrunning.o(i.task_time_flashing)
    i.timer_100ms                            0x00009644   Section        0  lptim32.o(i.timer_100ms)
    timer_100ms                              0x00009645   Thumb Code    10  lptim32.o(i.timer_100ms)
    i.timer_1s                               0x0000964e   Section        0  lptim32.o(i.timer_1s)
    timer_1s                                 0x0000964f   Thumb Code    10  lptim32.o(i.timer_1s)
    i.timer_250ms                            0x00009658   Section        0  lptim32.o(i.timer_250ms)
    timer_250ms                              0x00009659   Thumb Code    10  lptim32.o(i.timer_250ms)
    i.timer_25ms                             0x00009662   Section        0  lptim32.o(i.timer_25ms)
    timer_25ms                               0x00009663   Thumb Code    10  lptim32.o(i.timer_25ms)
    i.timer_500ms                            0x0000966c   Section        0  lptim32.o(i.timer_500ms)
    timer_500ms                              0x0000966d   Thumb Code    10  lptim32.o(i.timer_500ms)
    i.timer_50ms                             0x00009676   Section        0  lptim32.o(i.timer_50ms)
    timer_50ms                               0x00009677   Thumb Code    10  lptim32.o(i.timer_50ms)
    i.timer_run                              0x00009680   Section        0  lptim32.o(i.timer_run)
    timer_run                                0x00009681   Thumb Code    74  lptim32.o(i.timer_run)
    i.wrdata                                 0x000096d0   Section        0  lcd.o(i.wrdata)
    wrdata                                   0x000096d1   Thumb Code   140  lcd.o(i.wrdata)
    i.wrins                                  0x00009760   Section        0  lcd.o(i.wrins)
    wrins                                    0x00009761   Thumb Code   140  lcd.o(i.wrins)
    locale$$code                             0x000097f0   Section       44  lc_numeric_c.o(locale$$code)
    x$fpl$dleqf                              0x0000981c   Section      100  dlef.o(x$fpl$dleqf)
    x$fpl$drleqf                             0x00009880   Section      104  drlef.o(x$fpl$drleqf)
    x$fpl$fadd                               0x000098e8   Section      140  faddsub.o(x$fpl$fadd)
    _fadd1                                   0x000098f5   Thumb Code     0  faddsub.o(x$fpl$fadd)
    x$fpl$feqf                               0x00009974   Section       84  feqf.o(x$fpl$feqf)
    x$fpl$frleqf                             0x000099c8   Section       88  frlef.o(x$fpl$frleqf)
    x$fpl$fsub                               0x00009a20   Section      208  faddsub.o(x$fpl$fsub)
    _fsub1                                   0x00009a2d   Thumb Code     0  faddsub.o(x$fpl$fsub)
    x$fpl$printf1                            0x00009af0   Section       16  printf1.o(x$fpl$printf1)
    .constdata                               0x00009b00   Section       48  bsp_key.o(.constdata)
    x$fpl$usenofp                            0x00009b00   Section        0  usenofp.o(x$fpl$usenofp)
    s_gpio_list                              0x00009b00   Data          48  bsp_key.o(.constdata)
    .constdata                               0x00009b30   Section      128  ddiv.o(.constdata)
    ddiv_reciptbl                            0x00009b30   Data         128  ddiv.o(.constdata)
    .constdata                               0x00009bb0   Section       64  fdiv.o(.constdata)
    fdiv_tab                                 0x00009bb0   Data          64  fdiv.o(.constdata)
    .constdata                               0x00009bf0   Section      148  bigflt0.o(.constdata)
    tenpwrs_x                                0x00009bf0   Data          60  bigflt0.o(.constdata)
    tenpwrs_i                                0x00009c2c   Data          64  bigflt0.o(.constdata)
    locale$$data                             0x00009ca4   Section       28  lc_numeric_c.o(locale$$data)
    __lcnum_c_name                           0x00009ca8   Data           2  lc_numeric_c.o(locale$$data)
    __lcnum_c_start                          0x00009cb0   Data           0  lc_numeric_c.o(locale$$data)
    __lcnum_c_point                          0x00009cbc   Data           0  lc_numeric_c.o(locale$$data)
    __lcnum_c_thousands                      0x00009cbe   Data           0  lc_numeric_c.o(locale$$data)
    __lcnum_c_grouping                       0x00009cbf   Data           0  lc_numeric_c.o(locale$$data)
    __lcnum_c_end                            0x00009cc0   Data           0  lc_numeric_c.o(locale$$data)
    .data                                    0x20000000   Section        4  user_init.o(.data)
    .data                                    0x20000004   Section       10  adc.o(.data)
    .data                                    0x20000010   Section        9  bsp_key.o(.data)
    ret                                      0x20000011   Data           1  bsp_key.o(.data)
    prekeynum                                0x20000012   Data           1  bsp_key.o(.data)
    keycnt                                   0x20000014   Data           4  bsp_key.o(.data)
    preKeyCode                               0x20000018   Data           1  bsp_key.o(.data)
    .data                                    0x2000001a   Section        6  idle.o(.data)
    statemachine                             0x2000001a   Data           1  idle.o(.data)
    i                                        0x2000001c   Data           2  idle.o(.data)
    brightness                               0x2000001e   Data           2  idle.o(.data)
    .data                                    0x20000020   Section       73  lptim32.o(.data)
    TIMERS                                   0x20000020   Data          72  lptim32.o(.data)
    cnt500ms                                 0x20000068   Data           1  lptim32.o(.data)
    .data                                    0x2000006c   Section       59  can.o(.data)
    pre_mcubeat                              0x200000a4   Data           1  can.o(.data)
    pre_bmsbeat                              0x200000a5   Data           1  can.o(.data)
    pre_vcubeat                              0x200000a6   Data           1  can.o(.data)
    .data                                    0x200000a8   Section        8  bstim16.o(.data)
    .data                                    0x200000b0   Section        5  gptim.o(.data)
    .data                                    0x200000b5   Section        1  lcd.o(.data)
    idx                                      0x200000b5   Data           1  lcd.o(.data)
    .data                                    0x200000b6   Section       18  lcd00_y094889vttfgs.o(.data)
    tab                                      0x200000b6   Data          18  lcd00_y094889vttfgs.o(.data)
    .data                                    0x200000c8   Section       15  systemrunning.o(.data)
    pre_key                                  0x200000c9   Data           1  systemrunning.o(.data)
    keycnt                                   0x200000ca   Data           1  systemrunning.o(.data)
    havelong                                 0x200000cb   Data           1  systemrunning.o(.data)
    pre_trip                                 0x200000cc   Data           4  systemrunning.o(.data)
    pre_odo_number_km                        0x200000d0   Data           4  systemrunning.o(.data)
    batterya                                 0x200000d4   Data           1  systemrunning.o(.data)
    batteryb                                 0x200000d5   Data           1  systemrunning.o(.data)
    batteryab                                0x200000d6   Data           1  systemrunning.o(.data)
    .data                                    0x200000d7   Section        2  display.o(.data)
    u8OpenAnimationStep                      0x200000d7   Data           1  display.o(.data)
    step                                     0x200000d8   Data           1  display.o(.data)
    .data                                    0x200000dc   Section        4  eeprom.o(.data)
    .data                                    0x200000e0   Section        4  system_fm33lg0xx.o(.data)
    .bss                                     0x200000e4   Section      128  bsp_key.o(.bss)
    s_tBtn                                   0x200000e4   Data          96  bsp_key.o(.bss)
    s_tKey                                   0x20000144   Data          13  bsp_key.o(.bss)
    pBtn                                     0x20000154   Data          16  bsp_key.o(.bss)
    .bss                                     0x20000164   Section       44  can.o(.bss)
    .bss                                     0x20000190   Section       92  lcd00_y094889vttfgs.o(.bss)
    _seg                                     0x20000190   Data          40  lcd00_y094889vttfgs.o(.bss)
    .bss                                     0x200001f0   Section      120  systemrunning.o(.bss)
    .bss                                     0x20000268   Section       12  event.o(.bss)
    stEvent                                  0x20000268   Data          12  event.o(.bss)
    .bss                                     0x20000274   Section      320  eeprom.o(.bss)
    .bss                                     0x200003b4   Section       96  libspace.o(.bss)
    HEAP                                     0x20000418   Section     2048  startup_fm33lg0xx.o(HEAP)
    Heap_Mem                                 0x20000418   Data        2048  startup_fm33lg0xx.o(HEAP)
    STACK                                    0x20000c18   Section     2048  startup_fm33lg0xx.o(STACK)
    Stack_Mem                                0x20000c18   Data        2048  startup_fm33lg0xx.o(STACK)
    __initial_sp                             0x20001418   Data           0  startup_fm33lg0xx.o(STACK)

    Global Symbols

    Symbol Name                              Value     Ov Type        Size  Object(Section)

    BuildAttributes$$THM_ISAv3M$S$PE$A:L22$X:L11$S22$IEEE1$IW$USESV6$~STKCKD$USESV7$~SHL$OTIME$ROPI$IEEEJ$EBA8$UX$STANDARDLIB$REQ8$PRES8$EABIv2 0x00000000   Number         0  anon$$obj.o ABSOLUTE
    __ARM_use_no_argv                        0x00000000   Number         0  main.o ABSOLUTE
    __Vectors                                0x00000000   Data           4  startup_fm33lg0xx.o(RESET)
    __ARM_exceptions_init                     - Undefined Weak Reference
    __alloca_initialize                       - Undefined Weak Reference
    __arm_fini_                               - Undefined Weak Reference
    __arm_preinit_                            - Undefined Weak Reference
    __cpp_initialize__aeabi_                  - Undefined Weak Reference
    __cxa_finalize                            - Undefined Weak Reference
    __sigvec_lookup                           - Undefined Weak Reference
    _atexit_init                              - Undefined Weak Reference
    _call_atexit_fns                          - Undefined Weak Reference
    _clock_init                               - Undefined Weak Reference
    _fp_trap_init                             - Undefined Weak Reference
    _fp_trap_shutdown                         - Undefined Weak Reference
    _get_lc_collate                           - Undefined Weak Reference
    _get_lc_ctype                             - Undefined Weak Reference
    _get_lc_monetary                          - Undefined Weak Reference
    _get_lc_time                              - Undefined Weak Reference
    _getenv_init                              - Undefined Weak Reference
    _handle_redirection                       - Undefined Weak Reference
    _init_alloc                               - Undefined Weak Reference
    _init_user_alloc                          - Undefined Weak Reference
    _initio                                   - Undefined Weak Reference
    _mutex_acquire                            - Undefined Weak Reference
    _mutex_release                            - Undefined Weak Reference
    _printf_post_padding                      - Undefined Weak Reference
    _printf_pre_padding                       - Undefined Weak Reference
    _printf_truncate_signed                   - Undefined Weak Reference
    _printf_truncate_unsigned                 - Undefined Weak Reference
    _rand_init                                - Undefined Weak Reference
    _signal_finish                            - Undefined Weak Reference
    _signal_init                              - Undefined Weak Reference
    _terminate_alloc                          - Undefined Weak Reference
    _terminate_user_alloc                     - Undefined Weak Reference
    _terminateio                              - Undefined Weak Reference
    __Vectors_End                            0x000000c0   Data           0  startup_fm33lg0xx.o(RESET)
    __Vectors_Size                           0x000000c0   Number         0  startup_fm33lg0xx.o ABSOLUTE
    __main                                   0x000000c1   Thumb Code     8  __main.o(!!!main)
    __scatterload                            0x000000c9   Thumb Code     0  __scatter.o(!!!scatter)
    __scatterload_rt2                        0x000000c9   Thumb Code    52  __scatter.o(!!!scatter)
    __scatterload_rt2_thumb_only             0x000000c9   Thumb Code     0  __scatter.o(!!!scatter)
    __scatterload_null                       0x000000d9   Thumb Code     0  __scatter.o(!!!scatter)
    __scatterload_copy                       0x00000105   Thumb Code    26  __scatter_copy.o(!!handler_copy)
    __scatterload_zeroinit                   0x00000121   Thumb Code    28  __scatter_zi.o(!!handler_zi)
    _printf_percent                          0x0000013d   Thumb Code     0  _printf_percent.o(.ARM.Collect$$_printf_percent$$00000000)
    _printf_f                                0x0000013f   Thumb Code     0  _printf_f.o(.ARM.Collect$$_printf_percent$$00000003)
    _printf_d                                0x00000149   Thumb Code     0  _printf_d.o(.ARM.Collect$$_printf_percent$$00000009)
    _printf_percent_end                      0x00000153   Thumb Code     0  _printf_percent_end.o(.ARM.Collect$$_printf_percent$$00000017)
    __rt_lib_init                            0x00000157   Thumb Code     0  libinit.o(.ARM.Collect$$libinit$$00000000)
    __rt_lib_init_fp_1                       0x00000159   Thumb Code     0  libinit2.o(.ARM.Collect$$libinit$$00000002)
    __rt_lib_init_heap_1                     0x00000159   Thumb Code     0  libinit2.o(.ARM.Collect$$libinit$$0000000A)
    __rt_lib_init_lc_common                  0x00000159   Thumb Code     0  libinit2.o(.ARM.Collect$$libinit$$0000000F)
    __rt_lib_init_preinit_1                  0x00000159   Thumb Code     0  libinit2.o(.ARM.Collect$$libinit$$00000004)
    __rt_lib_init_rand_1                     0x00000159   Thumb Code     0  libinit2.o(.ARM.Collect$$libinit$$0000000E)
    __rt_lib_init_user_alloc_1               0x00000159   Thumb Code     0  libinit2.o(.ARM.Collect$$libinit$$0000000C)
    __rt_lib_init_lc_collate_1               0x0000015f   Thumb Code     0  libinit2.o(.ARM.Collect$$libinit$$00000011)
    __rt_lib_init_lc_ctype_1                 0x0000015f   Thumb Code     0  libinit2.o(.ARM.Collect$$libinit$$00000013)
    __rt_lib_init_lc_monetary_1              0x0000015f   Thumb Code     0  libinit2.o(.ARM.Collect$$libinit$$00000015)
    __rt_lib_init_lc_numeric_2               0x0000015f   Thumb Code     0  libinit2.o(.ARM.Collect$$libinit$$00000016)
    __rt_lib_init_alloca_1                   0x00000169   Thumb Code     0  libinit2.o(.ARM.Collect$$libinit$$0000002E)
    __rt_lib_init_argv_1                     0x00000169   Thumb Code     0  libinit2.o(.ARM.Collect$$libinit$$0000002C)
    __rt_lib_init_atexit_1                   0x00000169   Thumb Code     0  libinit2.o(.ARM.Collect$$libinit$$0000001B)
    __rt_lib_init_clock_1                    0x00000169   Thumb Code     0  libinit2.o(.ARM.Collect$$libinit$$00000021)
    __rt_lib_init_cpp_1                      0x00000169   Thumb Code     0  libinit2.o(.ARM.Collect$$libinit$$00000032)
    __rt_lib_init_exceptions_1               0x00000169   Thumb Code     0  libinit2.o(.ARM.Collect$$libinit$$00000030)
    __rt_lib_init_fp_trap_1                  0x00000169   Thumb Code     0  libinit2.o(.ARM.Collect$$libinit$$0000001F)
    __rt_lib_init_getenv_1                   0x00000169   Thumb Code     0  libinit2.o(.ARM.Collect$$libinit$$00000023)
    __rt_lib_init_lc_numeric_1               0x00000169   Thumb Code     0  libinit2.o(.ARM.Collect$$libinit$$00000017)
    __rt_lib_init_lc_time_1                  0x00000169   Thumb Code     0  libinit2.o(.ARM.Collect$$libinit$$00000019)
    __rt_lib_init_return                     0x00000169   Thumb Code     0  libinit2.o(.ARM.Collect$$libinit$$00000033)
    __rt_lib_init_signal_1                   0x00000169   Thumb Code     0  libinit2.o(.ARM.Collect$$libinit$$0000001D)
    __rt_lib_init_stdio_1                    0x00000169   Thumb Code     0  libinit2.o(.ARM.Collect$$libinit$$00000025)
    __rt_lib_shutdown                        0x0000016b   Thumb Code     0  libshutdown.o(.ARM.Collect$$libshutdown$$00000000)
    __rt_lib_shutdown_cpp_1                  0x0000016d   Thumb Code     0  libshutdown2.o(.ARM.Collect$$libshutdown$$00000004)
    __rt_lib_shutdown_fini_1                 0x0000016d   Thumb Code     0  libshutdown2.o(.ARM.Collect$$libshutdown$$00000002)
    __rt_lib_shutdown_fp_trap_1              0x0000016d   Thumb Code     0  libshutdown2.o(.ARM.Collect$$libshutdown$$00000009)
    __rt_lib_shutdown_heap_1                 0x0000016d   Thumb Code     0  libshutdown2.o(.ARM.Collect$$libshutdown$$00000011)
    __rt_lib_shutdown_return                 0x0000016d   Thumb Code     0  libshutdown2.o(.ARM.Collect$$libshutdown$$00000012)
    __rt_lib_shutdown_signal_1               0x0000016d   Thumb Code     0  libshutdown2.o(.ARM.Collect$$libshutdown$$0000000C)
    __rt_lib_shutdown_stdio_1                0x0000016d   Thumb Code     0  libshutdown2.o(.ARM.Collect$$libshutdown$$00000006)
    __rt_lib_shutdown_user_alloc_1           0x0000016d   Thumb Code     0  libshutdown2.o(.ARM.Collect$$libshutdown$$0000000E)
    __rt_entry                               0x0000016f   Thumb Code     0  __rtentry.o(.ARM.Collect$$rtentry$$00000000)
    __rt_entry_presh_1                       0x0000016f   Thumb Code     0  __rtentry2.o(.ARM.Collect$$rtentry$$00000002)
    __rt_entry_sh                            0x0000016f   Thumb Code     0  __rtentry4.o(.ARM.Collect$$rtentry$$00000004)
    __rt_entry_li                            0x00000175   Thumb Code     0  __rtentry2.o(.ARM.Collect$$rtentry$$0000000A)
    __rt_entry_postsh_1                      0x00000175   Thumb Code     0  __rtentry2.o(.ARM.Collect$$rtentry$$00000009)
    __rt_entry_main                          0x00000179   Thumb Code     0  __rtentry2.o(.ARM.Collect$$rtentry$$0000000D)
    __rt_entry_postli_1                      0x00000179   Thumb Code     0  __rtentry2.o(.ARM.Collect$$rtentry$$0000000C)
    __rt_exit                                0x00000181   Thumb Code     0  rtexit.o(.ARM.Collect$$rtexit$$00000000)
    __rt_exit_ls                             0x00000183   Thumb Code     0  rtexit2.o(.ARM.Collect$$rtexit$$00000003)
    __rt_exit_prels_1                        0x00000183   Thumb Code     0  rtexit2.o(.ARM.Collect$$rtexit$$00000002)
    __rt_exit_exit                           0x00000187   Thumb Code     0  rtexit2.o(.ARM.Collect$$rtexit$$00000004)
    Reset_Handler                            0x0000018d   Thumb Code     8  startup_fm33lg0xx.o(.text)
    NMI_Handler                              0x00000195   Thumb Code     2  startup_fm33lg0xx.o(.text)
    HardFault_Handler                        0x00000197   Thumb Code     2  startup_fm33lg0xx.o(.text)
    SVC_Handler                              0x00000199   Thumb Code     2  startup_fm33lg0xx.o(.text)
    PendSV_Handler                           0x0000019b   Thumb Code     2  startup_fm33lg0xx.o(.text)
    SysTick_Handler                          0x0000019d   Thumb Code     2  startup_fm33lg0xx.o(.text)
    ADC_IRQHandler                           0x0000019f   Thumb Code     0  startup_fm33lg0xx.o(.text)
    AES_IRQHandler                           0x0000019f   Thumb Code     0  startup_fm33lg0xx.o(.text)
    ATIM_IRQHandler                          0x0000019f   Thumb Code     0  startup_fm33lg0xx.o(.text)
    CCL_IRQHandler                           0x0000019f   Thumb Code     0  startup_fm33lg0xx.o(.text)
    COMPx_IRQHandler                         0x0000019f   Thumb Code     0  startup_fm33lg0xx.o(.text)
    DAC_IRQHandler                           0x0000019f   Thumb Code     0  startup_fm33lg0xx.o(.text)
    FDET_IRQHandler                          0x0000019f   Thumb Code     0  startup_fm33lg0xx.o(.text)
    FLASH_IRQHandler                         0x0000019f   Thumb Code     0  startup_fm33lg0xx.o(.text)
    GPIO_IRQHandler                          0x0000019f   Thumb Code     0  startup_fm33lg0xx.o(.text)
    GPTIM0_1_IRQHandler                      0x0000019f   Thumb Code     0  startup_fm33lg0xx.o(.text)
    GPTIM2_IRQHandler                        0x0000019f   Thumb Code     0  startup_fm33lg0xx.o(.text)
    I2C_IRQHandler                           0x0000019f   Thumb Code     0  startup_fm33lg0xx.o(.text)
    LPUARTx_IRQHandler                       0x0000019f   Thumb Code     0  startup_fm33lg0xx.o(.text)
    LUT_IRQHandler                           0x0000019f   Thumb Code     0  startup_fm33lg0xx.o(.text)
    RTC_IRQHandler                           0x0000019f   Thumb Code     0  startup_fm33lg0xx.o(.text)
    SPI0_IRQHandler                          0x0000019f   Thumb Code     0  startup_fm33lg0xx.o(.text)
    SPI1_IRQHandler                          0x0000019f   Thumb Code     0  startup_fm33lg0xx.o(.text)
    SPI2_IRQHandler                          0x0000019f   Thumb Code     0  startup_fm33lg0xx.o(.text)
    SVD_IRQHandler                           0x0000019f   Thumb Code     0  startup_fm33lg0xx.o(.text)
    U7816_IRQHandler                         0x0000019f   Thumb Code     0  startup_fm33lg0xx.o(.text)
    UART0_IRQHandler                         0x0000019f   Thumb Code     0  startup_fm33lg0xx.o(.text)
    UART1_IRQHandler                         0x0000019f   Thumb Code     0  startup_fm33lg0xx.o(.text)
    UART3_IRQHandler                         0x0000019f   Thumb Code     0  startup_fm33lg0xx.o(.text)
    UART4_IRQHandler                         0x0000019f   Thumb Code     0  startup_fm33lg0xx.o(.text)
    UART5_IRQHandler                         0x0000019f   Thumb Code     0  startup_fm33lg0xx.o(.text)
    VREF_IRQHandler                          0x0000019f   Thumb Code     0  startup_fm33lg0xx.o(.text)
    WDT_IRQHandler                           0x0000019f   Thumb Code     0  startup_fm33lg0xx.o(.text)
    WKUPx_IRQHandler                         0x0000019f   Thumb Code     0  startup_fm33lg0xx.o(.text)
    __user_initial_stackheap                 0x000001a1   Thumb Code     0  startup_fm33lg0xx.o(.text)
    __use_no_semihosting                     0x000001c5   Thumb Code     2  use_no_semi_2.o(.text)
    __2printf                                0x000001c9   Thumb Code    22  noretval__2printf.o(.text)
    __printf                                 0x000001e5   Thumb Code   108  __printf.o(.text)
    _printf_int_dec                          0x00000251   Thumb Code    90  _printf_dec.o(.text)
    _memset_w                                0x000002bd   Thumb Code    26  rt_memclr.o(.text)
    _memset                                  0x000002d7   Thumb Code    30  rt_memclr.o(.text)
    __aeabi_memclr                           0x000002f5   Thumb Code     4  rt_memclr.o(.text)
    __rt_memclr                              0x000002f5   Thumb Code     0  rt_memclr.o(.text)
    __aeabi_memclr4                          0x000002f9   Thumb Code     0  rt_memclr.o(.text)
    __aeabi_memclr8                          0x000002f9   Thumb Code     0  rt_memclr.o(.text)
    __rt_memclr_w                            0x000002f9   Thumb Code     4  rt_memclr.o(.text)
    __aeabi_uidiv                            0x000002fd   Thumb Code     0  aeabi_sdiv.o(.text)
    __aeabi_uidivmod                         0x000002fd   Thumb Code    20  aeabi_sdiv.o(.text)
    __aeabi_idiv                             0x00000311   Thumb Code     0  aeabi_sdiv.o(.text)
    __aeabi_idivmod                          0x00000311   Thumb Code   326  aeabi_sdiv.o(.text)
    __use_two_region_memory                  0x00000457   Thumb Code     2  heapauxi.o(.text)
    __rt_heap_escrow$2region                 0x00000459   Thumb Code     2  heapauxi.o(.text)
    __rt_heap_expand$2region                 0x0000045b   Thumb Code     2  heapauxi.o(.text)
    __aeabi_d2f                              0x0000045d   Thumb Code     0  d2f.o(.text)
    _d2f                                     0x0000045d   Thumb Code   120  d2f.o(.text)
    __aeabi_dadd                             0x000007d1   Thumb Code     0  daddsub.o(.text)
    _dadd                                    0x000007d1   Thumb Code    26  daddsub.o(.text)
    __aeabi_dsub                             0x000007eb   Thumb Code     0  daddsub.o(.text)
    _dsub                                    0x000007eb   Thumb Code    22  daddsub.o(.text)
    __aeabi_drsub                            0x00000801   Thumb Code     0  daddsub.o(.text)
    _drsb                                    0x00000801   Thumb Code    28  daddsub.o(.text)
    __aeabi_ddiv                             0x00000831   Thumb Code     0  ddiv.o(.text)
    _ddiv                                    0x00000831   Thumb Code  1072  ddiv.o(.text)
    _drdiv                                   0x00000c61   Thumb Code    20  ddiv.o(.text)
    __aeabi_d2uiz                            0x00000c79   Thumb Code     0  dfixui.o(.text)
    _dfixu                                   0x00000c79   Thumb Code    68  dfixui.o(.text)
    __aeabi_i2d_normalise                    0x00000cc1   Thumb Code    66  dflti.o(.text)
    __aeabi_i2d                              0x00000d03   Thumb Code    16  dflti.o(.text)
    _dflt                                    0x00000d03   Thumb Code     0  dflti.o(.text)
    __aeabi_ui2d                             0x00000d13   Thumb Code     6  dflti.o(.text)
    _dfltu                                   0x00000d13   Thumb Code     0  dflti.o(.text)
    __aeabi_dmul                             0x00000d19   Thumb Code     0  dmul.o(.text)
    _dmul                                    0x00000d19   Thumb Code   558  dmul.o(.text)
    __aeabi_f2d                              0x00000f61   Thumb Code     0  f2d.o(.text)
    _f2d                                     0x00000f61   Thumb Code    80  f2d.o(.text)
    __aeabi_fdiv                             0x00000fb5   Thumb Code     0  fdiv.o(.text)
    _fdiv                                    0x00000fb5   Thumb Code   334  fdiv.o(.text)
    _frdiv                                   0x00001103   Thumb Code     8  fdiv.o(.text)
    __aeabi_i2f_normalise                    0x00001115   Thumb Code    72  fflti.o(.text)
    __aeabi_i2f                              0x0000115d   Thumb Code    16  fflti.o(.text)
    _fflt                                    0x0000115d   Thumb Code     0  fflti.o(.text)
    __aeabi_ui2f                             0x0000116d   Thumb Code     6  fflti.o(.text)
    _ffltu                                   0x0000116d   Thumb Code     0  fflti.o(.text)
    __I$use$semihosting                      0x00001173   Thumb Code     0  use_no_semi.o(.text)
    __use_no_semihosting_swi                 0x00001173   Thumb Code     2  use_no_semi.o(.text)
    _printf_int_common                       0x00001175   Thumb Code   176  _printf_intcommon.o(.text)
    __lib_sel_fp_printf                      0x00001225   Thumb Code     2  _printf_fp_dec.o(.text)
    _printf_fp_dec_real                      0x000013c3   Thumb Code   620  _printf_fp_dec.o(.text)
    _printf_char_file                        0x0000163d   Thumb Code    34  _printf_char_file.o(.text)
    __rt_udiv10                              0x00001665   Thumb Code    40  rtudiv10.o(.text)
    __fpl_dcmp_InfNaN                        0x0000168d   Thumb Code   140  dcmpin.o(.text)
    __fpl_fcmp_InfNaN                        0x0000171d   Thumb Code    96  fcmpin.o(.text)
    __rt_locale                              0x00001781   Thumb Code     8  rt_locale_intlibspace.o(.text)
    _ll_udiv10                               0x00001789   Thumb Code   122  lludiv10.o(.text)
    _printf_char_common                      0x0000180f   Thumb Code    32  _printf_char_common.o(.text)
    _printf_fp_infnan                        0x00001835   Thumb Code   120  _printf_fp_infnan.o(.text)
    _btod_etento                             0x000018bd   Thumb Code   210  bigflt0.o(.text)
    _btod_d2e                                0x00001995   Thumb Code    64  btod.o(.text)
    _btod_emul                               0x00001dc9   Thumb Code    28  btod.o(.text)
    _btod_emuld                              0x00001de5   Thumb Code   144  btod.o(.text)
    _btod_ediv                               0x00001e75   Thumb Code    26  btod.o(.text)
    _btod_edivd                              0x00001e8f   Thumb Code   124  btod.o(.text)
    ferror                                   0x00001f15   Thumb Code     8  ferror.o(.text)
    __fpl_cmpreturn                          0x00001f1d   Thumb Code    46  cmpret.o(.text)
    __fpl_dcheck_NaN2                        0x00001f4d   Thumb Code    14  dnan2.o(.text)
    __fpl_fcheck_NaN2                        0x00001f61   Thumb Code    10  fnan2.o(.text)
    __user_libspace                          0x00001f71   Thumb Code     8  libspace.o(.text)
    __user_perproc_libspace                  0x00001f71   Thumb Code     0  libspace.o(.text)
    __user_perthread_libspace                0x00001f71   Thumb Code     0  libspace.o(.text)
    __user_setup_stackheap                   0x00001f79   Thumb Code    62  sys_stackheap_outer.o(.text)
    exit                                     0x00001fb7   Thumb Code    16  exit.o(.text)
    strcmp                                   0x00001fc9   Thumb Code   132  strcmp.o(.text)
    __fpl_return_NaN                         0x00002051   Thumb Code    94  retnan.o(.text)
    ATIM_Init                                0x000020b1   Thumb Code   108  atim.o(i.ATIM_Init)
    BSTIM16_Init                             0x00002125   Thumb Code   138  bstim16.o(i.BSTIM16_Init)
    BSTIM_IRQHandler                         0x000021c1   Thumb Code   120  bstim16.o(i.BSTIM_IRQHandler)
    CAN_IRQHandler                           0x0000226d   Thumb Code    50  can.o(i.CAN_IRQHandler)
    CAN_SetMsg                               0x000022a5   Thumb Code    72  can.o(i.CAN_SetMsg)
    Can_Init                                 0x00002301   Thumb Code     8  can.o(i.Can_Init)
    DMA_IRQHandler                           0x00002309   Thumb Code    48  adc.o(i.DMA_IRQHandler)
    DebugUartInit                            0x00002341   Thumb Code    82  user_init.o(i.DebugUartInit)
    DisplayAnimation                         0x0000239d   Thumb Code   380  display.o(i.DisplayAnimation)
    DisplaySystemInformation                 0x0000252d   Thumb Code  2150  display.o(i.DisplaySystemInformation)
    FLASH_Program_Para                       0x00002e75   Thumb Code    56  eeprom.o(i.FLASH_Program_Para)
    FLASH_Read_Para                          0x00002eb1   Thumb Code    34  eeprom.o(i.FLASH_Read_Para)
    FL_ATIM_Init                             0x00002edd   Thumb Code   406  fm33lg0xx_fl_atim.o(i.FL_ATIM_Init)
    FL_BSTIM16_Init                          0x00003099   Thumb Code   302  fm33lg0xx_fl_bstim16.o(i.FL_BSTIM16_Init)
    FL_CAN_FIFO_Read                         0x000031e9   Thumb Code   982  can.o(i.FL_CAN_FIFO_Read)
    FL_CAN_FIFO_Write                        0x00003625   Thumb Code   108  can.o(i.FL_CAN_FIFO_Write)
    FL_CAN_Frame_Send                        0x00003695   Thumb Code   168  can.o(i.FL_CAN_Frame_Send)
    FL_CAN_Init                              0x00003741   Thumb Code   496  fm33lg0xx_fl_can.o(i.FL_CAN_Init)
    FL_CMU_GetAHBClockFreq                   0x000039c9   Thumb Code   114  fm33lg0xx_fl_cmu.o(i.FL_CMU_GetAHBClockFreq)
    FL_CMU_GetAPBClockFreq                   0x00003a41   Thumb Code   114  fm33lg0xx_fl_cmu.o(i.FL_CMU_GetAPBClockFreq)
    FL_CMU_GetPLLClockFreq                   0x00003ab9   Thumb Code   160  fm33lg0xx_fl_cmu.o(i.FL_CMU_GetPLLClockFreq)
    FL_CMU_GetRCHFClockFreq                  0x00003b61   Thumb Code    60  fm33lg0xx_fl_cmu.o(i.FL_CMU_GetRCHFClockFreq)
    FL_CMU_GetRCLFClockFreq                  0x00003bb1   Thumb Code    70  fm33lg0xx_fl_cmu.o(i.FL_CMU_GetRCLFClockFreq)
    FL_CMU_GetSystemClockFreq                0x00003bfd   Thumb Code    84  fm33lg0xx_fl_cmu.o(i.FL_CMU_GetSystemClockFreq)
    FL_DelayInit                             0x00003c65   Thumb Code    26  fm33lg0xx_fl.o(i.FL_DelayInit)
    FL_DelayMs                               0x00003c85   Thumb Code    24  fm33lg0xx_fl.o(i.FL_DelayMs)
    FL_DelayUs                               0x00003c9d   Thumb Code    56  fm33lg0xx_fl.o(i.FL_DelayUs)
    FL_FLASH_PageErase                       0x00003d65   Thumb Code   252  fm33lg0xx_fl_flash.o(i.FL_FLASH_PageErase)
    FL_FLASH_Program_Word                    0x00003e79   Thumb Code   246  fm33lg0xx_fl_flash.o(i.FL_FLASH_Program_Word)
    FL_GPIO_Init                             0x00003fc9   Thumb Code   470  fm33lg0xx_fl_gpio.o(i.FL_GPIO_Init)
    FL_GPTIM_Init                            0x00004231   Thumb Code   322  fm33lg0xx_fl_gptim.o(i.FL_GPTIM_Init)
    FL_GPTIM_OC_Init                         0x00004381   Thumb Code   490  fm33lg0xx_fl_gptim.o(i.FL_GPTIM_OC_Init)
    FL_IWDT_Init                             0x00004585   Thumb Code   178  fm33lg0xx_fl_iwdt.o(i.FL_IWDT_Init)
    FL_Init                                  0x00004649   Thumb Code     8  fm33lg0xx_fl.o(i.FL_Init)
    FL_LPTIM32_Init                          0x00004651   Thumb Code   558  fm33lg0xx_fl_lptim32.o(i.FL_LPTIM32_Init)
    FL_LPTIM32_StructInit                    0x00004895   Thumb Code    20  fm33lg0xx_fl_lptim32.o(i.FL_LPTIM32_StructInit)
    FL_UART_Init                             0x000048a9   Thumb Code   692  fm33lg0xx_fl_uart.o(i.FL_UART_Init)
    GPTIM_Setup                              0x00004b79   Thumb Code   110  gptim.o(i.GPTIM_Setup)
    GetBit                                   0x00004bf5   Thumb Code    22  lcd.o(i.GetBit)
    IWDT_Init                                0x00004c0d   Thumb Code    20  idwt.o(i.IWDT_Init)
    Idle                                     0x00004c25   Thumb Code   270  idle.o(i.Idle)
    IsKeyDownFunc                            0x00004d5d   Thumb Code    38  bsp_key.o(i.IsKeyDownFunc)
    KEYINPUT_Init                            0x00004d85   Thumb Code    72  user_init.o(i.KEYINPUT_Init)
    LPTIM32_Setup                            0x00004e09   Thumb Code   140  lptim32.o(i.LPTIM32_Setup)
    LPTIM_IRQHandler                         0x00004ea1   Thumb Code   172  lptim32.o(i.LPTIM_IRQHandler)
    LcdConfig                                0x00004f71   Thumb Code   150  lcd.o(i.LcdConfig)
    LedInit                                  0x00005009   Thumb Code    56  user_init.o(i.LedInit)
    LedSet                                   0x00005045   Thumb Code    20  gptim.o(i.LedSet)
    MF_SystemClock_Config                    0x00005105   Thumb Code   252  mf_config.o(i.MF_SystemClock_Config)
    MainLoop                                 0x00005215   Thumb Code    80  systemrunning.o(i.MainLoop)
    PopEvent                                 0x0000556d   Thumb Code    74  event.o(i.PopEvent)
    PushEvent                                0x000055bd   Thumb Code    62  event.o(i.PushEvent)
    Read                                     0x00005601   Thumb Code   106  eeprom.o(i.Read)
    ReadHalfWord                             0x00005685   Thumb Code     6  eeprom.o(i.ReadHalfWord)
    SC5037_ClearAllPoints                    0x0000568b   Thumb Code    84  lcd.o(i.SC5037_ClearAllPoints)
    SC5037_DisplayAll                        0x000056df   Thumb Code    24  lcd.o(i.SC5037_DisplayAll)
    SC5037_ShowRectangeEx                    0x000056f9   Thumb Code   348  lcd.o(i.SC5037_ShowRectangeEx)
    SystemInit                               0x00005859   Thumb Code   210  system_fm33lg0xx.o(i.SystemInit)
    UserInit                                 0x00005949   Thumb Code    12  user_init.o(i.UserInit)
    Write                                    0x00005955   Thumb Code    64  eeprom.o(i.Write)
    __ARM_common_ll_muluu                    0x000059a5   Thumb Code    48  btod.o(i.__ARM_common_ll_muluu)
    __ARM_common_switch8                     0x000059d5   Thumb Code    28  systemrunning.o(i.__ARM_common_switch8)
    __ARM_fpclassify                         0x000059f1   Thumb Code    40  fpclassify.o(i.__ARM_fpclassify)
    _sys_exit                                0x00005a29   Thumb Code     4  user_init.o(i._sys_exit)
    bsp_GetKey                               0x00005a89   Thumb Code    56  bsp_key.o(i.bsp_GetKey)
    bsp_InitKey                              0x00005ac9   Thumb Code    12  bsp_key.o(i.bsp_InitKey)
    bsp_KeyScan10ms                          0x00005b61   Thumb Code     8  bsp_key.o(i.bsp_KeyScan10ms)
    bsp_PutKey                               0x00005b69   Thumb Code    28  bsp_key.o(i.bsp_PutKey)
    can_reset_with_send                      0x00005b89   Thumb Code   152  can.o(i.can_reset_with_send)
    fputc                                    0x00005c29   Thumb Code    42  user_init.o(i.fputc)
    get_key                                  0x00005c59   Thumb Code    70  bsp_key.o(i.get_key)
    getfloatinfo                             0x00005ca9   Thumb Code   320  lcd00_y094889vttfgs.o(i.getfloatinfo)
    lcd_display_animation                    0x00005df5   Thumb Code   202  lcd00_y094889vttfgs.o(i.lcd_display_animation)
    lcd_display_clear_all_flags              0x00006781   Thumb Code   226  lcd00_y094889vttfgs.o(i.lcd_display_clear_all_flags)
    lcd_display_go_task                      0x00006869   Thumb Code    26  lcd00_y094889vttfgs.o(i.lcd_display_go_task)
    lcd_display_ready_task                   0x00007db1   Thumb Code   670  lcd00_y094889vttfgs.o(i.lcd_display_ready_task)
    lcd_display_show_all_symbols             0x000082a1   Thumb Code   536  lcd00_y094889vttfgs.o(i.lcd_display_show_all_symbols)
    main                                     0x00009241   Thumb Code    78  main.o(i.main)
    modf                                     0x00009299   Thumb Code   136  modf.o(i.modf)
    task_io_refresh                          0x00009329   Thumb Code   424  systemrunning.o(i.task_io_refresh)
    task_odograph_counting                   0x000094ed   Thumb Code   270  systemrunning.o(i.task_odograph_counting)
    task_time_flashing                       0x00009621   Thumb Code    32  systemrunning.o(i.task_time_flashing)
    _get_lc_numeric                          0x000097f1   Thumb Code    44  lc_numeric_c.o(locale$$code)
    __aeabi_cdcmple                          0x0000981d   Thumb Code     0  dlef.o(x$fpl$dleqf)
    _dcmple                                  0x0000981d   Thumb Code    94  dlef.o(x$fpl$dleqf)
    __aeabi_cdrcmple                         0x00009881   Thumb Code     0  drlef.o(x$fpl$drleqf)
    _drcmple                                 0x00009881   Thumb Code   100  drlef.o(x$fpl$drleqf)
    __aeabi_fadd                             0x000098e9   Thumb Code     0  faddsub.o(x$fpl$fadd)
    _fadd                                    0x000098e9   Thumb Code   134  faddsub.o(x$fpl$fadd)
    __aeabi_cfcmpeq                          0x00009975   Thumb Code     0  feqf.o(x$fpl$feqf)
    _fcmpeq                                  0x00009975   Thumb Code    78  feqf.o(x$fpl$feqf)
    __aeabi_cfrcmple                         0x000099c9   Thumb Code     0  frlef.o(x$fpl$frleqf)
    _frcmple                                 0x000099c9   Thumb Code    84  frlef.o(x$fpl$frleqf)
    __aeabi_fsub                             0x00009a21   Thumb Code     0  faddsub.o(x$fpl$fsub)
    _fsub                                    0x00009a21   Thumb Code   204  faddsub.o(x$fpl$fsub)
    _printf_fp_dec                           0x00009af1   Thumb Code    16  printf1.o(x$fpl$printf1)
    __I$use$fp                               0x00009b00   Number         0  usenofp.o(x$fpl$usenofp)
    Region$$Table$$Base                      0x00009c84   Number         0  anon$$obj.o(Region$$Table)
    Region$$Table$$Limit                     0x00009ca4   Number         0  anon$$obj.o(Region$$Table)
    __stdout                                 0x20000000   Data           4  user_init.o(.data)
    ADCComplete                              0x20000004   Data           1  adc.o(.data)
    ADC_ConvertedValue                       0x20000006   Data           8  adc.o(.data)
    nokey                                    0x20000010   Data           1  bsp_key.o(.data)
    MyCale                                   0x2000006c   Data           6  can.o(.data)
    heartbeat                                0x20000072   Data           1  can.o(.data)
    sendflag                                 0x20000073   Data           1  can.o(.data)
    bms_bms2_cale                            0x20000074   Data           1  can.o(.data)
    undervolflag                             0x20000075   Data           1  can.o(.data)
    Data                                     0x20000076   Data           8  can.o(.data)
    id                                       0x20000080   Data           4  can.o(.data)
    len                                      0x20000084   Data           4  can.o(.data)
    data1                                    0x20000088   Data           4  can.o(.data)
    data2                                    0x2000008c   Data           4  can.o(.data)
    speed                                    0x20000090   Data           2  can.o(.data)
    thisshift                                0x20000092   Data           1  can.o(.data)
    trip                                     0x20000094   Data           2  can.o(.data)
    odo                                      0x20000096   Data           2  can.o(.data)
    gearposition                             0x20000098   Data           1  can.o(.data)
    clearodo                                 0x20000099   Data           1  can.o(.data)
    factorysetting                           0x2000009a   Data           1  can.o(.data)
    changeuint                               0x2000009b   Data           1  can.o(.data)
    errorcode                                0x2000009c   Data           1  can.o(.data)
    mcu_die_cnt                              0x2000009d   Data           1  can.o(.data)
    mcu_die_flag                             0x2000009e   Data           1  can.o(.data)
    bms_die_cnt                              0x2000009f   Data           1  can.o(.data)
    bms_die_flag                             0x200000a0   Data           1  can.o(.data)
    vcu_die_cnt                              0x200000a1   Data           1  can.o(.data)
    vcu_die_flag                             0x200000a2   Data           1  can.o(.data)
    havenewtrip                              0x200000a3   Data           1  can.o(.data)
    Bus_Off_Flag                             0x200000a8   Data           1  bstim16.o(.data)
    Fast_Recover_Count                       0x200000a9   Data           1  bstim16.o(.data)
    Recover_Timeout                          0x200000ac   Data           4  bstim16.o(.data)
    light                                    0x200000b0   Data           4  gptim.o(.data)
    lightlevel                               0x200000b4   Data           1  gptim.o(.data)
    metric_english                           0x200000c8   Data           1  systemrunning.o(.data)
    GAIN                                     0x200000dc   Data           4  eeprom.o(.data)
    SystemCoreClock                          0x200000e0   Data           4  system_fm33lg0xx.o(.data)
    TxMessage                                0x20000164   Data          20  can.o(.bss)
    RxMessage                                0x20000178   Data          24  can.o(.bss)
    _part                                    0x200001b8   Data          52  lcd00_y094889vttfgs.o(.bss)
    thissystem                               0x200001f0   Data         120  systemrunning.o(.bss)
    WritePara                                0x20000274   Data         160  eeprom.o(.bss)
    ReadPara                                 0x20000314   Data         160  eeprom.o(.bss)
    __libspace_start                         0x200003b4   Data          96  libspace.o(.bss)
    __temporary_stack_top$libspace           0x20000414   Data           0  libspace.o(.bss)



==============================================================================

Memory Map of the image

  Image Entry point : 0x000000c1

  Load Region LR_IROM1 (Base: 0x00000000, Size: 0x00009da4, Max: 0x00020000, ABSOLUTE)

    Execution Region ER_IROM1 (Exec base: 0x00000000, Load base: 0x00000000, Size: 0x00009cc0, Max: 0x00020000, ABSOLUTE)

    Exec Addr    Load Addr    Size         Type   Attr      Idx    E Section Name        Object

    0x00000000   0x00000000   0x000000c0   Data   RO            3    RESET               startup_fm33lg0xx.o
    0x000000c0   0x000000c0   0x00000008   Code   RO         3512  * !!!main             c_p.l(__main.o)
    0x000000c8   0x000000c8   0x0000003c   Code   RO         3778    !!!scatter          c_p.l(__scatter.o)
    0x00000104   0x00000104   0x0000001a   Code   RO         3780    !!handler_copy      c_p.l(__scatter_copy.o)
    0x0000011e   0x0000011e   0x00000002   PAD
    0x00000120   0x00000120   0x0000001c   Code   RO         3782    !!handler_zi        c_p.l(__scatter_zi.o)
    0x0000013c   0x0000013c   0x00000002   Code   RO         3503    .ARM.Collect$$_printf_percent$$00000000  c_p.l(_printf_percent.o)
    0x0000013e   0x0000013e   0x0000000a   Code   RO         3502    .ARM.Collect$$_printf_percent$$00000003  c_p.l(_printf_f.o)
    0x00000148   0x00000148   0x0000000a   Code   RO         3501    .ARM.Collect$$_printf_percent$$00000009  c_p.l(_printf_d.o)
    0x00000152   0x00000152   0x00000004   Code   RO         3569    .ARM.Collect$$_printf_percent$$00000017  c_p.l(_printf_percent_end.o)
    0x00000156   0x00000156   0x00000002   Code   RO         3650    .ARM.Collect$$libinit$$00000000  c_p.l(libinit.o)
    0x00000158   0x00000158   0x00000000   Code   RO         3652    .ARM.Collect$$libinit$$00000002  c_p.l(libinit2.o)
    0x00000158   0x00000158   0x00000000   Code   RO         3654    .ARM.Collect$$libinit$$00000004  c_p.l(libinit2.o)
    0x00000158   0x00000158   0x00000000   Code   RO         3657    .ARM.Collect$$libinit$$0000000A  c_p.l(libinit2.o)
    0x00000158   0x00000158   0x00000000   Code   RO         3659    .ARM.Collect$$libinit$$0000000C  c_p.l(libinit2.o)
    0x00000158   0x00000158   0x00000000   Code   RO         3661    .ARM.Collect$$libinit$$0000000E  c_p.l(libinit2.o)
    0x00000158   0x00000158   0x00000006   Code   RO         3662    .ARM.Collect$$libinit$$0000000F  c_p.l(libinit2.o)
    0x0000015e   0x0000015e   0x00000000   Code   RO         3664    .ARM.Collect$$libinit$$00000011  c_p.l(libinit2.o)
    0x0000015e   0x0000015e   0x00000000   Code   RO         3666    .ARM.Collect$$libinit$$00000013  c_p.l(libinit2.o)
    0x0000015e   0x0000015e   0x00000000   Code   RO         3668    .ARM.Collect$$libinit$$00000015  c_p.l(libinit2.o)
    0x0000015e   0x0000015e   0x0000000a   Code   RO         3669    .ARM.Collect$$libinit$$00000016  c_p.l(libinit2.o)
    0x00000168   0x00000168   0x00000000   Code   RO         3670    .ARM.Collect$$libinit$$00000017  c_p.l(libinit2.o)
    0x00000168   0x00000168   0x00000000   Code   RO         3672    .ARM.Collect$$libinit$$00000019  c_p.l(libinit2.o)
    0x00000168   0x00000168   0x00000000   Code   RO         3674    .ARM.Collect$$libinit$$0000001B  c_p.l(libinit2.o)
    0x00000168   0x00000168   0x00000000   Code   RO         3676    .ARM.Collect$$libinit$$0000001D  c_p.l(libinit2.o)
    0x00000168   0x00000168   0x00000000   Code   RO         3678    .ARM.Collect$$libinit$$0000001F  c_p.l(libinit2.o)
    0x00000168   0x00000168   0x00000000   Code   RO         3680    .ARM.Collect$$libinit$$00000021  c_p.l(libinit2.o)
    0x00000168   0x00000168   0x00000000   Code   RO         3682    .ARM.Collect$$libinit$$00000023  c_p.l(libinit2.o)
    0x00000168   0x00000168   0x00000000   Code   RO         3684    .ARM.Collect$$libinit$$00000025  c_p.l(libinit2.o)
    0x00000168   0x00000168   0x00000000   Code   RO         3688    .ARM.Collect$$libinit$$0000002C  c_p.l(libinit2.o)
    0x00000168   0x00000168   0x00000000   Code   RO         3690    .ARM.Collect$$libinit$$0000002E  c_p.l(libinit2.o)
    0x00000168   0x00000168   0x00000000   Code   RO         3692    .ARM.Collect$$libinit$$00000030  c_p.l(libinit2.o)
    0x00000168   0x00000168   0x00000000   Code   RO         3694    .ARM.Collect$$libinit$$00000032  c_p.l(libinit2.o)
    0x00000168   0x00000168   0x00000002   Code   RO         3695    .ARM.Collect$$libinit$$00000033  c_p.l(libinit2.o)
    0x0000016a   0x0000016a   0x00000002   Code   RO         3740    .ARM.Collect$$libshutdown$$00000000  c_p.l(libshutdown.o)
    0x0000016c   0x0000016c   0x00000000   Code   RO         3759    .ARM.Collect$$libshutdown$$00000002  c_p.l(libshutdown2.o)
    0x0000016c   0x0000016c   0x00000000   Code   RO         3761    .ARM.Collect$$libshutdown$$00000004  c_p.l(libshutdown2.o)
    0x0000016c   0x0000016c   0x00000000   Code   RO         3763    .ARM.Collect$$libshutdown$$00000006  c_p.l(libshutdown2.o)
    0x0000016c   0x0000016c   0x00000000   Code   RO         3766    .ARM.Collect$$libshutdown$$00000009  c_p.l(libshutdown2.o)
    0x0000016c   0x0000016c   0x00000000   Code   RO         3769    .ARM.Collect$$libshutdown$$0000000C  c_p.l(libshutdown2.o)
    0x0000016c   0x0000016c   0x00000000   Code   RO         3771    .ARM.Collect$$libshutdown$$0000000E  c_p.l(libshutdown2.o)
    0x0000016c   0x0000016c   0x00000000   Code   RO         3774    .ARM.Collect$$libshutdown$$00000011  c_p.l(libshutdown2.o)
    0x0000016c   0x0000016c   0x00000002   Code   RO         3775    .ARM.Collect$$libshutdown$$00000012  c_p.l(libshutdown2.o)
    0x0000016e   0x0000016e   0x00000000   Code   RO         3558    .ARM.Collect$$rtentry$$00000000  c_p.l(__rtentry.o)
    0x0000016e   0x0000016e   0x00000000   Code   RO         3578    .ARM.Collect$$rtentry$$00000002  c_p.l(__rtentry2.o)
    0x0000016e   0x0000016e   0x00000006   Code   RO         3590    .ARM.Collect$$rtentry$$00000004  c_p.l(__rtentry4.o)
    0x00000174   0x00000174   0x00000000   Code   RO         3580    .ARM.Collect$$rtentry$$00000009  c_p.l(__rtentry2.o)
    0x00000174   0x00000174   0x00000004   Code   RO         3581    .ARM.Collect$$rtentry$$0000000A  c_p.l(__rtentry2.o)
    0x00000178   0x00000178   0x00000000   Code   RO         3583    .ARM.Collect$$rtentry$$0000000C  c_p.l(__rtentry2.o)
    0x00000178   0x00000178   0x00000008   Code   RO         3584    .ARM.Collect$$rtentry$$0000000D  c_p.l(__rtentry2.o)
    0x00000180   0x00000180   0x00000002   Code   RO         3699    .ARM.Collect$$rtexit$$00000000  c_p.l(rtexit.o)
    0x00000182   0x00000182   0x00000000   Code   RO         3712    .ARM.Collect$$rtexit$$00000002  c_p.l(rtexit2.o)
    0x00000182   0x00000182   0x00000004   Code   RO         3713    .ARM.Collect$$rtexit$$00000003  c_p.l(rtexit2.o)
    0x00000186   0x00000186   0x00000006   Code   RO         3714    .ARM.Collect$$rtexit$$00000004  c_p.l(rtexit2.o)
    0x0000018c   0x0000018c   0x00000038   Code   RO            4    .text               startup_fm33lg0xx.o
    0x000001c4   0x000001c4   0x00000002   Code   RO         3471    .text               c_p.l(use_no_semi_2.o)
    0x000001c6   0x000001c6   0x00000002   PAD
    0x000001c8   0x000001c8   0x0000001c   Code   RO         3475    .text               c_p.l(noretval__2printf.o)
    0x000001e4   0x000001e4   0x0000006c   Code   RO         3477    .text               c_p.l(__printf.o)
    0x00000250   0x00000250   0x0000006c   Code   RO         3479    .text               c_p.l(_printf_dec.o)
    0x000002bc   0x000002bc   0x00000040   Code   RO         3504    .text               c_p.l(rt_memclr.o)
    0x000002fc   0x000002fc   0x0000015a   Code   RO         3506    .text               c_p.l(aeabi_sdiv.o)
    0x00000456   0x00000456   0x00000006   Code   RO         3510    .text               c_p.l(heapauxi.o)
    0x0000045c   0x0000045c   0x0000007c   Code   RO         3514    .text               fz_ps.l(d2f.o)
    0x000004d8   0x000004d8   0x00000358   Code   RO         3516    .text               fz_ps.l(daddsub.o)
    0x00000830   0x00000830   0x00000448   Code   RO         3518    .text               fz_ps.l(ddiv.o)
    0x00000c78   0x00000c78   0x00000048   Code   RO         3521    .text               fz_ps.l(dfixui.o)
    0x00000cc0   0x00000cc0   0x00000058   Code   RO         3523    .text               fz_ps.l(dflti.o)
    0x00000d18   0x00000d18   0x00000248   Code   RO         3527    .text               fz_ps.l(dmul.o)
    0x00000f60   0x00000f60   0x00000054   Code   RO         3531    .text               fz_ps.l(f2d.o)
    0x00000fb4   0x00000fb4   0x00000160   Code   RO         3539    .text               fz_ps.l(fdiv.o)
    0x00001114   0x00001114   0x0000005e   Code   RO         3544    .text               fz_ps.l(fflti.o)
    0x00001172   0x00001172   0x00000002   Code   RO         3556    .text               c_p.l(use_no_semi.o)
    0x00001174   0x00001174   0x000000b0   Code   RO         3563    .text               c_p.l(_printf_intcommon.o)
    0x00001224   0x00001224   0x00000418   Code   RO         3565    .text               c_p.l(_printf_fp_dec.o)
    0x0000163c   0x0000163c   0x00000028   Code   RO         3567    .text               c_p.l(_printf_char_file.o)
    0x00001664   0x00001664   0x00000028   Code   RO         3570    .text               c_p.l(rtudiv10.o)
    0x0000168c   0x0000168c   0x00000090   Code   RO         3572    .text               fz_ps.l(dcmpin.o)
    0x0000171c   0x0000171c   0x00000064   Code   RO         3574    .text               fz_ps.l(fcmpin.o)
    0x00001780   0x00001780   0x00000008   Code   RO         3597    .text               c_p.l(rt_locale_intlibspace.o)
    0x00001788   0x00001788   0x0000007a   Code   RO         3599    .text               c_p.l(lludiv10.o)
    0x00001802   0x00001802   0x00000002   PAD
    0x00001804   0x00001804   0x00000030   Code   RO         3601    .text               c_p.l(_printf_char_common.o)
    0x00001834   0x00001834   0x00000088   Code   RO         3603    .text               c_p.l(_printf_fp_infnan.o)
    0x000018bc   0x000018bc   0x000000d8   Code   RO         3605    .text               c_p.l(bigflt0.o)
    0x00001994   0x00001994   0x00000580   Code   RO         3608    .text               c_p.l(btod.o)
    0x00001f14   0x00001f14   0x00000008   Code   RO         3612    .text               c_p.l(ferror.o)
    0x00001f1c   0x00001f1c   0x0000002e   Code   RO         3619    .text               fz_ps.l(cmpret.o)
    0x00001f4a   0x00001f4a   0x00000002   PAD
    0x00001f4c   0x00001f4c   0x00000014   Code   RO         3621    .text               fz_ps.l(dnan2.o)
    0x00001f60   0x00001f60   0x00000010   Code   RO         3623    .text               fz_ps.l(fnan2.o)
    0x00001f70   0x00001f70   0x00000008   Code   RO         3629    .text               c_p.l(libspace.o)
    0x00001f78   0x00001f78   0x0000003e   Code   RO         3632    .text               c_p.l(sys_stackheap_outer.o)
    0x00001fb6   0x00001fb6   0x00000010   Code   RO         3637    .text               c_p.l(exit.o)
    0x00001fc6   0x00001fc6   0x00000002   PAD
    0x00001fc8   0x00001fc8   0x00000088   Code   RO         3643    .text               c_p.l(strcmp.o)
    0x00002050   0x00002050   0x0000005e   Code   RO         3696    .text               fz_ps.l(retnan.o)
    0x000020ae   0x000020ae   0x00000002   PAD
    0x000020b0   0x000020b0   0x00000074   Code   RO          759    i.ATIM_Init         atim.o
    0x00002124   0x00002124   0x0000009c   Code   RO          875    i.BSTIM16_Init      bstim16.o
    0x000021c0   0x000021c0   0x00000088   Code   RO          876    i.BSTIM_IRQHandler  bstim16.o
    0x00002248   0x00002248   0x00000024   Code   RO         1108    i.BatteryGetLevelByPercent  systemrunning.o
    0x0000226c   0x0000226c   0x00000038   Code   RO          782    i.CAN_IRQHandler    can.o
    0x000022a4   0x000022a4   0x0000005c   Code   RO          783    i.CAN_SetMsg        can.o
    0x00002300   0x00002300   0x00000008   Code   RO          784    i.Can_Init          can.o
    0x00002308   0x00002308   0x00000038   Code   RO          415    i.DMA_IRQHandler    adc.o
    0x00002340   0x00002340   0x0000005c   Code   RO          313    i.DebugUartInit     user_init.o
    0x0000239c   0x0000239c   0x00000190   Code   RO         1247    i.DisplayAnimation  display.o
    0x0000252c   0x0000252c   0x00000874   Code   RO         1248    i.DisplaySystemInformation  display.o
    0x00002da0   0x00002da0   0x00000002   Code   RO         1109    i.Do100ms           systemrunning.o
    0x00002da2   0x00002da2   0x00000002   PAD
    0x00002da4   0x00002da4   0x00000050   Code   RO         1110    i.Do1s              systemrunning.o
    0x00002df4   0x00002df4   0x00000008   Code   RO         1111    i.Do250ms           systemrunning.o
    0x00002dfc   0x00002dfc   0x00000010   Code   RO         1112    i.Do25ms            systemrunning.o
    0x00002e0c   0x00002e0c   0x00000064   Code   RO         1113    i.Do500ms           systemrunning.o
    0x00002e70   0x00002e70   0x00000002   Code   RO         1114    i.Do50ms            systemrunning.o
    0x00002e72   0x00002e72   0x00000002   Code   RO         1115    i.Empty             systemrunning.o
    0x00002e74   0x00002e74   0x0000003c   Code   RO         1274    i.FLASH_Program_Para  eeprom.o
    0x00002eb0   0x00002eb0   0x00000022   Code   RO         1275    i.FLASH_Read_Para   eeprom.o
    0x00002ed2   0x00002ed2   0x0000000a   Code   RO         1540    i.FL_ATIM_GenerateUpdateEvent  fm33lg0xx_fl_atim.o
    0x00002edc   0x00002edc   0x000001a0   Code   RO         1543    i.FL_ATIM_Init      fm33lg0xx_fl_atim.o
    0x0000307c   0x0000307c   0x00000010   Code   RO         1544    i.FL_ATIM_IsActiveFlag_Update  fm33lg0xx_fl_atim.o
    0x0000308c   0x0000308c   0x0000000c   Code   RO         1549    i.FL_ATIM_SetCounterAlignedMode  fm33lg0xx_fl_atim.o
    0x00003098   0x00003098   0x0000013c   Code   RO         1683    i.FL_BSTIM16_Init   fm33lg0xx_fl_bstim16.o
    0x000031d4   0x000031d4   0x0000000a   Code   RO         1758    i.FL_CAN_Enable     fm33lg0xx_fl_can.o
    0x000031de   0x000031de   0x0000000a   Code   RO          785    i.FL_CAN_EnableIT_RXOK  can.o
    0x000031e8   0x000031e8   0x0000043c   Code   RO          786    i.FL_CAN_FIFO_Read  can.o
    0x00003624   0x00003624   0x00000070   Code   RO          787    i.FL_CAN_FIFO_Write  can.o
    0x00003694   0x00003694   0x000000ac   Code   RO          788    i.FL_CAN_Frame_Send  can.o
    0x00003740   0x00003740   0x000001f8   Code   RO         1761    i.FL_CAN_Init       fm33lg0xx_fl_can.o
    0x00003938   0x00003938   0x00000010   Code   RO         2091    i.FL_CMU_DisableGroup2BusClock  fm33lg0xx_fl_flash.o
    0x00003948   0x00003948   0x00000010   Code   RO         2092    i.FL_CMU_DisableGroup3OperationClock  fm33lg0xx_fl_flash.o
    0x00003958   0x00003958   0x00000010   Code   RO         2093    i.FL_CMU_EnableGroup2BusClock  fm33lg0xx_fl_flash.o
    0x00003968   0x00003968   0x00000010   Code   RO         3298    i.FL_CMU_EnableGroup3BusClock  fm33lg0xx_fl_uart.o
    0x00003978   0x00003978   0x00000010   Code   RO         1554    i.FL_CMU_EnableGroup3OperationClock  fm33lg0xx_fl_atim.o
    0x00003988   0x00003988   0x00000010   Code   RO         2094    i.FL_CMU_EnableGroup3OperationClock  fm33lg0xx_fl_flash.o
    0x00003998   0x00003998   0x00000010   Code   RO         3299    i.FL_CMU_EnableGroup3OperationClock  fm33lg0xx_fl_uart.o
    0x000039a8   0x000039a8   0x00000010   Code   RO         1555    i.FL_CMU_EnableGroup4BusClock  fm33lg0xx_fl_atim.o
    0x000039b8   0x000039b8   0x00000010   Code   RO         2369    i.FL_CMU_EnableGroup4BusClock  fm33lg0xx_fl_gptim.o
    0x000039c8   0x000039c8   0x00000078   Code   RO         1812    i.FL_CMU_GetAHBClockFreq  fm33lg0xx_fl_cmu.o
    0x00003a40   0x00003a40   0x00000078   Code   RO         1813    i.FL_CMU_GetAPBClockFreq  fm33lg0xx_fl_cmu.o
    0x00003ab8   0x00003ab8   0x000000a8   Code   RO         1814    i.FL_CMU_GetPLLClockFreq  fm33lg0xx_fl_cmu.o
    0x00003b60   0x00003b60   0x00000050   Code   RO         1815    i.FL_CMU_GetRCHFClockFreq  fm33lg0xx_fl_cmu.o
    0x00003bb0   0x00003bb0   0x0000004c   Code   RO         1816    i.FL_CMU_GetRCLFClockFreq  fm33lg0xx_fl_cmu.o
    0x00003bfc   0x00003bfc   0x0000005c   Code   RO         1817    i.FL_CMU_GetSystemClockFreq  fm33lg0xx_fl_cmu.o
    0x00003c58   0x00003c58   0x0000000a   Code   RO          424    i.FL_DMA_ClearFlag_TransferComplete  adc.o
    0x00003c62   0x00003c62   0x00000002   PAD
    0x00003c64   0x00003c64   0x00000020   Code   RO         1366    i.FL_DelayInit      fm33lg0xx_fl.o
    0x00003c84   0x00003c84   0x00000018   Code   RO         1367    i.FL_DelayMs        fm33lg0xx_fl.o
    0x00003c9c   0x00003c9c   0x00000044   Code   RO         1369    i.FL_DelayUs        fm33lg0xx_fl.o
    0x00003ce0   0x00003ce0   0x00000006   Code   RO         2101    i.FL_FLASH_ClearFlag_EraseComplete  fm33lg0xx_fl_flash.o
    0x00003ce6   0x00003ce6   0x00000012   Code   RO         2102    i.FL_FLASH_EnableErase  fm33lg0xx_fl_flash.o
    0x00003cf8   0x00003cf8   0x00000012   Code   RO         2103    i.FL_FLASH_EnableProgram  fm33lg0xx_fl_flash.o
    0x00003d0a   0x00003d0a   0x0000000c   Code   RO         2104    i.FL_FLASH_GetFlashLockStatus  fm33lg0xx_fl_flash.o
    0x00003d16   0x00003d16   0x0000000e   Code   RO         2105    i.FL_FLASH_IsActiveFlag_AuthenticationError  fm33lg0xx_fl_flash.o
    0x00003d24   0x00003d24   0x0000000e   Code   RO         2106    i.FL_FLASH_IsActiveFlag_ClockError  fm33lg0xx_fl_flash.o
    0x00003d32   0x00003d32   0x00000010   Code   RO         2107    i.FL_FLASH_IsActiveFlag_EraseComplete  fm33lg0xx_fl_flash.o
    0x00003d42   0x00003d42   0x0000000e   Code   RO         2108    i.FL_FLASH_IsActiveFlag_KeyError  fm33lg0xx_fl_flash.o
    0x00003d50   0x00003d50   0x0000000c   Code   RO         2109    i.FL_FLASH_IsActiveFlag_ProgramComplete  fm33lg0xx_fl_flash.o
    0x00003d5c   0x00003d5c   0x00000008   Code   RO         2110    i.FL_FLASH_LockFlash  fm33lg0xx_fl_flash.o
    0x00003d64   0x00003d64   0x00000114   Code   RO         2111    i.FL_FLASH_PageErase  fm33lg0xx_fl_flash.o
    0x00003e78   0x00003e78   0x0000010c   Code   RO         2114    i.FL_FLASH_Program_Word  fm33lg0xx_fl_flash.o
    0x00003f84   0x00003f84   0x0000000e   Code   RO         2117    i.FL_FLASH_SetFlashEraseType  fm33lg0xx_fl_flash.o
    0x00003f92   0x00003f92   0x00000004   Code   RO         2118    i.FL_FLASH_UnlockFlash  fm33lg0xx_fl_flash.o
    0x00003f96   0x00003f96   0x0000000a   Code   RO         2281    i.FL_GPIO_DisablePinAnalogSwitch  fm33lg0xx_fl_gpio.o
    0x00003fa0   0x00003fa0   0x0000000a   Code   RO         2282    i.FL_GPIO_DisablePinInput  fm33lg0xx_fl_gpio.o
    0x00003faa   0x00003faa   0x0000000a   Code   RO         2283    i.FL_GPIO_DisablePinOpenDrain  fm33lg0xx_fl_gpio.o
    0x00003fb4   0x00003fb4   0x0000000a   Code   RO         2284    i.FL_GPIO_DisablePinPullup  fm33lg0xx_fl_gpio.o
    0x00003fbe   0x00003fbe   0x0000000a   Code   RO         2285    i.FL_GPIO_DisablePinRemap  fm33lg0xx_fl_gpio.o
    0x00003fc8   0x00003fc8   0x000001e8   Code   RO         2286    i.FL_GPIO_Init      fm33lg0xx_fl_gpio.o
    0x000041b0   0x000041b0   0x0000000a   Code   RO          317    i.FL_GPIO_ResetOutputPin  user_init.o
    0x000041ba   0x000041ba   0x0000001a   Code   RO         2287    i.FL_GPIO_SetPinMode  fm33lg0xx_fl_gpio.o
    0x000041d4   0x000041d4   0x00000050   Code   RO         2370    i.FL_GPTIM_CC_SetChannelMode  fm33lg0xx_fl_gptim.o
    0x00004224   0x00004224   0x0000000a   Code   RO         2374    i.FL_GPTIM_GenerateUpdateEvent  fm33lg0xx_fl_gptim.o
    0x0000422e   0x0000422e   0x00000002   PAD
    0x00004230   0x00004230   0x00000150   Code   RO         2377    i.FL_GPTIM_Init     fm33lg0xx_fl_gptim.o
    0x00004380   0x00004380   0x000001f8   Code   RO         2378    i.FL_GPTIM_OC_Init  fm33lg0xx_fl_gptim.o
    0x00004578   0x00004578   0x0000000c   Code   RO         2380    i.FL_GPTIM_SetCounterAlignedMode  fm33lg0xx_fl_gptim.o
    0x00004584   0x00004584   0x000000c4   Code   RO         2560    i.FL_IWDT_Init      fm33lg0xx_fl_iwdt.o
    0x00004648   0x00004648   0x00000008   Code   RO         1371    i.FL_Init           fm33lg0xx_fl.o
    0x00004650   0x00004650   0x00000238   Code   RO         2755    i.FL_LPTIM32_Init   fm33lg0xx_fl_lptim32.o
    0x00004888   0x00004888   0x0000000c   Code   RO         2759    i.FL_LPTIM32_SetETRTriggerEdge  fm33lg0xx_fl_lptim32.o
    0x00004894   0x00004894   0x00000014   Code   RO         2760    i.FL_LPTIM32_StructInit  fm33lg0xx_fl_lptim32.o
    0x000048a8   0x000048a8   0x000002d0   Code   RO         3305    i.FL_UART_Init      fm33lg0xx_fl_uart.o
    0x00004b78   0x00004b78   0x0000007c   Code   RO          918    i.GPTIM_Setup       gptim.o
    0x00004bf4   0x00004bf4   0x00000016   Code   RO          953    i.GetBit            lcd.o
    0x00004c0a   0x00004c0a   0x00000002   PAD
    0x00004c0c   0x00004c0c   0x00000018   Code   RO          665    i.IWDT_Init         idwt.o
    0x00004c24   0x00004c24   0x00000138   Code   RO          637    i.Idle              idle.o
    0x00004d5c   0x00004d5c   0x00000026   Code   RO          540    i.IsKeyDownFunc     bsp_key.o
    0x00004d82   0x00004d82   0x00000002   PAD
    0x00004d84   0x00004d84   0x0000004c   Code   RO          319    i.KEYINPUT_Init     user_init.o
    0x00004dd0   0x00004dd0   0x00000038   Code   RO          541    i.KeyPinActive      bsp_key.o
    0x00004e08   0x00004e08   0x00000098   Code   RO          685    i.LPTIM32_Setup     lptim32.o
    0x00004ea0   0x00004ea0   0x000000d0   Code   RO          686    i.LPTIM_IRQHandler  lptim32.o
    0x00004f70   0x00004f70   0x00000096   Code   RO          954    i.LcdConfig         lcd.o
    0x00005006   0x00005006   0x00000002   PAD
    0x00005008   0x00005008   0x0000003c   Code   RO          320    i.LedInit           user_init.o
    0x00005044   0x00005044   0x00000018   Code   RO          919    i.LedSet            gptim.o
    0x0000505c   0x0000505c   0x000000a8   Code   RO          790    i.MF_CAN_Init       can.o
    0x00005104   0x00005104   0x00000110   Code   RO           15    i.MF_SystemClock_Config  mf_config.o
    0x00005214   0x00005214   0x00000050   Code   RO         1117    i.MainLoop          systemrunning.o
    0x00005264   0x00005264   0x00000078   Code   RO          687    i.NVIC_SetPriority  lptim32.o
    0x000052dc   0x000052dc   0x00000078   Code   RO          791    i.NVIC_SetPriority  can.o
    0x00005354   0x00005354   0x00000078   Code   RO          877    i.NVIC_SetPriority  bstim16.o
    0x000053cc   0x000053cc   0x000001a0   Code   RO         2387    i.OCConfig          fm33lg0xx_fl_gptim.o
    0x0000556c   0x0000556c   0x00000050   Code   RO         1219    i.PopEvent          event.o
    0x000055bc   0x000055bc   0x00000044   Code   RO         1220    i.PushEvent         event.o
    0x00005600   0x00005600   0x00000084   Code   RO         1276    i.Read              eeprom.o
    0x00005684   0x00005684   0x00000006   Code   RO         1277    i.ReadHalfWord      eeprom.o
    0x0000568a   0x0000568a   0x00000054   Code   RO          955    i.SC5037_ClearAllPoints  lcd.o
    0x000056de   0x000056de   0x00000018   Code   RO          956    i.SC5037_DisplayAll  lcd.o
    0x000056f6   0x000056f6   0x00000002   PAD
    0x000056f8   0x000056f8   0x00000160   Code   RO          957    i.SC5037_ShowRectangeEx  lcd.o
    0x00005858   0x00005858   0x000000f0   Code   RO         1325    i.SystemInit        system_fm33lg0xx.o
    0x00005948   0x00005948   0x0000000c   Code   RO          321    i.UserInit          user_init.o
    0x00005954   0x00005954   0x00000050   Code   RO         1278    i.Write             eeprom.o
    0x000059a4   0x000059a4   0x00000030   Code   RO         3610    i.__ARM_common_ll_muluu  c_p.l(btod.o)
    0x000059d4   0x000059d4   0x0000001c   Code   RO         1206    i.__ARM_common_switch8  systemrunning.o
    0x000059f0   0x000059f0   0x0000002c   Code   RO         3627    i.__ARM_fpclassify  m_ps.l(fpclassify.o)
    0x00005a1c   0x00005a1c   0x00000006   Code   RO         2120    i.__get_PRIMASK     fm33lg0xx_fl_flash.o
    0x00005a22   0x00005a22   0x00000006   Code   RO         2121    i.__set_PRIMASK     fm33lg0xx_fl_flash.o
    0x00005a28   0x00005a28   0x00000004   Code   RO          322    i._sys_exit         user_init.o
    0x00005a2c   0x00005a2c   0x0000005c   Code   RO          543    i.bsp_DetectKey     bsp_key.o
    0x00005a88   0x00005a88   0x00000040   Code   RO          544    i.bsp_GetKey        bsp_key.o
    0x00005ac8   0x00005ac8   0x0000000c   Code   RO          545    i.bsp_InitKey       bsp_key.o
    0x00005ad4   0x00005ad4   0x00000044   Code   RO          546    i.bsp_InitKeyHard   bsp_key.o
    0x00005b18   0x00005b18   0x00000048   Code   RO          547    i.bsp_InitKeyVar    bsp_key.o
    0x00005b60   0x00005b60   0x00000008   Code   RO          548    i.bsp_KeyScan10ms   bsp_key.o
    0x00005b68   0x00005b68   0x00000020   Code   RO          549    i.bsp_PutKey        bsp_key.o
    0x00005b88   0x00005b88   0x000000a0   Code   RO          793    i.can_reset_with_send  can.o
    0x00005c28   0x00005c28   0x00000030   Code   RO          323    i.fputc             user_init.o
    0x00005c58   0x00005c58   0x00000050   Code   RO          551    i.get_key           bsp_key.o
    0x00005ca8   0x00005ca8   0x0000014c   Code   RO         1013    i.getfloatinfo      lcd00_y094889vttfgs.o
    0x00005df4   0x00005df4   0x000000dc   Code   RO         1014    i.lcd_display_animation  lcd00_y094889vttfgs.o
    0x00005ed0   0x00005ed0   0x000008b0   Code   RO         1015    i.lcd_display_battery  lcd00_y094889vttfgs.o
    0x00006780   0x00006780   0x000000e8   Code   RO         1016    i.lcd_display_clear_all_flags  lcd00_y094889vttfgs.o
    0x00006868   0x00006868   0x00000020   Code   RO         1017    i.lcd_display_go_task  lcd00_y094889vttfgs.o
    0x00006888   0x00006888   0x00001528   Code   RO         1018    i.lcd_display_odograph  lcd00_y094889vttfgs.o
    0x00007db0   0x00007db0   0x000002a8   Code   RO         1019    i.lcd_display_ready_task  lcd00_y094889vttfgs.o
    0x00008058   0x00008058   0x00000248   Code   RO         1020    i.lcd_display_shift  lcd00_y094889vttfgs.o
    0x000082a0   0x000082a0   0x0000021c   Code   RO         1021    i.lcd_display_show_all_symbols  lcd00_y094889vttfgs.o
    0x000084bc   0x000084bc   0x000004e0   Code   RO         1022    i.lcd_display_speed  lcd00_y094889vttfgs.o
    0x0000899c   0x0000899c   0x00000324   Code   RO         1023    i.lcd_display_tempture  lcd00_y094889vttfgs.o
    0x00008cc0   0x00008cc0   0x00000514   Code   RO         1024    i.lcd_display_time  lcd00_y094889vttfgs.o
    0x000091d4   0x000091d4   0x0000006c   Code   RO          958    i.lcdgpioinit       lcd.o
    0x00009240   0x00009240   0x00000058   Code   RO          208    i.main              main.o
    0x00009298   0x00009298   0x00000090   Code   RO         3553    i.modf              m_ps.l(modf.o)
    0x00009328   0x00009328   0x000001c4   Code   RO         1119    i.task_io_refresh   systemrunning.o
    0x000094ec   0x000094ec   0x00000134   Code   RO         1120    i.task_odograph_counting  systemrunning.o
    0x00009620   0x00009620   0x00000024   Code   RO         1122    i.task_time_flashing  systemrunning.o
    0x00009644   0x00009644   0x0000000a   Code   RO          688    i.timer_100ms       lptim32.o
    0x0000964e   0x0000964e   0x0000000a   Code   RO          689    i.timer_1s          lptim32.o
    0x00009658   0x00009658   0x0000000a   Code   RO          690    i.timer_250ms       lptim32.o
    0x00009662   0x00009662   0x0000000a   Code   RO          691    i.timer_25ms        lptim32.o
    0x0000966c   0x0000966c   0x0000000a   Code   RO          692    i.timer_500ms       lptim32.o
    0x00009676   0x00009676   0x0000000a   Code   RO          693    i.timer_50ms        lptim32.o
    0x00009680   0x00009680   0x00000050   Code   RO          694    i.timer_run         lptim32.o
    0x000096d0   0x000096d0   0x00000090   Code   RO          959    i.wrdata            lcd.o
    0x00009760   0x00009760   0x00000090   Code   RO          960    i.wrins             lcd.o
    0x000097f0   0x000097f0   0x0000002c   Code   RO         3617    locale$$code        c_p.l(lc_numeric_c.o)
    0x0000981c   0x0000981c   0x00000064   Code   RO         3525    x$fpl$dleqf         fz_ps.l(dlef.o)
    0x00009880   0x00009880   0x00000068   Code   RO         3529    x$fpl$drleqf        fz_ps.l(drlef.o)
    0x000098e8   0x000098e8   0x0000008c   Code   RO         3533    x$fpl$fadd          fz_ps.l(faddsub.o)
    0x00009974   0x00009974   0x00000054   Code   RO         3542    x$fpl$feqf          fz_ps.l(feqf.o)
    0x000099c8   0x000099c8   0x00000058   Code   RO         3548    x$fpl$frleqf        fz_ps.l(frlef.o)
    0x00009a20   0x00009a20   0x000000d0   Code   RO         3535    x$fpl$fsub          fz_ps.l(faddsub.o)
    0x00009af0   0x00009af0   0x00000010   Code   RO         3550    x$fpl$printf1       fz_ps.l(printf1.o)
    0x00009b00   0x00009b00   0x00000000   Code   RO         3576    x$fpl$usenofp       fz_ps.l(usenofp.o)
    0x00009b00   0x00009b00   0x00000030   Data   RO          553    .constdata          bsp_key.o
    0x00009b30   0x00009b30   0x00000080   Data   RO         3519    .constdata          fz_ps.l(ddiv.o)
    0x00009bb0   0x00009bb0   0x00000040   Data   RO         3540    .constdata          fz_ps.l(fdiv.o)
    0x00009bf0   0x00009bf0   0x00000094   Data   RO         3606    .constdata          c_p.l(bigflt0.o)
    0x00009c84   0x00009c84   0x00000020   Data   RO         3776    Region$$Table       anon$$obj.o
    0x00009ca4   0x00009ca4   0x0000001c   Data   RO         3616    locale$$data        c_p.l(lc_numeric_c.o)


    Execution Region RW_IRAM1 (Exec base: 0x20000000, Load base: 0x00009cc0, Size: 0x00001418, Max: 0x00008000, ABSOLUTE)

    Exec Addr    Load Addr    Size         Type   Attr      Idx    E Section Name        Object

    0x20000000   0x00009cc0   0x00000004   Data   RW          324    .data               user_init.o
    0x20000004   0x00009cc4   0x0000000a   Data   RW          430    .data               adc.o
    0x2000000e   0x00009cce   0x00000002   PAD
    0x20000010   0x00009cd0   0x00000009   Data   RW          554    .data               bsp_key.o
    0x20000019   0x00009cd9   0x00000001   PAD
    0x2000001a   0x00009cda   0x00000006   Data   RW          638    .data               idle.o
    0x20000020   0x00009ce0   0x00000049   Data   RW          695    .data               lptim32.o
    0x20000069   0x00009d29   0x00000003   PAD
    0x2000006c   0x00009d2c   0x0000003b   Data   RW          795    .data               can.o
    0x200000a7   0x00009d67   0x00000001   PAD
    0x200000a8   0x00009d68   0x00000008   Data   RW          878    .data               bstim16.o
    0x200000b0   0x00009d70   0x00000005   Data   RW          920    .data               gptim.o
    0x200000b5   0x00009d75   0x00000001   Data   RW          961    .data               lcd.o
    0x200000b6   0x00009d76   0x00000012   Data   RW         1026    .data               lcd00_y094889vttfgs.o
    0x200000c8   0x00009d88   0x0000000f   Data   RW         1124    .data               systemrunning.o
    0x200000d7   0x00009d97   0x00000002   Data   RW         1249    .data               display.o
    0x200000d9   0x00009d99   0x00000003   PAD
    0x200000dc   0x00009d9c   0x00000004   Data   RW         1280    .data               eeprom.o
    0x200000e0   0x00009da0   0x00000004   Data   RW         1326    .data               system_fm33lg0xx.o
    0x200000e4        -       0x00000080   Zero   RW          552    .bss                bsp_key.o
    0x20000164        -       0x0000002c   Zero   RW          794    .bss                can.o
    0x20000190        -       0x0000005c   Zero   RW         1025    .bss                lcd00_y094889vttfgs.o
    0x200001ec   0x00009da4   0x00000004   PAD
    0x200001f0        -       0x00000078   Zero   RW         1123    .bss                systemrunning.o
    0x20000268        -       0x0000000c   Zero   RW         1221    .bss                event.o
    0x20000274        -       0x00000140   Zero   RW         1279    .bss                eeprom.o
    0x200003b4        -       0x00000060   Zero   RW         3630    .bss                c_p.l(libspace.o)
    0x20000414   0x00009da4   0x00000004   PAD
    0x20000418        -       0x00000800   Zero   RW            2    HEAP                startup_fm33lg0xx.o
    0x20000c18        -       0x00000800   Zero   RW            1    STACK               startup_fm33lg0xx.o


==============================================================================

Image component sizes


      Code (inc. data)   RO Data    RW Data    ZI Data      Debug   Object Name

        66          8          0         10          0      17406   adc.o
       116          8          0          0          0      32620   atim.o
       522         54         48          9        128       5460   bsp_key.o
       412         44          0          8          0      14256   bstim16.o
      1982        168          0         59         44      28123   can.o
      2564         92          0          2          0       1606   display.o
       312         46          0          4        320       3535   eeprom.o
       148         12          0          0         12       1399   event.o
       132         18          0          0          0       1947   fm33lg0xx_fl.o
       486         18          0          0          0      67459   fm33lg0xx_fl_atim.o
       316         14          0          0          0      29806   fm33lg0xx_fl_bstim16.o
       514          8          0          0          0      47622   fm33lg0xx_fl_can.o
       656         74          0          0          0      27923   fm33lg0xx_fl_cmu.o
         0          0          0          0          0      23832   fm33lg0xx_fl_comp.o
       770         62          0          0          0      45945   fm33lg0xx_fl_flash.o
       564         18          0          0          0      23199   fm33lg0xx_fl_gpio.o
      1374         32          0          0          0      58663   fm33lg0xx_fl_gptim.o
       196         18          0          0          0       4143   fm33lg0xx_fl_iwdt.o
       600         10          0          0          0      40446   fm33lg0xx_fl_lptim32.o
       752         36          0          0          0      39723   fm33lg0xx_fl_uart.o
       148         18          0          5          0      24406   gptim.o
       312         42          0          6          0       4043   idle.o
        24          4          0          0          0        412   idwt.o
      1028         18          0          1          0       6301   lcd.o
     13612        226          0         18         92       9035   lcd00_y094889vttfgs.o
       620         64          0         73          0      15971   lptim32.o
        88         10          0          0          0      13691   main.o
       272         20          0          0          0      73576   mf_config.o
        56         26        192          0       4096        708   startup_fm33lg0xx.o
       240         30          0          4          0        787   system_fm33lg0xx.o
      1150         98          0         15        120       5739   systemrunning.o
       302         24          0          4          0      32855   user_init.o

    ----------------------------------------------------------------------
     30348       1320        272        228       4816     702637   Object Totals
         0          0         32          0          0          0   (incl. Generated)
        14          0          0         10          4          0   (incl. Padding)

    ----------------------------------------------------------------------

      Code (inc. data)   RO Data    RW Data    ZI Data      Debug   Library Member Name

         8          0          0          0          0         68   __main.o
       108          0          0          0          0         76   __printf.o
         0          0          0          0          0          0   __rtentry.o
        12          0          0          0          0          0   __rtentry2.o
         6          0          0          0          0          0   __rtentry4.o
        60          8          0          0          0          0   __scatter.o
        26          0          0          0          0          0   __scatter_copy.o
        28          0          0          0          0          0   __scatter_zi.o
        48          6          0          0          0         88   _printf_char_common.o
        40          6          0          0          0         72   _printf_char_file.o
        10          0          0          0          0          0   _printf_d.o
       108         18          0          0          0         76   _printf_dec.o
        10          0          0          0          0          0   _printf_f.o
      1048         14          0          0          0        176   _printf_fp_dec.o
       136         16          0          0          0         76   _printf_fp_infnan.o
       176          0          0          0          0         84   _printf_intcommon.o
         2          0          0          0          0          0   _printf_percent.o
         4          0          0          0          0          0   _printf_percent_end.o
       346          0          0          0          0         92   aeabi_sdiv.o
       216          6        148          0          0         80   bigflt0.o
      1456         30          0          0          0        336   btod.o
        16          0          0          0          0         68   exit.o
         8          0          0          0          0         60   ferror.o
         6          0          0          0          0        136   heapauxi.o
        44         10         28          0          0         76   lc_numeric_c.o
         2          0          0          0          0          0   libinit.o
        18          0          0          0          0          0   libinit2.o
         2          0          0          0          0          0   libshutdown.o
         2          0          0          0          0          0   libshutdown2.o
         8          4          0          0         96         68   libspace.o
       122          0          0          0          0         72   lludiv10.o
        28          6          0          0          0         84   noretval__2printf.o
         8          4          0          0          0         68   rt_locale_intlibspace.o
        64          0          0          0          0        108   rt_memclr.o
         2          0          0          0          0          0   rtexit.o
        10          0          0          0          0          0   rtexit2.o
        40          0          0          0          0         60   rtudiv10.o
       136          4          0          0          0         72   strcmp.o
        62          0          0          0          0         80   sys_stackheap_outer.o
         2          0          0          0          0         68   use_no_semi.o
         2          0          0          0          0         68   use_no_semi_2.o
        46          0          0          0          0         60   cmpret.o
       124          4          0          0          0         72   d2f.o
       856         20          0          0          0        208   daddsub.o
       144          4          0          0          0         76   dcmpin.o
      1096         26        128          0          0        112   ddiv.o
        72          4          0          0          0         68   dfixui.o
        88          0          0          0          0         92   dflti.o
       100          4          0          0          0         92   dlef.o
       584         26          0          0          0         84   dmul.o
        20          6          0          0          0         68   dnan2.o
       104          4          0          0          0        104   drlef.o
        84          4          0          0          0         60   f2d.o
       348          8          0          0          0        160   faddsub.o
       100          4          0          0          0         68   fcmpin.o
       352         10         64          0          0         92   fdiv.o
        84          4          0          0          0         76   feqf.o
        94          0          0          0          0         92   fflti.o
        16          6          0          0          0         68   fnan2.o
        88          4          0          0          0         76   frlef.o
        16          4          0          0          0         76   printf1.o
        94          0          0          0          0         68   retnan.o
         0          0          0          0          0          0   usenofp.o
        44          4          0          0          0         60   fpclassify.o
       144          8          0          0          0         76   modf.o

    ----------------------------------------------------------------------
      9140        286        368          0        100       4320   Library Totals
        12          0          0          0          4          0   (incl. Padding)

    ----------------------------------------------------------------------

      Code (inc. data)   RO Data    RW Data    ZI Data      Debug   Library Name

      4430        132        176          0         96       2312   c_p.l
      4510        142        192          0          0       1872   fz_ps.l
       188         12          0          0          0        136   m_ps.l

    ----------------------------------------------------------------------
      9140        286        368          0        100       4320   Library Totals

    ----------------------------------------------------------------------

==============================================================================


      Code (inc. data)   RO Data    RW Data    ZI Data      Debug   

     39488       1606        640        228       4916     698285   Grand Totals
     39488       1606        640        228       4916     698285   ELF Image Totals
     39488       1606        640        228          0          0   ROM Totals

==============================================================================

    Total RO  Size (Code + RO Data)                40128 (  39.19kB)
    Total RW  Size (RW Data + ZI Data)              5144 (   5.02kB)
    Total ROM Size (Code + RO Data + RW Data)      40356 (  39.41kB)

==============================================================================

